******************************************************************************
            TI ARM Clang Linker PC v3.2.0                      
******************************************************************************
>> Linked Mon Feb  5 17:12:00 2024

OUTPUT FILE NAME:   <gpiointerrupt_CC3220S_LAUNCHXL_nortos_ticlang.out>
ENTRY POINT SYMBOL: "resetISR"  address: 2000ed2d


MEMORY CONFIGURATION

         name            origin    length      used     unused   attr    fill
----------------------  --------  ---------  --------  --------  ----  --------
  SRAM2                 20000000   00004000  0000130c  00002cf4  RW X
  SRAM                  20004000   0003c000  0000bf05  000300fb  RW X
  LOG_DATA              90000000   00040000  00000000  00040000  R   
  LOG_PTR               94000008   00040000  00000000  00040000  R   


SEGMENT ALLOCATION MAP

run origin  load origin   length   init length attrs members
----------  ----------- ---------- ----------- ----- -------
20003000    20003000    00001000   00000000    rw-
  20003000    20003000    00001000   00000000    rw- .stack
20004000    20004000    00000040   00000040    r--
  20004000    20004000    00000040   00000040    r-- .resetVecs
20004040    20004040    00008000   00000000    rw-
  20004040    20004040    00008000   00000000    rw- .sysmem
2000c040    2000c040    000030cc   000030cc    r-x
  2000c040    2000c040    000030cc   000030cc    r-x .text
2000f110    2000f110    00000681   00000000    rw-
  2000f110    2000f110    00000681   00000000    rw- .data
2000f794    2000f794    000003ac   000003ac    r--
  2000f794    2000f794    000003ac   000003ac    r-- .rodata
2000fb40    2000fb40    000002d4   00000000    rw-
  2000fb40    2000fb40    000002d4   00000000    rw- .bss
2000fe14    2000fe14    000000f8   000000f8    r--
  2000fe14    2000fe14    000000f8   000000f8    r-- .cinit


SECTION ALLOCATION MAP

 output                                  attributes/
section   page    origin      length       input sections
--------  ----  ----------  ----------   ----------------
.text      0    2000c040    000030cc     
                  2000c040    000004b8     driverlib.a : prcm.obj (.text.PRCMCC3200MCUInit)
                  2000c4f8    000003e4     drivers_cc32xx.a : PowerCC32XX.c.obj (.text.Power_sleep)
                  2000c8dc    00000150     nortos_cc32xx.a : PowerCC32XX_nortos.c.obj (.text.PowerCC32XX_sleepPolicy)
                  2000ca2c    00000148     drivers_cc32xx.a : TimerCC32XX.c.obj (.text.Timer_open)
                  2000cb74    00000140                      : GPIOCC32XX.c.obj (.text.GPIO_setConfig)
                  2000ccb4    00000120     libc.a : memory.c.obj (.text.aligned_alloc)
                  2000cdd4    000000f0            : memory.c.obj (.text.free)
                  2000cec4    000000c8     driverlib.a : interrupt.obj (.text.IntDisable)
                  2000cf8c    000000c8                 : interrupt.obj (.text.IntEnable)
                  2000d054    000000b0     libclang_rt.builtins.a : udivmoddi4.S.obj (.text)
                  2000d104    000000ac     driverlib.a : gpio.obj (.text.GPIOIntTypeSet)
                  2000d1b0    000000a4                 : interrupt.obj (.text.IntPendSet)
                  2000d254    000000a2                 : pin.obj (.text.PinConfigSet)
                  2000d2f6    00000002     ti_drivers_config.o (.text.Board_initHook)
                  2000d2f8    00000098     nortos_cc32xx.a : SemaphoreP_nortos.c.obj (.text.SemaphoreP_pend)
                  2000d390    00000096     drivers_cc32xx.a : PowerCC32XX_ticlang.asm.obj (.text)
                  2000d426    00000002     nortos_cc32xx.a : PowerCC32XX_nortos.c.obj (.text.PowerCC32XX_initPolicy)
                  2000d428    00000090     drivers_cc32xx.a : GPIOCC32XX.c.obj (.text.GPIO_init)
                  2000d4b8    0000008e     driverlib.a : prcm.obj (.text.PRCMSysResetCauseGet)
                  2000d546    00000002     nortos_cc32xx.a : SemaphoreP_nortos.c.obj (.text.SemaphoreP_destruct)
                  2000d548    00000088     drivers_cc32xx.a : PowerCC32XX.c.obj (.text.PowerCC32XX_configureWakeup)
                  2000d5d0    00000078                      : PowerCC32XX.c.obj (.text.Power_init)
                  2000d648    00000074     nortos_cc32xx.a : HwiPCC32XX_nortos.c.obj (.text.HwiP_construct)
                  2000d6bc    00000074     driverlib.a : prcm.obj (.text.PRCMHibernateWakeUpGPIOSelect)
                  2000d730    00000070     libc.a : copy_decompress_lzss.c.obj (.text:decompress:lzss)
                  2000d7a0    0000006c     driverlib.a : pin.obj (.text.PinLockLevelSet)
                  2000d80c    0000006c     drivers_cc32xx.a : PowerCC32XX.c.obj (.text.Power_setDependency)
                  2000d878    0000006c                      : GPIOCC32XX.c.obj (.text.powerNotifyFxn)
                  2000d8e4    0000006c     libc.a : memory.c.obj (.text.split)
                  2000d950    0000006a     driverlib.a : prcm.obj (.text.PRCMPeripheralReset)
                  2000d9ba    00000068                 : interrupt.obj (.text.IntPendClear)
                  2000da22    00000002     drivers_cc32xx.a : Timer.c.obj (.text.Timer_init)
                  2000da24    00000060                      : GPIOCC32XX.c.obj (.text.GPIO_write)
                  2000da84    00000060     gpiointerrupt.o (.text.mainThread)
                  2000dae4    0000005c     driverlib.a : flash.obj (.text.FlashDisable)
                  2000db40    0000005c                 : prcm.obj (.text.PRCMHibernateWakeupSourceDisable)
                  2000db9c    0000005c     drivers_cc32xx.a : TimerCC32XX.c.obj (.text.TimerCC32XX_allocateTimerResource)
                  2000dbf8    0000005a     driverlib.a : prcm.obj (.text.PRCMPeripheralClkEnable)
                  2000dc52    00000002     libclang_rt.builtins.a : aeabi_div0.c.obj (.text.__aeabi_ldiv0)
                  2000dc54    00000058     nortos_cc32xx.a : ClockPSysTick_nortos.c.obj (.text.ClockP_startup)
                  2000dcac    00000058     driverlib.a : interrupt.obj (.text.IntPrioritySet)
                  2000dd04    00000056                 : prcm.obj (.text.PRCMLPDSEnter)
                  2000dd5a    00000002     libc.a : _lock.c.obj (.text._nop)
                  2000dd5c    00000054     drivers_cc32xx.a : GPIOCC32XX.c.obj (.text.GPIO_toggle)
                  2000ddb0    00000054                      : PowerCC32XX.c.obj (.text.PowerCC32XX_setParkState)
                  2000de04    00000054                      : PowerCC32XX.c.obj (.text.Power_releaseDependency)
                  2000de58    00000050                      : GPIOCC32XX.c.obj (.text.GPIO_hwiIntFxn)
                  2000dea8    00000050     driverlib.a : prcm.obj (.text.PRCMHibernateWakeupSourceEnable)
                  2000def8    00000050     nortos_cc32xx.a : SemaphoreP_nortos.c.obj (.text.SemaphoreP_construct)
                  2000df48    0000004c     drivers_cc32xx.a : GPIOCC32XX.c.obj (.text.GPIO_setInterruptConfig)
                  2000df94    0000004c     driverlib.a : prcm.obj (.text.PRCMLPDSRestoreInfoSet)
                  2000dfe0    0000004c     drivers_cc32xx.a : TimerCC32XX.c.obj (.text.initHw)
                  2000e02c    0000004a                      : TimerCC32XX.c.obj (.text.getPrescaler)
                  2000e076    00000002     nortos_cc32xx.a : startup_cc32xx_ticlang.c.obj (.text.busFaultHandler)
                  2000e078    00000048                     : ClockPSysTick_nortos.c.obj (.text.ClockP_sysTickHandler)
                  2000e0c0    00000048     driverlib.a : prcm.obj (.text.PRCMIntEnable)
                  2000e108    00000048                 : prcm.obj (.text.PRCMPeripheralStatusGet)
                  2000e150    00000048                 : pin.obj (.text.PinConfigGet)
                  2000e198    00000046                 : prcm.obj (.text.PRCMLPDSEnterKeepDebugIf)
                  2000e1de    00000044                 : gpio.obj (.text.GPIODirModeSet)
                  2000e222    00000002     nortos_cc32xx.a : SemaphoreP_nortos.c.obj (.text.clkFxn)
                  2000e224    00000044     drivers_cc32xx.a : GPIOCC32XX.c.obj (.text.GPIO_disableInt)
                  2000e268    00000044                      : GPIOCC32XX.c.obj (.text.GPIO_enableInt)
                  2000e2ac    00000044                      : PowerCC32XX.c.obj (.text.Power_releaseConstraint)
                  2000e2f0    00000044                      : Timer.c.obj (.text.Timer_start)
                  2000e334    00000044     nortos_cc32xx.a : ClockPSysTick_nortos.c.obj (.text.addToList)
                  2000e378    00000042     driverlib.a : pin.obj (.text.PinModeSet)
                  2000e3ba    00000042                 : timer.obj (.text.TimerControlStall)
                  2000e3fc    00000042     drivers_cc32xx.a : TimerCC32XX.c.obj (.text.Timer_close)
                  2000e43e    00000042     nortos_cc32xx.a : PowerCC32XX_nortos.c.obj (.text.getCountsRTC)
                  2000e480    00000040                     : SemaphoreP_nortos.c.obj (.text.SemaphoreP_post)
                  2000e4c0    00000040     drivers_cc32xx.a : Timer.c.obj (.text.Timer_stop)
                  2000e500    0000003e     driverlib.a : pin.obj (.text.PinDirModeSet)
                  2000e53e    00000002     nortos_cc32xx.a : startup_cc32xx_ticlang.c.obj (.text.defaultHandler)
                  2000e540    0000003c                     : ClockPSysTick_nortos.c.obj (.text.ClockP_stop)
                  2000e57c    0000003c     gpiointerrupt.o (.text.initTimer)
                  2000e5b8    0000003a     drivers_cc32xx.a : TimerCC32XX.c.obj (.text.TimerSupport_timerEnable)
                  2000e5f2    00000002     nortos_cc32xx.a : startup_cc32xx_ticlang.c.obj (.text.faultISR)
                  2000e5f4    00000038                     : ClockPSysTick_nortos.c.obj (.text.ClockP_destruct)
                  2000e62c    00000038     drivers_cc32xx.a : PowerCC32XX.c.obj (.text.Power_setConstraint)
                  2000e664    00000038     nortos_cc32xx.a : SwiP_nortos.c.obj (.text.SwiP_restore)
                  2000e69c    00000038     libc.a : autoinit.c.obj (.text:__TI_auto_init_nobinit_nopinit)
                  2000e6d4    00000036     driverlib.a : pin.obj (.text.PinLock)
                  2000e70a    00000036     drivers_cc32xx.a : TimerCC32XX.c.obj (.text.TimerCC32XX_hwiIntFunction)
                  2000e740    00000034     nortos_cc32xx.a : ClockPSysTick_nortos.c.obj (.text.ClockP_start)
                  2000e774    00000034     driverlib.a : pin.obj (.text.PinDirModeGet)
                  2000e7a8    00000034                 : pin.obj (.text.PinModeGet)
                  2000e7dc    00000034     drivers_cc32xx.a : PowerCC32XX.c.obj (.text.PowerCC32XX_parkPin)
                  2000e810    00000034                      : TimerCC32XX.c.obj (.text.TimerCC32XX_freeTimerResource)
                  2000e844    00000034     nortos_cc32xx.a : startup_cc32xx_ticlang.c.obj (.text.initVectors)
                  2000e878    00000030                     : ClockPSysTick_nortos.c.obj (.text.ClockP_getTicksUntilInterrupt)
                  2000e8a8    00000030     driverlib.a : prcm.obj (.text.PRCMLPDSIntervalSet)
                  2000e8d8    00000030                 : prcm.obj (.text.PRCMSlowClkCtrFastGet)
                  2000e908    00000030                 : timer.obj (.text.TimerLoadSet)
                  2000e938    00000030                 : timer.obj (.text.TimerPrescaleSet)
                  2000e968    00000030     drivers_cc32xx.a : PowerCC32XX.c.obj (.text.notify)
                  2000e998    0000002e     driverlib.a : gpio.obj (.text.GPIOIntStatus)
                  2000e9c6    0000002a     nortos_cc32xx.a : HwiPCC32XX_nortos.c.obj (.text.HwiP_create)
                  2000e9f0    0000002a     driverlib.a : prcm.obj (.text.PRCMLPDSWakeUpGPIOSelect)
                  2000ea1a    0000002a                 : prcm.obj (.text.PRCMPeripheralClkDisable)
                  2000ea44    00000028     drivers_cc32xx.a : List.c.obj (.text.List_remove)
                  2000ea6c    00000028     driverlib.a : prcm.obj (.text.PRCMSRAMRetentionEnable)
                  2000ea94    00000028     drivers_cc32xx.a : TimerCC32XX.c.obj (.text.TimerSupport_timerDisable)
                  2000eabc    00000028     libc.a : memory.c.obj (.text.free_list_insert)
                  2000eae4    00000024     driverlib.a : interrupt.obj (.text.IntUnregister)
                  2000eb08    00000024     drivers_cc32xx.a : List.c.obj (.text.List_put)
                  2000eb2c    00000024     driverlib.a : prcm.obj (.text.PRCMLPDSWakeupSourceEnable)
                  2000eb50    00000024     drivers_cc32xx.a : PowerCC32XX.c.obj (.text.PowerCC32XX_restoreParkedPin)
                  2000eb74    00000024                      : PowerCC32XX.c.obj (.text.Power_registerNotify)
                  2000eb98    00000024     libc.a : boot_cortex_m.c.obj (.text:_c_int00_noargs)
                  2000ebbc    00000022     driverlib.a : gpio.obj (.text.GPIOPinWrite)
                  2000ebde    00000022                 : pin.obj (.text.PinUnlock)
                  2000ec00    00000020                 : interrupt.obj (.text.IntRegister)
                  2000ec20    00000020     drivers_cc32xx.a : PowerCC32XX.c.obj (.text.Power_unregisterNotify)
                  2000ec40    00000020     nortos_cc32xx.a : SemaphoreP_nortos.c.obj (.text.SemaphoreP_constructBinary)
                  2000ec60    00000020                     : SemaphoreP_nortos.c.obj (.text.SemaphoreP_createBinary)
                  2000ec80    00000020     driverlib.a : timer.obj (.text.TimerDisable)
                  2000eca0    0000001c     drivers_cc32xx.a : GPIO.c.obj (.text.GPIO_setCallback)
                  2000ecbc    0000001c     nortos_cc32xx.a : HwiPCC32XX_nortos.c.obj (.text.HwiP_dispatch)
                  2000ecd8    0000001c                     : SwiP_nortos.c.obj (.text.SwiP_disable)
                  2000ecf4    0000001c     libc.a : memory.c.obj (.text.free_list_remove)
                  2000ed10    0000001c     drivers_cc32xx.a : TimerCC32XX.c.obj (.text.getPowerMgrId)
                  2000ed2c    0000001c     nortos_cc32xx.a : startup_cc32xx_ticlang.c.obj (.text.resetISR)
                  2000ed48    0000001a     driverlib.a : gpio.obj (.text.GPIOIntDisable)
                  2000ed62    0000001a                 : prcm.obj (.text.PRCMHIBRegRead)
                  2000ed7c    0000001a                 : prcm.obj (.text.PRCMHIBRegWrite)
                  2000ed96    0000001a                 : prcm.obj (.text.PRCMLPDSWakeupSourceDisable)
                  2000edb0    0000001a                 : pin.obj (.text.PinToPadGet)
                  2000edca    0000001a                 : timer.obj (.text.TimerEnable)
                  2000ede4    00000018                 : gpio.obj (.text.GPIOIntEnable)
                  2000edfc    00000018                 : gpio.obj (.text.GPIOPinRead)
                  2000ee14    00000018     nortos_cc32xx.a : SemaphoreP_nortos.c.obj (.text.SemaphoreP_create)
                  2000ee2c    00000016     ti_drivers_config.o (.text.Board_init)
                  2000ee42    00000016     driverlib.a : systick.obj (.text.SysTickPeriodSet)
                  2000ee58    00000016                 : timer.obj (.text.TimerIntDisable)
                  2000ee6e    00000014                 : cpu.obj (.text.CPUcpsid)
                  2000ee82    00000014                 : cpu.obj (.text.CPUcpsie)
                  2000ee96    00000014     nortos_cc32xx.a : HwiPCC32XX_nortos.c.obj (.text.HwiP_destruct)
                  2000eeaa    00000014     driverlib.a : interrupt.obj (.text.IntVTableBaseSet)
                  2000eebe    00000002     nortos_cc32xx.a : startup_cc32xx_ticlang.c.obj (.text.nmiISR)
                  2000eec0    00000014     drivers_cc32xx.a : PowerCC32XX.c.obj (.text.Power_disablePolicy)
                  2000eed4    00000014                      : PowerCC32XX.c.obj (.text.Power_getTransitionLatency)
                  2000eee8    00000014                      : PowerCC32XX.c.obj (.text.Power_idleFunc)
                  2000eefc    00000014     driverlib.a : timer.obj (.text.TimerIntEnable)
                  2000ef10    00000014     libclang_rt.builtins.a : aeabi_uldivmod.S.obj (.text.__aeabi_uldivmod)
                  2000ef24    00000012     nortos_cc32xx.a : ClockPSysTick_nortos.c.obj (.text.ClockP_add)
                  2000ef36    00000012     driverlib.a : gpio.obj (.text.GPIOIntClear)
                  2000ef48    00000012     nortos_cc32xx.a : HwiPCC32XX_nortos.c.obj (.text.HwiP_Params_init)
                  2000ef5a    00000012                     : HwiPCC32XX_nortos.c.obj (.text.HwiP_delete)
                  2000ef6c    00000012     driverlib.a : systick.obj (.text.SysTickEnable)
                  2000ef7e    00000012                 : systick.obj (.text.SysTickIntDisable)
                  2000ef90    00000012                 : systick.obj (.text.SysTickIntEnable)
                  2000efa2    00000012     gpiointerrupt.o (.text.gpioButtonFxn1)
                  2000efb4    00000012     libc.a : memcpy_t2.S.obj (.text:TI_memcpy_small)
                  2000efc6    00000012            : copy_zero_init.c.obj (.text:decompress:ZI:__TI_zero_init_nomemset)
                  2000efd8    00000010     nortos_cc32xx.a : ClockPSysTick_nortos.c.obj (.text.ClockP_getCpuFreq)
                  2000efe8    00000010                     : ClockPSysTick_nortos.c.obj (.text.ClockP_getSystemTicks)
                  2000eff8    00000010                     : ClockPSysTick_nortos.c.obj (.text.ClockP_setTicks)
                  2000f008    00000010                     : HwiPCC32XX_nortos.c.obj (.text.HwiP_inISR)
                  2000f018    00000010     drivers_cc32xx.a : PowerCC32XX.c.obj (.text.Power_enablePolicy)
                  2000f028    00000010     driverlib.a : timer.obj (.text.TimerIntClear)
                  2000f038    00000010     drivers_cc32xx.a : Timer.c.obj (.text.Timer_Params_init)
                  2000f048    00000010     main_nortos.o (.text.main)
                  2000f058    0000000e     libc.a : copy_decompress_none.c.obj (.text:decompress:none)
                  2000f066    0000000c     driverlib.a : cpu.obj (.text.CPUwfi)
                  2000f072    0000000c                 : prcm.obj (.text.PRCMLPDSWakeupCauseGet)
                  2000f07e    00000002     gpiointerrupt.o (.text.timerCallback)
                  2000f080    0000000c     drivers_cc32xx.a : PowerCC32XX.c.obj (.text.Power_getConstraintMask)
                  2000f08c    0000000c                      : TimerCC32XX.c.obj (.text.postNotifyFxn)
                  2000f098    0000000a     nortos_cc32xx.a : ClockPSysTick_nortos.c.obj (.text.ClockP_isActive)
                  2000f0a2    0000000a     driverlib.a : interrupt.obj (.text.IntMasterDisable)
                  2000f0ac    0000000a                 : interrupt.obj (.text.IntMasterEnable)
                  2000f0b6    00000008     nortos_cc32xx.a : HwiPCC32XX_nortos.c.obj (.text.HwiP_disable)
                  2000f0be    00000008                     : HwiPCC32XX_nortos.c.obj (.text.HwiP_restore)
                  2000f0c6    00000008     driverlib.a : prcm.obj (.text.PRCMSleepEnter)
                  2000f0ce    00000008                 : utils.obj (.text.UtilsDelay)
                  2000f0d6    00000008     libc.a : memory.c.obj (.text.malloc)
                  2000f0de    00000006     gpiointerrupt.o (.text.gpioButtonFxn0)
                  2000f0e4    00000004     nortos_cc32xx.a : ClockPSysTick_nortos.c.obj (.text.ClockP_doTick)
                  2000f0e8    00000004                     : HwiPCC32XX_nortos.c.obj (.text.HwiP_clearInterrupt)
                  2000f0ec    00000004                     : HwiPCC32XX_nortos.c.obj (.text.HwiP_enable)
                  2000f0f0    00000004                     : HwiPCC32XX_nortos.c.obj (.text.HwiP_post)
                  2000f0f4    00000004     driverlib.a : interrupt.obj (.text.IntDefaultHandler)
                  2000f0f8    00000004     nortos_cc32xx.a : NoRTOS.c.obj (.text.NoRTOS_start)
                  2000f0fc    00000004                     : SemaphoreP_nortos.c.obj (.text.SemaphoreP_delete)
                  2000f100    00000004     libclang_rt.builtins.a : aeabi_memcpy.S.obj (.text.__aeabi_memcpy)
                  2000f104    00000004     libc.a : pre_init.c.obj (.text._system_pre_init)
                  2000f108    00000004            : exit.c.obj (.text:abort)

.ramVecs   0    20000000    0000030c     NOLOAD SECTION
                  20000000    0000030c     nortos_cc32xx.a : startup_cc32xx_ticlang.c.obj (.ramVecs)

.stack     0    20003000    00001000     UNINITIALIZED
                  20003000    00000004     libc.a : boot_cortex_m.c.obj (.stack)
                  20003004    00000ffc     --HOLE--

.resetVecs 
*          0    20004000    00000040     
                  20004000    00000040     nortos_cc32xx.a : startup_cc32xx_ticlang.c.obj (.resetVecs)

.sysmem    0    20004040    00008000     UNINITIALIZED
                  20004040    00000010     libc.a : memory.c.obj (.sysmem)
                  20004050    00007ff0     --HOLE--

.rodata    0    2000f794    000003ac     
                  2000f794    00000100     driverlib.a : pin.obj (.rodata.g_ulPinToPadMap)
                  2000f894    000000d4                 : interrupt.obj (.rodata.g_pulRegs)
                  2000f968    000000a8                 : prcm.obj (.rodata.PRCM_PeriphRegsList)
                  2000fa10    00000044     ti_drivers_config.o (.rodata.PowerCC32XX_config)
                  2000fa54    00000028     drivers_cc32xx.a : GPIOCC32XX.c.obj (.rodata.portConfigs)
                  2000fa7c    00000021                      : GPIOCC32XX.c.obj (.rodata.pinTable)
                  2000fa9d    00000001     ti_drivers_config.o (.rodata.GPIO_pinUpperBound)
                  2000fa9e    00000001     ti_drivers_config.o (.rodata.Timer_count)
                  2000fa9f    00000001     --HOLE-- [fill = 0]
                  2000faa0    00000018     driverlib.a : interrupt.obj (.rodata.g_pulDisRegs)
                  2000fab8    00000018                 : interrupt.obj (.rodata.g_pulEnRegs)
                  2000fad0    00000018                 : interrupt.obj (.rodata.g_pulPendRegs)
                  2000fae8    00000018                 : interrupt.obj (.rodata.g_pulUnpendRegs)
                  2000fb00    00000010     ti_drivers_config.o (.rodata.GPIO_config)
                  2000fb10    00000010     ti_drivers_config.o (.rodata.timerCC32XXHWAttrs)
                  2000fb20    0000000c     drivers_cc32xx.a : Timer.c.obj (.rodata.defaultParams)
                  2000fb2c    0000000c                      : TimerCC32XX.c.obj (.rodata.defaultParams)
                  2000fb38    00000008     ti_drivers_config.o (.rodata.Timer_config)

.cinit     0    2000fe14    000000f8     
                  2000fe14    000000d2     (.cinit..data.load) [load image, compression = lzss]
                  2000fee6    00000002     --HOLE-- [fill = 0]
                  2000fee8    0000000c     (__TI_handler_table)
                  2000fef4    00000008     (.cinit..bss.load) [load image, compression = zero_init]
                  2000fefc    00000010     (__TI_cinit_table)

.init_array 
*          0    20004000    00000000     UNINITIALIZED

.data      0    2000f110    00000681     UNINITIALIZED
                  2000f110    0000030c     nortos_cc32xx.a : HwiPCC32XX_nortos.c.obj (.data.HwiP_dispatchTable)
                  2000f41c    0000016c     drivers_cc32xx.a : PowerCC32XX.c.obj (.data.PowerCC32XX_module)
                  2000f588    000000f8     ti_drivers_config.o (.data.parkInfo)
                  2000f680    00000084     ti_drivers_config.o (.data.gpioPinConfigs)
                  2000f704    0000004c     nortos_cc32xx.a : SwiP_nortos.c.obj (.data..L_MergedGlobals)
                  2000f750    00000018     drivers_cc32xx.a : GPIOCC32XX.c.obj (.data..L_MergedGlobals)
                  2000f768    00000010     nortos_cc32xx.a : SemaphoreP_nortos.c.obj (.data..L_MergedGlobals)
                  2000f778    00000008                     : ClockPSysTick_nortos.c.obj (.data..L_MergedGlobals)
                  2000f780    00000004                     : HwiPCC32XX_nortos.c.obj (.data.HwiP_swiPIntNum)
                  2000f784    00000004     libc.a : _lock.c.obj (.data._lock)
                  2000f788    00000004            : _lock.c.obj (.data._unlock)
                  2000f78c    00000001     drivers_cc32xx.a : GPIOCC32XX.c.obj (.data.initCalled)
                  2000f78d    00000001                      : GPIOCC32XX.c.obj (.data.portHwiCreatedBitMask)
                  2000f78e    00000002     --HOLE--
                  2000f790    00000001     libc.a : memory.c.obj (.data.memory_is_initialized)

.bss       0    2000fb40    000002d4     UNINITIALIZED
                  2000fb40    0000012c     (.common:PowerCC32XX_contextSave)
                  2000fc6c    00000084     (.common:gpioCallbackFunctions)
                  2000fcf0    00000084     (.common:gpioUserArgs)
                  2000fd74    00000084     (.common:timerCC32XXObjects)
                  2000fdf8    00000010     (.common:ClockP_ctrl)
                  2000fe08    00000004     nortos_cc32xx.a : ClockPSysTick_nortos.c.obj (.bss.sysTickPeriod)
                  2000fe0c    00000004     libc.a : memory.c.obj (.bss.sys_free)
                  2000fe10    00000004     drivers_cc32xx.a : TimerCC32XX.c.obj (.bss.timerState.0)

.log_data 
*          0    90000000    00000000     COPY SECTION

.log_ptr   0    94000008    00000000     COPY SECTION

__llvm_prf_cnts 
*          0    20004000    00000000     UNINITIALIZED

__llvm_prf_bits 
*          0    20004000    00000000     UNINITIALIZED

MODULE SUMMARY

       Module                         code    ro data   rw data
       ------                         ----    -------   -------
    .\
       gpiointerrupt.o                182     0         0      
       main_nortos.o                  16      0         0      
    +--+------------------------------+-------+---------+---------+
       Total:                         198     0         0      
                                                               
    .\syscfg\
       ti_drivers_config.o            24      110       776    
    +--+------------------------------+-------+---------+---------+
       Total:                         24      110       776    
                                                               
    C:/ti/simplelink_cc32xx_sdk_7_10_00_13/kernel/nortos/lib/ticlang/m4/nortos_cc32xx.a
       HwiPCC32XX_nortos.c.obj        286     0         784    
       startup_cc32xx_ticlang.c.obj   88      64        780    
       ClockPSysTick_nortos.c.obj     524     0         28     
       SemaphoreP_nortos.c.obj        392     0         16     
       PowerCC32XX_nortos.c.obj       404     0         0      
       SwiP_nortos.c.obj              84      0         76     
       NoRTOS.c.obj                   4       0         0      
    +--+------------------------------+-------+---------+---------+
       Total:                         1782    64        1684   
                                                               
    C:/ti/simplelink_cc32xx_sdk_7_10_00_13/source/ti/devices/cc32xx/driverlib/ticlang/Release/driverlib.a
       prcm.obj                       2564    168       0      
       interrupt.obj                  868     308       0      
       pin.obj                        688     256       0      
       gpio.obj                       412     0         0      
       timer.obj                      278     0         0      
       flash.obj                      92      0         0      
       systick.obj                    76      0         0      
       cpu.obj                        52      0         0      
       utils.obj                      8       0         0      
    +--+------------------------------+-------+---------+---------+
       Total:                         5038    732       0      
                                                               
    C:/ti/simplelink_cc32xx_sdk_7_10_00_13/source/ti/drivers/lib/ticlang/m4/drivers_cc32xx.a
       PowerCC32XX.c.obj              1944    0         664    
       GPIOCC32XX.c.obj               1044    73        26     
       TimerCC32XX.c.obj              880     12        4      
       Timer.c.obj                    150     12        0      
       PowerCC32XX_ticlang.asm.obj    150     0         0      
       List.c.obj                     76      0         0      
       GPIO.c.obj                     28      0         0      
    +--+------------------------------+-------+---------+---------+
       Total:                         4272    97        694    
                                                               
    D:\ti\ccs-2\ccs\tools\compiler\ti-cgt-armllvm_3.2.0.LTS\lib\armv7em-ti-none-eabi/c/libc.a
       memory.c.obj                   712     0         5      
       copy_decompress_lzss.c.obj     112     0         0      
       autoinit.c.obj                 56      0         0      
       boot_cortex_m.c.obj            36      0         0      
       copy_zero_init.c.obj           18      0         0      
       memcpy_t2.S.obj                18      0         0      
       copy_decompress_none.c.obj     14      0         0      
       _lock.c.obj                    2       0         8      
       exit.c.obj                     4       0         0      
       pre_init.c.obj                 4       0         0      
    +--+------------------------------+-------+---------+---------+
       Total:                         976     0         13     
                                                               
    D:\ti\ccs-2\ccs\tools\compiler\ti-cgt-armllvm_3.2.0.LTS\lib\clang/15.0.7/lib/armv7em-ti-none-eabi/libclang_rt.builtins.a
       udivmoddi4.S.obj               176     0         0      
       aeabi_uldivmod.S.obj           20      0         0      
       aeabi_memcpy.S.obj             4       0         0      
       aeabi_div0.c.obj               2       0         0      
    +--+------------------------------+-------+---------+---------+
       Total:                         202     0         0      
                                                               
       Heap:                          0       0         32768  
       Stack:                         0       0         4096   
       Linker Generated:              0       246       0      
    +--+------------------------------+-------+---------+---------+
       Grand Total:                   12492   1249      40031  


LINKER GENERATED COPY TABLES

__TI_cinit_table @ 2000fefc records: 2, size/record: 8, table size: 16
	.data: load addr=2000fe14, load size=000000d2 bytes, run addr=2000f110, run size=00000681 bytes, compression=lzss
	.bss: load addr=2000fef4, load size=00000008 bytes, run addr=2000fb40, run size=000002d4 bytes, compression=zero_init


LINKER GENERATED HANDLER TABLE

__TI_handler_table @ 2000fee8 records: 3, size/record: 4, table size: 12
	index: 0, handler: __TI_decompress_lzss
	index: 1, handler: __TI_decompress_none
	index: 2, handler: __TI_zero_init


GLOBAL SYMBOLS: SORTED ALPHABETICALLY BY Name 

address   name                             
-------   ----                             
2000ee2d  Board_init                       
2000d2f7  Board_initHook                   
2000f108  C$$EXIT                          
2000ee6f  CPUcpsid                         
2000ee83  CPUcpsie                         
2000f067  CPUwfi                           
2000ef25  ClockP_add                       
2000fdf8  ClockP_ctrl                      
2000e5f5  ClockP_destruct                  
2000f0e5  ClockP_doTick                    
2000efd9  ClockP_getCpuFreq                
2000efe9  ClockP_getSystemTicks            
2000e879  ClockP_getTicksUntilInterrupt    
2000f099  ClockP_isActive                  
2000eff9  ClockP_setTicks                  
2000e741  ClockP_start                     
2000dc55  ClockP_startup                   
2000e541  ClockP_stop                      
2000e079  ClockP_sysTickHandler            
2000f77c  ClockP_tickPeriod                
2000dae5  FlashDisable                     
2000e1df  GPIODirModeSet                   
2000ef37  GPIOIntClear                     
2000ed49  GPIOIntDisable                   
2000ede5  GPIOIntEnable                    
2000e999  GPIOIntStatus                    
2000d105  GPIOIntTypeSet                   
2000edfd  GPIOPinRead                      
2000ebbd  GPIOPinWrite                     
2000fb00  GPIO_config                      
2000e225  GPIO_disableInt                  
2000e269  GPIO_enableInt                   
2000de59  GPIO_hwiIntFxn                   
2000d429  GPIO_init                        
2000fa9d  GPIO_pinUpperBound               
2000eca1  GPIO_setCallback                 
2000cb75  GPIO_setConfig                   
2000df49  GPIO_setInterruptConfig          
2000dd5d  GPIO_toggle                      
2000da25  GPIO_write                       
2000ef49  HwiP_Params_init                 
2000f0e9  HwiP_clearInterrupt              
2000d649  HwiP_construct                   
2000e9c7  HwiP_create                      
2000ef5b  HwiP_delete                      
2000ee97  HwiP_destruct                    
2000f0b7  HwiP_disable                     
2000ecbd  HwiP_dispatch                    
2000f0ed  HwiP_enable                      
2000f009  HwiP_inISR                       
2000f0f1  HwiP_post                        
2000f0bf  HwiP_restore                     
2000f780  HwiP_swiPIntNum                  
UNDEFED   ITM_flush                        
UNDEFED   ITM_restore                      
2000cec5  IntDisable                       
2000cf8d  IntEnable                        
2000f0a3  IntMasterDisable                 
2000f0ad  IntMasterEnable                  
2000d9bb  IntPendClear                     
2000d1b1  IntPendSet                       
2000dcad  IntPrioritySet                   
2000ec01  IntRegister                      
2000eae5  IntUnregister                    
2000eeab  IntVTableBaseSet                 
2000eb09  List_put                         
2000ea45  List_remove                      
2000f0f9  NoRTOS_start                     
2000c041  PRCMCC3200MCUInit                
2000ed63  PRCMHIBRegRead                   
2000ed7d  PRCMHIBRegWrite                  
2000d6bd  PRCMHibernateWakeUpGPIOSelect    
2000db41  PRCMHibernateWakeupSourceDisable 
2000dea9  PRCMHibernateWakeupSourceEnable  
2000e0c1  PRCMIntEnable                    
2000dd05  PRCMLPDSEnter                    
2000e199  PRCMLPDSEnterKeepDebugIf         
2000e8a9  PRCMLPDSIntervalSet              
2000df95  PRCMLPDSRestoreInfoSet           
2000e9f1  PRCMLPDSWakeUpGPIOSelect         
2000f073  PRCMLPDSWakeupCauseGet           
2000ed97  PRCMLPDSWakeupSourceDisable      
2000eb2d  PRCMLPDSWakeupSourceEnable       
2000ea1b  PRCMPeripheralClkDisable         
2000dbf9  PRCMPeripheralClkEnable          
2000d951  PRCMPeripheralReset              
2000e109  PRCMPeripheralStatusGet          
2000ea6d  PRCMSRAMRetentionEnable          
2000f0c7  PRCMSleepEnter                   
2000e8d9  PRCMSlowClkCtrFastGet            
2000d4b9  PRCMSysResetCauseGet             
2000e151  PinConfigGet                     
2000d255  PinConfigSet                     
2000e775  PinDirModeGet                    
2000e501  PinDirModeSet                    
2000e6d5  PinLock                          
2000d7a1  PinLockLevelSet                  
2000e7a9  PinModeGet                       
2000e379  PinModeSet                       
2000edb1  PinToPadGet                      
2000ebdf  PinUnlock                        
2000fa10  PowerCC32XX_config               
2000d549  PowerCC32XX_configureWakeup      
2000fb40  PowerCC32XX_contextSave          
2000d391  PowerCC32XX_enterLPDS            
2000d427  PowerCC32XX_initPolicy           
2000f41c  PowerCC32XX_module               
2000e7dd  PowerCC32XX_parkPin              
2000eb51  PowerCC32XX_restoreParkedPin     
2000d3d5  PowerCC32XX_resumeLPDS           
2000ddb1  PowerCC32XX_setParkState         
2000c8dd  PowerCC32XX_sleepPolicy          
2000eec1  Power_disablePolicy              
2000f019  Power_enablePolicy               
2000f081  Power_getConstraintMask          
2000eed5  Power_getTransitionLatency       
2000eee9  Power_idleFunc                   
2000d5d1  Power_init                       
2000eb75  Power_registerNotify             
2000e2ad  Power_releaseConstraint          
2000de05  Power_releaseDependency          
2000e62d  Power_setConstraint              
2000d80d  Power_setDependency              
2000c4f9  Power_sleep                      
2000ec21  Power_unregisterNotify           
2000def9  SemaphoreP_construct             
2000ec41  SemaphoreP_constructBinary       
2000ee15  SemaphoreP_create                
2000ec61  SemaphoreP_createBinary          
2000f770  SemaphoreP_defaultParams         
2000f0fd  SemaphoreP_delete                
2000d547  SemaphoreP_destruct              
2000d2f9  SemaphoreP_pend                  
2000e481  SemaphoreP_post                  
2000ecd9  SwiP_disable                     
2000e665  SwiP_restore                     
2000ef6d  SysTickEnable                    
2000ef7f  SysTickIntDisable                
2000ef91  SysTickIntEnable                 
2000ee43  SysTickPeriodSet                 
2000efb5  TI_memcpy_small                  
2000db9d  TimerCC32XX_allocateTimerResource
2000e811  TimerCC32XX_freeTimerResource    
2000e3bb  TimerControlStall                
2000ec81  TimerDisable                     
2000edcb  TimerEnable                      
2000f029  TimerIntClear                    
2000ee59  TimerIntDisable                  
2000eefd  TimerIntEnable                   
2000e909  TimerLoadSet                     
2000e939  TimerPrescaleSet                 
2000ea95  TimerSupport_timerDisable        
2000e5b9  TimerSupport_timerEnable         
2000f039  Timer_Params_init                
2000e3fd  Timer_close                      
2000fb38  Timer_config                     
2000fa9e  Timer_count                      
2000da23  Timer_init                       
2000ca2d  Timer_open                       
2000e2f1  Timer_start                      
2000e4c1  Timer_stop                       
2000f0cf  UtilsDelay                       
20004000  __STACK_END                      
00001000  __STACK_SIZE                     
00008000  __SYSMEM_SIZE                    
00000000  __TI_ATRegion0_region_sz         
00000000  __TI_ATRegion0_src_addr          
00000000  __TI_ATRegion0_trg_addr          
00000000  __TI_ATRegion1_region_sz         
00000000  __TI_ATRegion1_src_addr          
00000000  __TI_ATRegion1_trg_addr          
00000000  __TI_ATRegion2_region_sz         
00000000  __TI_ATRegion2_src_addr          
00000000  __TI_ATRegion2_trg_addr          
2000fefc  __TI_CINIT_Base                  
2000ff0c  __TI_CINIT_Limit                 
2000ff0c  __TI_CINIT_Warm                  
2000fee8  __TI_Handler_Table_Base          
2000fef4  __TI_Handler_Table_Limit         
2000e69d  __TI_auto_init_nobinit_nopinit   
2000d731  __TI_decompress_lzss             
2000f059  __TI_decompress_none             
ffffffff  __TI_pprof_out_hndl              
ffffffff  __TI_prof_data_size              
ffffffff  __TI_prof_data_start             
2000fe14  __TI_static_base__               
2000efc7  __TI_zero_init_nomemset          
2000dc53  __aeabi_ldiv0                    
2000f101  __aeabi_memcpy                   
2000f101  __aeabi_memcpy4                  
2000f101  __aeabi_memcpy8                  
2000ef11  __aeabi_uldivmod                 
ffffffff  __binit__                        
UNDEFED   __mpu_init                       
20003000  __stack                          
20004000  __start___llvm_prf_bits          
20004000  __start___llvm_prf_cnts          
20004000  __stop___llvm_prf_bits           
20004000  __stop___llvm_prf_cnts           
2000d055  __udivmoddi4                     
2000eb99  _c_int00_noargs                  
2000f784  _lock                            
2000dd5b  _nop                             
20004040  _sys_memory                      
UNDEFED   _system_post_cinit               
2000f105  _system_pre_init                 
2000f788  _unlock                          
2000f109  abort                            
2000ccb5  aligned_alloc                    
ffffffff  binit                            
2000e223  clkFxn                           
2000cdd5  free                             
2000f0df  gpioButtonFxn0                   
2000efa3  gpioButtonFxn1                   
2000fc6c  gpioCallbackFunctions            
2000f680  gpioPinConfigs                   
2000fcf0  gpioUserArgs                     
2000e57d  initTimer                        
2000e845  initVectors                      
2000f049  main                             
2000da85  mainThread                       
2000f0d7  malloc                           
2000ccb5  memalign                         
2000f588  parkInfo                         
2000ed2d  resetISR                         
2000fb10  timerCC32XXHWAttrs               
2000fd74  timerCC32XXObjects               
2000f07f  timerCallback                    


GLOBAL SYMBOLS: SORTED BY Symbol Address 

address   name                             
-------   ----                             
00000000  __TI_ATRegion0_region_sz         
00000000  __TI_ATRegion0_src_addr          
00000000  __TI_ATRegion0_trg_addr          
00000000  __TI_ATRegion1_region_sz         
00000000  __TI_ATRegion1_src_addr          
00000000  __TI_ATRegion1_trg_addr          
00000000  __TI_ATRegion2_region_sz         
00000000  __TI_ATRegion2_src_addr          
00000000  __TI_ATRegion2_trg_addr          
00001000  __STACK_SIZE                     
00008000  __SYSMEM_SIZE                    
20003000  __stack                          
20004000  __STACK_END                      
20004000  __start___llvm_prf_bits          
20004000  __start___llvm_prf_cnts          
20004000  __stop___llvm_prf_bits           
20004000  __stop___llvm_prf_cnts           
20004040  _sys_memory                      
2000c041  PRCMCC3200MCUInit                
2000c4f9  Power_sleep                      
2000c8dd  PowerCC32XX_sleepPolicy          
2000ca2d  Timer_open                       
2000cb75  GPIO_setConfig                   
2000ccb5  aligned_alloc                    
2000ccb5  memalign                         
2000cdd5  free                             
2000cec5  IntDisable                       
2000cf8d  IntEnable                        
2000d055  __udivmoddi4                     
2000d105  GPIOIntTypeSet                   
2000d1b1  IntPendSet                       
2000d255  PinConfigSet                     
2000d2f7  Board_initHook                   
2000d2f9  SemaphoreP_pend                  
2000d391  PowerCC32XX_enterLPDS            
2000d3d5  PowerCC32XX_resumeLPDS           
2000d427  PowerCC32XX_initPolicy           
2000d429  GPIO_init                        
2000d4b9  PRCMSysResetCauseGet             
2000d547  SemaphoreP_destruct              
2000d549  PowerCC32XX_configureWakeup      
2000d5d1  Power_init                       
2000d649  HwiP_construct                   
2000d6bd  PRCMHibernateWakeUpGPIOSelect    
2000d731  __TI_decompress_lzss             
2000d7a1  PinLockLevelSet                  
2000d80d  Power_setDependency              
2000d951  PRCMPeripheralReset              
2000d9bb  IntPendClear                     
2000da23  Timer_init                       
2000da25  GPIO_write                       
2000da85  mainThread                       
2000dae5  FlashDisable                     
2000db41  PRCMHibernateWakeupSourceDisable 
2000db9d  TimerCC32XX_allocateTimerResource
2000dbf9  PRCMPeripheralClkEnable          
2000dc53  __aeabi_ldiv0                    
2000dc55  ClockP_startup                   
2000dcad  IntPrioritySet                   
2000dd05  PRCMLPDSEnter                    
2000dd5b  _nop                             
2000dd5d  GPIO_toggle                      
2000ddb1  PowerCC32XX_setParkState         
2000de05  Power_releaseDependency          
2000de59  GPIO_hwiIntFxn                   
2000dea9  PRCMHibernateWakeupSourceEnable  
2000def9  SemaphoreP_construct             
2000df49  GPIO_setInterruptConfig          
2000df95  PRCMLPDSRestoreInfoSet           
2000e079  ClockP_sysTickHandler            
2000e0c1  PRCMIntEnable                    
2000e109  PRCMPeripheralStatusGet          
2000e151  PinConfigGet                     
2000e199  PRCMLPDSEnterKeepDebugIf         
2000e1df  GPIODirModeSet                   
2000e223  clkFxn                           
2000e225  GPIO_disableInt                  
2000e269  GPIO_enableInt                   
2000e2ad  Power_releaseConstraint          
2000e2f1  Timer_start                      
2000e379  PinModeSet                       
2000e3bb  TimerControlStall                
2000e3fd  Timer_close                      
2000e481  SemaphoreP_post                  
2000e4c1  Timer_stop                       
2000e501  PinDirModeSet                    
2000e541  ClockP_stop                      
2000e57d  initTimer                        
2000e5b9  TimerSupport_timerEnable         
2000e5f5  ClockP_destruct                  
2000e62d  Power_setConstraint              
2000e665  SwiP_restore                     
2000e69d  __TI_auto_init_nobinit_nopinit   
2000e6d5  PinLock                          
2000e741  ClockP_start                     
2000e775  PinDirModeGet                    
2000e7a9  PinModeGet                       
2000e7dd  PowerCC32XX_parkPin              
2000e811  TimerCC32XX_freeTimerResource    
2000e845  initVectors                      
2000e879  ClockP_getTicksUntilInterrupt    
2000e8a9  PRCMLPDSIntervalSet              
2000e8d9  PRCMSlowClkCtrFastGet            
2000e909  TimerLoadSet                     
2000e939  TimerPrescaleSet                 
2000e999  GPIOIntStatus                    
2000e9c7  HwiP_create                      
2000e9f1  PRCMLPDSWakeUpGPIOSelect         
2000ea1b  PRCMPeripheralClkDisable         
2000ea45  List_remove                      
2000ea6d  PRCMSRAMRetentionEnable          
2000ea95  TimerSupport_timerDisable        
2000eae5  IntUnregister                    
2000eb09  List_put                         
2000eb2d  PRCMLPDSWakeupSourceEnable       
2000eb51  PowerCC32XX_restoreParkedPin     
2000eb75  Power_registerNotify             
2000eb99  _c_int00_noargs                  
2000ebbd  GPIOPinWrite                     
2000ebdf  PinUnlock                        
2000ec01  IntRegister                      
2000ec21  Power_unregisterNotify           
2000ec41  SemaphoreP_constructBinary       
2000ec61  SemaphoreP_createBinary          
2000ec81  TimerDisable                     
2000eca1  GPIO_setCallback                 
2000ecbd  HwiP_dispatch                    
2000ecd9  SwiP_disable                     
2000ed2d  resetISR                         
2000ed49  GPIOIntDisable                   
2000ed63  PRCMHIBRegRead                   
2000ed7d  PRCMHIBRegWrite                  
2000ed97  PRCMLPDSWakeupSourceDisable      
2000edb1  PinToPadGet                      
2000edcb  TimerEnable                      
2000ede5  GPIOIntEnable                    
2000edfd  GPIOPinRead                      
2000ee15  SemaphoreP_create                
2000ee2d  Board_init                       
2000ee43  SysTickPeriodSet                 
2000ee59  TimerIntDisable                  
2000ee6f  CPUcpsid                         
2000ee83  CPUcpsie                         
2000ee97  HwiP_destruct                    
2000eeab  IntVTableBaseSet                 
2000eec1  Power_disablePolicy              
2000eed5  Power_getTransitionLatency       
2000eee9  Power_idleFunc                   
2000eefd  TimerIntEnable                   
2000ef11  __aeabi_uldivmod                 
2000ef25  ClockP_add                       
2000ef37  GPIOIntClear                     
2000ef49  HwiP_Params_init                 
2000ef5b  HwiP_delete                      
2000ef6d  SysTickEnable                    
2000ef7f  SysTickIntDisable                
2000ef91  SysTickIntEnable                 
2000efa3  gpioButtonFxn1                   
2000efb5  TI_memcpy_small                  
2000efc7  __TI_zero_init_nomemset          
2000efd9  ClockP_getCpuFreq                
2000efe9  ClockP_getSystemTicks            
2000eff9  ClockP_setTicks                  
2000f009  HwiP_inISR                       
2000f019  Power_enablePolicy               
2000f029  TimerIntClear                    
2000f039  Timer_Params_init                
2000f049  main                             
2000f059  __TI_decompress_none             
2000f067  CPUwfi                           
2000f073  PRCMLPDSWakeupCauseGet           
2000f07f  timerCallback                    
2000f081  Power_getConstraintMask          
2000f099  ClockP_isActive                  
2000f0a3  IntMasterDisable                 
2000f0ad  IntMasterEnable                  
2000f0b7  HwiP_disable                     
2000f0bf  HwiP_restore                     
2000f0c7  PRCMSleepEnter                   
2000f0cf  UtilsDelay                       
2000f0d7  malloc                           
2000f0df  gpioButtonFxn0                   
2000f0e5  ClockP_doTick                    
2000f0e9  HwiP_clearInterrupt              
2000f0ed  HwiP_enable                      
2000f0f1  HwiP_post                        
2000f0f9  NoRTOS_start                     
2000f0fd  SemaphoreP_delete                
2000f101  __aeabi_memcpy                   
2000f101  __aeabi_memcpy4                  
2000f101  __aeabi_memcpy8                  
2000f105  _system_pre_init                 
2000f108  C$$EXIT                          
2000f109  abort                            
2000f41c  PowerCC32XX_module               
2000f588  parkInfo                         
2000f680  gpioPinConfigs                   
2000f770  SemaphoreP_defaultParams         
2000f77c  ClockP_tickPeriod                
2000f780  HwiP_swiPIntNum                  
2000f784  _lock                            
2000f788  _unlock                          
2000fa10  PowerCC32XX_config               
2000fa9d  GPIO_pinUpperBound               
2000fa9e  Timer_count                      
2000fb00  GPIO_config                      
2000fb10  timerCC32XXHWAttrs               
2000fb38  Timer_config                     
2000fb40  PowerCC32XX_contextSave          
2000fc6c  gpioCallbackFunctions            
2000fcf0  gpioUserArgs                     
2000fd74  timerCC32XXObjects               
2000fdf8  ClockP_ctrl                      
2000fe14  __TI_static_base__               
2000fee8  __TI_Handler_Table_Base          
2000fef4  __TI_Handler_Table_Limit         
2000fefc  __TI_CINIT_Base                  
2000ff0c  __TI_CINIT_Limit                 
2000ff0c  __TI_CINIT_Warm                  
ffffffff  __TI_pprof_out_hndl              
ffffffff  __TI_prof_data_size              
ffffffff  __TI_prof_data_start             
ffffffff  __binit__                        
ffffffff  binit                            
UNDEFED   ITM_flush                        
UNDEFED   ITM_restore                      
UNDEFED   __mpu_init                       
UNDEFED   _system_post_cinit               

[228 symbols]
