<?xml version="1.0" encoding="ISO-8859-1" ?>
<link_info>
   <banner>TI ARM Clang Linker PC v3.2.0.LTS</banner>
   <copyright>Copyright (c) 1996-2018 Texas Instruments Incorporated</copyright>
   <link_time>0x65c16b40</link_time>
   <link_errors>0x0</link_errors>
   <output_file>D:\ccs-workspace\gpiointerrupt_CC3220S_LAUNCHXL_nortos_ticlang\MCU+Image\gpiointerrupt_CC3220S_LAUNCHXL_nortos_ticlang.out</output_file>
   <entry_point>
      <name>resetISR</name>
      <address>0x2000ed2d</address>
   </entry_point>
   <input_file_list>
      <input_file id="fl-1">
         <path>D:\ccs-workspace\gpiointerrupt_CC3220S_LAUNCHXL_nortos_ticlang\MCU+Image\.\</path>
         <kind>object</kind>
         <file>gpiointerrupt.o</file>
         <name>gpiointerrupt.o</name>
      </input_file>
      <input_file id="fl-2">
         <path>D:\ccs-workspace\gpiointerrupt_CC3220S_LAUNCHXL_nortos_ticlang\MCU+Image\.\syscfg\</path>
         <kind>object</kind>
         <file>ti_drivers_config.o</file>
         <name>ti_drivers_config.o</name>
      </input_file>
      <input_file id="fl-3">
         <path>D:\ccs-workspace\gpiointerrupt_CC3220S_LAUNCHXL_nortos_ticlang\MCU+Image\.\</path>
         <kind>object</kind>
         <file>main_nortos.o</file>
         <name>main_nortos.o</name>
      </input_file>
      <input_file id="fl-13">
         <path>D:\ccs-workspace\gpiointerrupt_CC3220S_LAUNCHXL_nortos_ticlang\MCU+Image\</path>
         <kind>object</kind>
         <file>&lt;internal&gt;</file>
         <name>&lt;internal&gt;</name>
      </input_file>
      <input_file id="fl-14">
         <path>C:\ti\simplelink_cc32xx_sdk_7_10_00_13\source\ti\drivers\lib\ticlang\m4\</path>
         <kind>archive</kind>
         <file>drivers_cc32xx.a</file>
         <name>GPIO.c.obj</name>
      </input_file>
      <input_file id="fl-15">
         <path>C:\ti\simplelink_cc32xx_sdk_7_10_00_13\source\ti\drivers\lib\ticlang\m4\</path>
         <kind>archive</kind>
         <file>drivers_cc32xx.a</file>
         <name>GPIOCC32XX.c.obj</name>
      </input_file>
      <input_file id="fl-16">
         <path>C:\ti\simplelink_cc32xx_sdk_7_10_00_13\source\ti\drivers\lib\ticlang\m4\</path>
         <kind>archive</kind>
         <file>drivers_cc32xx.a</file>
         <name>PowerCC32XX.c.obj</name>
      </input_file>
      <input_file id="fl-17">
         <path>C:\ti\simplelink_cc32xx_sdk_7_10_00_13\source\ti\drivers\lib\ticlang\m4\</path>
         <kind>archive</kind>
         <file>drivers_cc32xx.a</file>
         <name>PowerCC32XX_ticlang.asm.obj</name>
      </input_file>
      <input_file id="fl-18">
         <path>C:\ti\simplelink_cc32xx_sdk_7_10_00_13\source\ti\drivers\lib\ticlang\m4\</path>
         <kind>archive</kind>
         <file>drivers_cc32xx.a</file>
         <name>Timer.c.obj</name>
      </input_file>
      <input_file id="fl-19">
         <path>C:\ti\simplelink_cc32xx_sdk_7_10_00_13\source\ti\drivers\lib\ticlang\m4\</path>
         <kind>archive</kind>
         <file>drivers_cc32xx.a</file>
         <name>TimerCC32XX.c.obj</name>
      </input_file>
      <input_file id="fl-1a">
         <path>C:\ti\simplelink_cc32xx_sdk_7_10_00_13\source\ti\drivers\lib\ticlang\m4\</path>
         <kind>archive</kind>
         <file>drivers_cc32xx.a</file>
         <name>List.c.obj</name>
      </input_file>
      <input_file id="fl-1b">
         <path>C:\ti\simplelink_cc32xx_sdk_7_10_00_13\kernel\nortos\lib\ticlang\m4\</path>
         <kind>archive</kind>
         <file>nortos_cc32xx.a</file>
         <name>NoRTOS.c.obj</name>
      </input_file>
      <input_file id="fl-1c">
         <path>C:\ti\simplelink_cc32xx_sdk_7_10_00_13\kernel\nortos\lib\ticlang\m4\</path>
         <kind>archive</kind>
         <file>nortos_cc32xx.a</file>
         <name>SemaphoreP_nortos.c.obj</name>
      </input_file>
      <input_file id="fl-1d">
         <path>C:\ti\simplelink_cc32xx_sdk_7_10_00_13\kernel\nortos\lib\ticlang\m4\</path>
         <kind>archive</kind>
         <file>nortos_cc32xx.a</file>
         <name>ClockPSysTick_nortos.c.obj</name>
      </input_file>
      <input_file id="fl-1e">
         <path>C:\ti\simplelink_cc32xx_sdk_7_10_00_13\kernel\nortos\lib\ticlang\m4\</path>
         <kind>archive</kind>
         <file>nortos_cc32xx.a</file>
         <name>HwiPCC32XX_nortos.c.obj</name>
      </input_file>
      <input_file id="fl-1f">
         <path>C:\ti\simplelink_cc32xx_sdk_7_10_00_13\kernel\nortos\lib\ticlang\m4\</path>
         <kind>archive</kind>
         <file>nortos_cc32xx.a</file>
         <name>PowerCC32XX_nortos.c.obj</name>
      </input_file>
      <input_file id="fl-20">
         <path>C:\ti\simplelink_cc32xx_sdk_7_10_00_13\kernel\nortos\lib\ticlang\m4\</path>
         <kind>archive</kind>
         <file>nortos_cc32xx.a</file>
         <name>startup_cc32xx_ticlang.c.obj</name>
      </input_file>
      <input_file id="fl-21">
         <path>C:\ti\simplelink_cc32xx_sdk_7_10_00_13\kernel\nortos\lib\ticlang\m4\</path>
         <kind>archive</kind>
         <file>nortos_cc32xx.a</file>
         <name>SwiP_nortos.c.obj</name>
      </input_file>
      <input_file id="fl-22">
         <path>C:\ti\simplelink_cc32xx_sdk_7_10_00_13\source\ti\devices\cc32xx\driverlib\ticlang\Release\</path>
         <kind>archive</kind>
         <file>driverlib.a</file>
         <name>cpu.obj</name>
      </input_file>
      <input_file id="fl-23">
         <path>C:\ti\simplelink_cc32xx_sdk_7_10_00_13\source\ti\devices\cc32xx\driverlib\ticlang\Release\</path>
         <kind>archive</kind>
         <file>driverlib.a</file>
         <name>gpio.obj</name>
      </input_file>
      <input_file id="fl-24">
         <path>C:\ti\simplelink_cc32xx_sdk_7_10_00_13\source\ti\devices\cc32xx\driverlib\ticlang\Release\</path>
         <kind>archive</kind>
         <file>driverlib.a</file>
         <name>hwspinlock.obj</name>
      </input_file>
      <input_file id="fl-25">
         <path>C:\ti\simplelink_cc32xx_sdk_7_10_00_13\source\ti\devices\cc32xx\driverlib\ticlang\Release\</path>
         <kind>archive</kind>
         <file>driverlib.a</file>
         <name>interrupt.obj</name>
      </input_file>
      <input_file id="fl-26">
         <path>C:\ti\simplelink_cc32xx_sdk_7_10_00_13\source\ti\devices\cc32xx\driverlib\ticlang\Release\</path>
         <kind>archive</kind>
         <file>driverlib.a</file>
         <name>pin.obj</name>
      </input_file>
      <input_file id="fl-27">
         <path>C:\ti\simplelink_cc32xx_sdk_7_10_00_13\source\ti\devices\cc32xx\driverlib\ticlang\Release\</path>
         <kind>archive</kind>
         <file>driverlib.a</file>
         <name>prcm.obj</name>
      </input_file>
      <input_file id="fl-28">
         <path>C:\ti\simplelink_cc32xx_sdk_7_10_00_13\source\ti\devices\cc32xx\driverlib\ticlang\Release\</path>
         <kind>archive</kind>
         <file>driverlib.a</file>
         <name>spi.obj</name>
      </input_file>
      <input_file id="fl-29">
         <path>C:\ti\simplelink_cc32xx_sdk_7_10_00_13\source\ti\devices\cc32xx\driverlib\ticlang\Release\</path>
         <kind>archive</kind>
         <file>driverlib.a</file>
         <name>systick.obj</name>
      </input_file>
      <input_file id="fl-2a">
         <path>C:\ti\simplelink_cc32xx_sdk_7_10_00_13\source\ti\devices\cc32xx\driverlib\ticlang\Release\</path>
         <kind>archive</kind>
         <file>driverlib.a</file>
         <name>timer.obj</name>
      </input_file>
      <input_file id="fl-2b">
         <path>C:\ti\simplelink_cc32xx_sdk_7_10_00_13\source\ti\devices\cc32xx\driverlib\ticlang\Release\</path>
         <kind>archive</kind>
         <file>driverlib.a</file>
         <name>utils.obj</name>
      </input_file>
      <input_file id="fl-2c">
         <path>C:\ti\simplelink_cc32xx_sdk_7_10_00_13\source\ti\devices\cc32xx\driverlib\ticlang\Release\</path>
         <kind>archive</kind>
         <file>driverlib.a</file>
         <name>flash.obj</name>
      </input_file>
      <input_file id="fl-39">
         <path>D:\ti\ccs-2\ccs\tools\compiler\ti-cgt-armllvm_3.2.0.LTS\lib\armv7em-ti-none-eabi\c\</path>
         <kind>archive</kind>
         <file>libc.a</file>
         <name>memory.c.obj</name>
      </input_file>
      <input_file id="fl-3a">
         <path>D:\ti\ccs-2\ccs\tools\compiler\ti-cgt-armllvm_3.2.0.LTS\lib\armv7em-ti-none-eabi\c\</path>
         <kind>archive</kind>
         <file>libc.a</file>
         <name>boot_cortex_m.c.obj</name>
      </input_file>
      <input_file id="fl-3b">
         <path>D:\ti\ccs-2\ccs\tools\compiler\ti-cgt-armllvm_3.2.0.LTS\lib\armv7em-ti-none-eabi\c\</path>
         <kind>archive</kind>
         <file>libc.a</file>
         <name>mathacl_init.c.obj</name>
      </input_file>
      <input_file id="fl-3c">
         <path>D:\ti\ccs-2\ccs\tools\compiler\ti-cgt-armllvm_3.2.0.LTS\lib\armv7em-ti-none-eabi\c\</path>
         <kind>archive</kind>
         <file>libc.a</file>
         <name>autoinit.c.obj</name>
      </input_file>
      <input_file id="fl-3d">
         <path>D:\ti\ccs-2\ccs\tools\compiler\ti-cgt-armllvm_3.2.0.LTS\lib\armv7em-ti-none-eabi\c\</path>
         <kind>archive</kind>
         <file>libc.a</file>
         <name>pre_init.c.obj</name>
      </input_file>
      <input_file id="fl-3e">
         <path>D:\ti\ccs-2\ccs\tools\compiler\ti-cgt-armllvm_3.2.0.LTS\lib\armv7em-ti-none-eabi\c\</path>
         <kind>archive</kind>
         <file>libc.a</file>
         <name>cpy_tbl.c.obj</name>
      </input_file>
      <input_file id="fl-3f">
         <path>D:\ti\ccs-2\ccs\tools\compiler\ti-cgt-armllvm_3.2.0.LTS\lib\armv7em-ti-none-eabi\c\</path>
         <kind>archive</kind>
         <file>libc.a</file>
         <name>copy_zero_init.c.obj</name>
      </input_file>
      <input_file id="fl-40">
         <path>D:\ti\ccs-2\ccs\tools\compiler\ti-cgt-armllvm_3.2.0.LTS\lib\armv7em-ti-none-eabi\c\</path>
         <kind>archive</kind>
         <file>libc.a</file>
         <name>copy_decompress_none.c.obj</name>
      </input_file>
      <input_file id="fl-41">
         <path>D:\ti\ccs-2\ccs\tools\compiler\ti-cgt-armllvm_3.2.0.LTS\lib\armv7em-ti-none-eabi\c\</path>
         <kind>archive</kind>
         <file>libc.a</file>
         <name>copy_decompress_lzss.c.obj</name>
      </input_file>
      <input_file id="fl-42">
         <path>D:\ti\ccs-2\ccs\tools\compiler\ti-cgt-armllvm_3.2.0.LTS\lib\armv7em-ti-none-eabi\c\</path>
         <kind>archive</kind>
         <file>libc.a</file>
         <name>exit.c.obj</name>
      </input_file>
      <input_file id="fl-43">
         <path>D:\ti\ccs-2\ccs\tools\compiler\ti-cgt-armllvm_3.2.0.LTS\lib\armv7em-ti-none-eabi\c\</path>
         <kind>archive</kind>
         <file>libc.a</file>
         <name>_lock.c.obj</name>
      </input_file>
      <input_file id="fl-44">
         <path>D:\ti\ccs-2\ccs\tools\compiler\ti-cgt-armllvm_3.2.0.LTS\lib\armv7em-ti-none-eabi\c\</path>
         <kind>archive</kind>
         <file>libc.a</file>
         <name>args_main.c.obj</name>
      </input_file>
      <input_file id="fl-a8">
         <path>D:\ti\ccs-2\ccs\tools\compiler\ti-cgt-armllvm_3.2.0.LTS\lib\clang\15.0.7\lib\armv7em-ti-none-eabi\</path>
         <kind>archive</kind>
         <file>libclang_rt.builtins.a</file>
         <name>aeabi_memcpy.S.obj</name>
      </input_file>
      <input_file id="fl-a9">
         <path>D:\ti\ccs-2\ccs\tools\compiler\ti-cgt-armllvm_3.2.0.LTS\lib\clang\15.0.7\lib\armv7em-ti-none-eabi\</path>
         <kind>archive</kind>
         <file>libclang_rt.builtins.a</file>
         <name>aeabi_memset.S.obj</name>
      </input_file>
      <input_file id="fl-aa">
         <path>D:\ti\ccs-2\ccs\tools\compiler\ti-cgt-armllvm_3.2.0.LTS\lib\clang\15.0.7\lib\armv7em-ti-none-eabi\</path>
         <kind>archive</kind>
         <file>libclang_rt.builtins.a</file>
         <name>aeabi_uldivmod.S.obj</name>
      </input_file>
      <input_file id="fl-ab">
         <path>D:\ti\ccs-2\ccs\tools\compiler\ti-cgt-armllvm_3.2.0.LTS\lib\clang\15.0.7\lib\armv7em-ti-none-eabi\</path>
         <kind>archive</kind>
         <file>libclang_rt.builtins.a</file>
         <name>udivmoddi4.S.obj</name>
      </input_file>
      <input_file id="fl-ac">
         <path>D:\ti\ccs-2\ccs\tools\compiler\ti-cgt-armllvm_3.2.0.LTS\lib\clang\15.0.7\lib\armv7em-ti-none-eabi\</path>
         <kind>archive</kind>
         <file>libclang_rt.builtins.a</file>
         <name>aeabi_div0.c.obj</name>
      </input_file>
      <input_file id="fl-ad">
         <path>D:\ti\ccs-2\ccs\tools\compiler\ti-cgt-armllvm_3.2.0.LTS\lib\armv7em-ti-none-eabi\c\</path>
         <kind>archive</kind>
         <file>libc.a</file>
         <name>memcpy_t2.S.obj</name>
      </input_file>
      <input_file id="fl-ae">
         <path>D:\ti\ccs-2\ccs\tools\compiler\ti-cgt-armllvm_3.2.0.LTS\lib\armv7em-ti-none-eabi\c\</path>
         <kind>archive</kind>
         <file>libc.a</file>
         <name>memset_t2.S.obj</name>
      </input_file>
   </input_file_list>
   <object_component_list>
      <object_component id="oc-d2">
         <name>.text.PRCMCC3200MCUInit</name>
         <load_address>0x2000c040</load_address>
         <readonly>true</readonly>
         <executable>true</executable>
         <run_address>0x2000c040</run_address>
         <size>0x4b8</size>
         <alignment>0x2</alignment>
         <input_file_ref idref="fl-27"/>
      </object_component>
      <object_component id="oc-1c0">
         <name>.text.Power_sleep</name>
         <load_address>0x2000c4f8</load_address>
         <readonly>true</readonly>
         <executable>true</executable>
         <run_address>0x2000c4f8</run_address>
         <size>0x3e4</size>
         <alignment>0x4</alignment>
         <input_file_ref idref="fl-16"/>
      </object_component>
      <object_component id="oc-172">
         <name>.text.PowerCC32XX_sleepPolicy</name>
         <load_address>0x2000c8dc</load_address>
         <readonly>true</readonly>
         <executable>true</executable>
         <run_address>0x2000c8dc</run_address>
         <size>0x150</size>
         <alignment>0x4</alignment>
         <input_file_ref idref="fl-1f"/>
      </object_component>
      <object_component id="oc-146">
         <name>.text.Timer_open</name>
         <load_address>0x2000ca2c</load_address>
         <readonly>true</readonly>
         <executable>true</executable>
         <run_address>0x2000ca2c</run_address>
         <size>0x148</size>
         <alignment>0x4</alignment>
         <input_file_ref idref="fl-19"/>
      </object_component>
      <object_component id="oc-f5">
         <name>.text.GPIO_setConfig</name>
         <load_address>0x2000cb74</load_address>
         <readonly>true</readonly>
         <executable>true</executable>
         <run_address>0x2000cb74</run_address>
         <size>0x140</size>
         <alignment>0x4</alignment>
         <input_file_ref idref="fl-15"/>
      </object_component>
      <object_component id="oc-1e6">
         <name>.text.aligned_alloc</name>
         <load_address>0x2000ccb4</load_address>
         <readonly>true</readonly>
         <executable>true</executable>
         <run_address>0x2000ccb4</run_address>
         <size>0x120</size>
         <alignment>0x4</alignment>
         <input_file_ref idref="fl-39"/>
      </object_component>
      <object_component id="oc-179">
         <name>.text.free</name>
         <load_address>0x2000cdd4</load_address>
         <readonly>true</readonly>
         <executable>true</executable>
         <run_address>0x2000cdd4</run_address>
         <size>0xf0</size>
         <alignment>0x4</alignment>
         <input_file_ref idref="fl-39"/>
      </object_component>
      <object_component id="oc-22f">
         <name>.text.IntDisable</name>
         <load_address>0x2000cec4</load_address>
         <readonly>true</readonly>
         <executable>true</executable>
         <run_address>0x2000cec4</run_address>
         <size>0xc8</size>
         <alignment>0x2</alignment>
         <input_file_ref idref="fl-25"/>
      </object_component>
      <object_component id="oc-1e9">
         <name>.text.IntEnable</name>
         <load_address>0x2000cf8c</load_address>
         <readonly>true</readonly>
         <executable>true</executable>
         <run_address>0x2000cf8c</run_address>
         <size>0xc8</size>
         <alignment>0x2</alignment>
         <input_file_ref idref="fl-25"/>
      </object_component>
      <object_component id="oc-1f3">
         <name>.text</name>
         <load_address>0x2000d054</load_address>
         <readonly>true</readonly>
         <executable>true</executable>
         <run_address>0x2000d054</run_address>
         <size>0xb0</size>
         <alignment>0x4</alignment>
         <input_file_ref idref="fl-ab"/>
      </object_component>
      <object_component id="oc-1a4">
         <name>.text.GPIOIntTypeSet</name>
         <load_address>0x2000d104</load_address>
         <readonly>true</readonly>
         <executable>true</executable>
         <run_address>0x2000d104</run_address>
         <size>0xac</size>
         <alignment>0x2</alignment>
         <input_file_ref idref="fl-23"/>
      </object_component>
      <object_component id="oc-22b">
         <name>.text.IntPendSet</name>
         <load_address>0x2000d1b0</load_address>
         <readonly>true</readonly>
         <executable>true</executable>
         <run_address>0x2000d1b0</run_address>
         <size>0xa4</size>
         <alignment>0x2</alignment>
         <input_file_ref idref="fl-25"/>
      </object_component>
      <object_component id="oc-14e">
         <name>.text.PinConfigSet</name>
         <load_address>0x2000d254</load_address>
         <readonly>true</readonly>
         <executable>true</executable>
         <run_address>0x2000d254</run_address>
         <size>0xa2</size>
         <alignment>0x2</alignment>
         <input_file_ref idref="fl-26"/>
      </object_component>
      <object_component id="oc-e2">
         <name>.text.Board_initHook</name>
         <load_address>0x2000d2f6</load_address>
         <readonly>true</readonly>
         <executable>true</executable>
         <run_address>0x2000d2f6</run_address>
         <size>0x2</size>
         <alignment>0x2</alignment>
         <input_file_ref idref="fl-2"/>
      </object_component>
      <object_component id="oc-127">
         <name>.text.SemaphoreP_pend</name>
         <load_address>0x2000d2f8</load_address>
         <readonly>true</readonly>
         <executable>true</executable>
         <run_address>0x2000d2f8</run_address>
         <size>0x98</size>
         <alignment>0x4</alignment>
         <input_file_ref idref="fl-1c"/>
      </object_component>
      <object_component id="oc-200">
         <name>.text</name>
         <load_address>0x2000d390</load_address>
         <readonly>true</readonly>
         <executable>true</executable>
         <run_address>0x2000d390</run_address>
         <size>0x96</size>
         <alignment>0x10</alignment>
         <input_file_ref idref="fl-17"/>
      </object_component>
      <object_component id="oc-16d">
         <name>.text.PowerCC32XX_initPolicy</name>
         <load_address>0x2000d426</load_address>
         <readonly>true</readonly>
         <executable>true</executable>
         <run_address>0x2000d426</run_address>
         <size>0x2</size>
         <alignment>0x2</alignment>
         <input_file_ref idref="fl-1f"/>
      </object_component>
      <object_component id="oc-dc">
         <name>.text.GPIO_init</name>
         <load_address>0x2000d428</load_address>
         <readonly>true</readonly>
         <executable>true</executable>
         <run_address>0x2000d428</run_address>
         <size>0x90</size>
         <alignment>0x4</alignment>
         <input_file_ref idref="fl-15"/>
      </object_component>
      <object_component id="oc-106">
         <name>.text.PRCMSysResetCauseGet</name>
         <load_address>0x2000d4b8</load_address>
         <readonly>true</readonly>
         <executable>true</executable>
         <run_address>0x2000d4b8</run_address>
         <size>0x8e</size>
         <alignment>0x2</alignment>
         <input_file_ref idref="fl-27"/>
      </object_component>
      <object_component id="oc-1d6">
         <name>.text.SemaphoreP_destruct</name>
         <load_address>0x2000d546</load_address>
         <readonly>true</readonly>
         <executable>true</executable>
         <run_address>0x2000d546</run_address>
         <size>0x2</size>
         <alignment>0x2</alignment>
         <input_file_ref idref="fl-1c"/>
      </object_component>
      <object_component id="oc-118">
         <name>.text.PowerCC32XX_configureWakeup</name>
         <load_address>0x2000d548</load_address>
         <readonly>true</readonly>
         <executable>true</executable>
         <run_address>0x2000d548</run_address>
         <size>0x88</size>
         <alignment>0x4</alignment>
         <input_file_ref idref="fl-16"/>
      </object_component>
      <object_component id="oc-d7">
         <name>.text.Power_init</name>
         <load_address>0x2000d5d0</load_address>
         <readonly>true</readonly>
         <executable>true</executable>
         <run_address>0x2000d5d0</run_address>
         <size>0x78</size>
         <alignment>0x4</alignment>
         <input_file_ref idref="fl-16"/>
      </object_component>
      <object_component id="oc-1a3">
         <name>.text.HwiP_construct</name>
         <load_address>0x2000d648</load_address>
         <readonly>true</readonly>
         <executable>true</executable>
         <run_address>0x2000d648</run_address>
         <size>0x74</size>
         <alignment>0x4</alignment>
         <input_file_ref idref="fl-1e"/>
      </object_component>
      <object_component id="oc-16a">
         <name>.text.PRCMHibernateWakeUpGPIOSelect</name>
         <load_address>0x2000d6bc</load_address>
         <readonly>true</readonly>
         <executable>true</executable>
         <run_address>0x2000d6bc</run_address>
         <size>0x74</size>
         <alignment>0x2</alignment>
         <input_file_ref idref="fl-27"/>
      </object_component>
      <object_component id="oc-18">
         <name>.text:decompress:lzss</name>
         <load_address>0x2000d730</load_address>
         <readonly>true</readonly>
         <executable>true</executable>
         <run_address>0x2000d730</run_address>
         <size>0x70</size>
         <alignment>0x2</alignment>
         <input_file_ref idref="fl-41"/>
      </object_component>
      <object_component id="oc-1fd">
         <name>.text.PinLockLevelSet</name>
         <load_address>0x2000d7a0</load_address>
         <readonly>true</readonly>
         <executable>true</executable>
         <run_address>0x2000d7a0</run_address>
         <size>0x6c</size>
         <alignment>0x2</alignment>
         <input_file_ref idref="fl-26"/>
      </object_component>
      <object_component id="oc-14f">
         <name>.text.Power_setDependency</name>
         <load_address>0x2000d80c</load_address>
         <readonly>true</readonly>
         <executable>true</executable>
         <run_address>0x2000d80c</run_address>
         <size>0x6c</size>
         <alignment>0x4</alignment>
         <input_file_ref idref="fl-16"/>
      </object_component>
      <object_component id="oc-12e">
         <name>.text.powerNotifyFxn</name>
         <load_address>0x2000d878</load_address>
         <readonly>true</readonly>
         <executable>true</executable>
         <run_address>0x2000d878</run_address>
         <size>0x6c</size>
         <alignment>0x4</alignment>
         <input_file_ref idref="fl-15"/>
      </object_component>
      <object_component id="oc-215">
         <name>.text.split</name>
         <load_address>0x2000d8e4</load_address>
         <readonly>true</readonly>
         <executable>true</executable>
         <run_address>0x2000d8e4</run_address>
         <size>0x6c</size>
         <alignment>0x4</alignment>
         <input_file_ref idref="fl-39"/>
      </object_component>
      <object_component id="oc-10e">
         <name>.text.PRCMPeripheralReset</name>
         <load_address>0x2000d950</load_address>
         <readonly>true</readonly>
         <executable>true</executable>
         <run_address>0x2000d950</run_address>
         <size>0x6a</size>
         <alignment>0x2</alignment>
         <input_file_ref idref="fl-27"/>
      </object_component>
      <object_component id="oc-210">
         <name>.text.IntPendClear</name>
         <load_address>0x2000d9ba</load_address>
         <readonly>true</readonly>
         <executable>true</executable>
         <run_address>0x2000d9ba</run_address>
         <size>0x68</size>
         <alignment>0x2</alignment>
         <input_file_ref idref="fl-25"/>
      </object_component>
      <object_component id="oc-13f">
         <name>.text.Timer_init</name>
         <load_address>0x2000da22</load_address>
         <readonly>true</readonly>
         <executable>true</executable>
         <run_address>0x2000da22</run_address>
         <size>0x2</size>
         <alignment>0x2</alignment>
         <input_file_ref idref="fl-18"/>
      </object_component>
      <object_component id="oc-ed">
         <name>.text.GPIO_write</name>
         <load_address>0x2000da24</load_address>
         <readonly>true</readonly>
         <executable>true</executable>
         <run_address>0x2000da24</run_address>
         <size>0x60</size>
         <alignment>0x4</alignment>
         <input_file_ref idref="fl-15"/>
      </object_component>
      <object_component id="oc-b0">
         <name>.text.mainThread</name>
         <load_address>0x2000da84</load_address>
         <readonly>true</readonly>
         <executable>true</executable>
         <run_address>0x2000da84</run_address>
         <size>0x60</size>
         <alignment>0x4</alignment>
         <input_file_ref idref="fl-1"/>
      </object_component>
      <object_component id="oc-226">
         <name>.text.FlashDisable</name>
         <load_address>0x2000dae4</load_address>
         <readonly>true</readonly>
         <executable>true</executable>
         <run_address>0x2000dae4</run_address>
         <size>0x5c</size>
         <alignment>0x2</alignment>
         <input_file_ref idref="fl-2c"/>
      </object_component>
      <object_component id="oc-16c">
         <name>.text.PRCMHibernateWakeupSourceDisable</name>
         <load_address>0x2000db40</load_address>
         <readonly>true</readonly>
         <executable>true</executable>
         <run_address>0x2000db40</run_address>
         <size>0x5c</size>
         <alignment>0x2</alignment>
         <input_file_ref idref="fl-27"/>
      </object_component>
      <object_component id="oc-193">
         <name>.text.TimerCC32XX_allocateTimerResource</name>
         <load_address>0x2000db9c</load_address>
         <readonly>true</readonly>
         <executable>true</executable>
         <run_address>0x2000db9c</run_address>
         <size>0x5c</size>
         <alignment>0x4</alignment>
         <input_file_ref idref="fl-19"/>
      </object_component>
      <object_component id="oc-10d">
         <name>.text.PRCMPeripheralClkEnable</name>
         <load_address>0x2000dbf8</load_address>
         <readonly>true</readonly>
         <executable>true</executable>
         <run_address>0x2000dbf8</run_address>
         <size>0x5a</size>
         <alignment>0x2</alignment>
         <input_file_ref idref="fl-27"/>
      </object_component>
      <object_component id="oc-21a">
         <name>.text.__aeabi_ldiv0</name>
         <load_address>0x2000dc52</load_address>
         <readonly>true</readonly>
         <executable>true</executable>
         <run_address>0x2000dc52</run_address>
         <size>0x2</size>
         <alignment>0x2</alignment>
         <input_file_ref idref="fl-ac"/>
      </object_component>
      <object_component id="oc-1f1">
         <name>.text.ClockP_startup</name>
         <load_address>0x2000dc54</load_address>
         <readonly>true</readonly>
         <executable>true</executable>
         <run_address>0x2000dc54</run_address>
         <size>0x58</size>
         <alignment>0x4</alignment>
         <input_file_ref idref="fl-1d"/>
      </object_component>
      <object_component id="oc-1e8">
         <name>.text.IntPrioritySet</name>
         <load_address>0x2000dcac</load_address>
         <readonly>true</readonly>
         <executable>true</executable>
         <run_address>0x2000dcac</run_address>
         <size>0x58</size>
         <alignment>0x2</alignment>
         <input_file_ref idref="fl-25"/>
      </object_component>
      <object_component id="oc-20a">
         <name>.text.PRCMLPDSEnter</name>
         <load_address>0x2000dd04</load_address>
         <readonly>true</readonly>
         <executable>true</executable>
         <run_address>0x2000dd04</run_address>
         <size>0x56</size>
         <alignment>0x2</alignment>
         <input_file_ref idref="fl-27"/>
      </object_component>
      <object_component id="oc-158">
         <name>.text._nop</name>
         <load_address>0x2000dd5a</load_address>
         <readonly>true</readonly>
         <executable>true</executable>
         <run_address>0x2000dd5a</run_address>
         <size>0x2</size>
         <alignment>0x2</alignment>
         <input_file_ref idref="fl-43"/>
      </object_component>
      <object_component id="oc-157">
         <name>.text.GPIO_toggle</name>
         <load_address>0x2000dd5c</load_address>
         <readonly>true</readonly>
         <executable>true</executable>
         <run_address>0x2000dd5c</run_address>
         <size>0x54</size>
         <alignment>0x4</alignment>
         <input_file_ref idref="fl-15"/>
      </object_component>
      <object_component id="oc-18c">
         <name>.text.PowerCC32XX_setParkState</name>
         <load_address>0x2000ddb0</load_address>
         <readonly>true</readonly>
         <executable>true</executable>
         <run_address>0x2000ddb0</run_address>
         <size>0x54</size>
         <alignment>0x4</alignment>
         <input_file_ref idref="fl-16"/>
      </object_component>
      <object_component id="oc-212">
         <name>.text.Power_releaseDependency</name>
         <load_address>0x2000de04</load_address>
         <readonly>true</readonly>
         <executable>true</executable>
         <run_address>0x2000de04</run_address>
         <size>0x54</size>
         <alignment>0x4</alignment>
         <input_file_ref idref="fl-16"/>
      </object_component>
      <object_component id="oc-156">
         <name>.text.GPIO_hwiIntFxn</name>
         <load_address>0x2000de58</load_address>
         <readonly>true</readonly>
         <executable>true</executable>
         <run_address>0x2000de58</run_address>
         <size>0x50</size>
         <alignment>0x4</alignment>
         <input_file_ref idref="fl-15"/>
      </object_component>
      <object_component id="oc-16b">
         <name>.text.PRCMHibernateWakeupSourceEnable</name>
         <load_address>0x2000dea8</load_address>
         <readonly>true</readonly>
         <executable>true</executable>
         <run_address>0x2000dea8</run_address>
         <size>0x50</size>
         <alignment>0x2</alignment>
         <input_file_ref idref="fl-27"/>
      </object_component>
      <object_component id="oc-1c9">
         <name>.text.SemaphoreP_construct</name>
         <load_address>0x2000def8</load_address>
         <readonly>true</readonly>
         <executable>true</executable>
         <run_address>0x2000def8</run_address>
         <size>0x50</size>
         <alignment>0x4</alignment>
         <input_file_ref idref="fl-1c"/>
      </object_component>
      <object_component id="oc-153">
         <name>.text.GPIO_setInterruptConfig</name>
         <load_address>0x2000df48</load_address>
         <readonly>true</readonly>
         <executable>true</executable>
         <run_address>0x2000df48</run_address>
         <size>0x4c</size>
         <alignment>0x4</alignment>
         <input_file_ref idref="fl-15"/>
      </object_component>
      <object_component id="oc-224">
         <name>.text.PRCMLPDSRestoreInfoSet</name>
         <load_address>0x2000df94</load_address>
         <readonly>true</readonly>
         <executable>true</executable>
         <run_address>0x2000df94</run_address>
         <size>0x4c</size>
         <alignment>0x2</alignment>
         <input_file_ref idref="fl-27"/>
      </object_component>
      <object_component id="oc-198">
         <name>.text.initHw</name>
         <load_address>0x2000dfe0</load_address>
         <readonly>true</readonly>
         <executable>true</executable>
         <run_address>0x2000dfe0</run_address>
         <size>0x4c</size>
         <alignment>0x2</alignment>
         <input_file_ref idref="fl-19"/>
      </object_component>
      <object_component id="oc-197">
         <name>.text.getPrescaler</name>
         <load_address>0x2000e02c</load_address>
         <readonly>true</readonly>
         <executable>true</executable>
         <run_address>0x2000e02c</run_address>
         <size>0x4a</size>
         <alignment>0x2</alignment>
         <input_file_ref idref="fl-19"/>
      </object_component>
      <object_component id="oc-57">
         <name>.text.busFaultHandler</name>
         <load_address>0x2000e076</load_address>
         <readonly>true</readonly>
         <executable>true</executable>
         <run_address>0x2000e076</run_address>
         <size>0x2</size>
         <alignment>0x2</alignment>
         <input_file_ref idref="fl-20"/>
      </object_component>
      <object_component id="oc-58">
         <name>.text.ClockP_sysTickHandler</name>
         <load_address>0x2000e078</load_address>
         <readonly>true</readonly>
         <executable>true</executable>
         <run_address>0x2000e078</run_address>
         <size>0x48</size>
         <alignment>0x4</alignment>
         <input_file_ref idref="fl-1d"/>
      </object_component>
      <object_component id="oc-204">
         <name>.text.PRCMIntEnable</name>
         <load_address>0x2000e0c0</load_address>
         <readonly>true</readonly>
         <executable>true</executable>
         <run_address>0x2000e0c0</run_address>
         <size>0x48</size>
         <alignment>0x2</alignment>
         <input_file_ref idref="fl-27"/>
      </object_component>
      <object_component id="oc-1a1">
         <name>.text.PRCMPeripheralStatusGet</name>
         <load_address>0x2000e108</load_address>
         <readonly>true</readonly>
         <executable>true</executable>
         <run_address>0x2000e108</run_address>
         <size>0x48</size>
         <alignment>0x2</alignment>
         <input_file_ref idref="fl-27"/>
      </object_component>
      <object_component id="oc-221">
         <name>.text.PinConfigGet</name>
         <load_address>0x2000e150</load_address>
         <readonly>true</readonly>
         <executable>true</executable>
         <run_address>0x2000e150</run_address>
         <size>0x48</size>
         <alignment>0x2</alignment>
         <input_file_ref idref="fl-26"/>
      </object_component>
      <object_component id="oc-209">
         <name>.text.PRCMLPDSEnterKeepDebugIf</name>
         <load_address>0x2000e198</load_address>
         <readonly>true</readonly>
         <executable>true</executable>
         <run_address>0x2000e198</run_address>
         <size>0x46</size>
         <alignment>0x2</alignment>
         <input_file_ref idref="fl-27"/>
      </object_component>
      <object_component id="oc-152">
         <name>.text.GPIODirModeSet</name>
         <load_address>0x2000e1de</load_address>
         <readonly>true</readonly>
         <executable>true</executable>
         <run_address>0x2000e1de</run_address>
         <size>0x44</size>
         <alignment>0x2</alignment>
         <input_file_ref idref="fl-23"/>
      </object_component>
      <object_component id="oc-180">
         <name>.text.clkFxn</name>
         <load_address>0x2000e222</load_address>
         <readonly>true</readonly>
         <executable>true</executable>
         <run_address>0x2000e222</run_address>
         <size>0x2</size>
         <alignment>0x2</alignment>
         <input_file_ref idref="fl-1c"/>
      </object_component>
      <object_component id="oc-1a5">
         <name>.text.GPIO_disableInt</name>
         <load_address>0x2000e224</load_address>
         <readonly>true</readonly>
         <executable>true</executable>
         <run_address>0x2000e224</run_address>
         <size>0x44</size>
         <alignment>0x4</alignment>
         <input_file_ref idref="fl-15"/>
      </object_component>
      <object_component id="oc-f3">
         <name>.text.GPIO_enableInt</name>
         <load_address>0x2000e268</load_address>
         <readonly>true</readonly>
         <executable>true</executable>
         <run_address>0x2000e268</run_address>
         <size>0x44</size>
         <alignment>0x4</alignment>
         <input_file_ref idref="fl-15"/>
      </object_component>
      <object_component id="oc-22d">
         <name>.text.Power_releaseConstraint</name>
         <load_address>0x2000e2ac</load_address>
         <readonly>true</readonly>
         <executable>true</executable>
         <run_address>0x2000e2ac</run_address>
         <size>0x44</size>
         <alignment>0x4</alignment>
         <input_file_ref idref="fl-16"/>
      </object_component>
      <object_component id="oc-14c">
         <name>.text.Timer_start</name>
         <load_address>0x2000e2f0</load_address>
         <readonly>true</readonly>
         <executable>true</executable>
         <run_address>0x2000e2f0</run_address>
         <size>0x44</size>
         <alignment>0x2</alignment>
         <input_file_ref idref="fl-18"/>
      </object_component>
      <object_component id="oc-7d">
         <name>.text.addToList</name>
         <load_address>0x2000e334</load_address>
         <readonly>true</readonly>
         <executable>true</executable>
         <run_address>0x2000e334</run_address>
         <size>0x44</size>
         <alignment>0x4</alignment>
         <input_file_ref idref="fl-1d"/>
      </object_component>
      <object_component id="oc-115">
         <name>.text.PinModeSet</name>
         <load_address>0x2000e378</load_address>
         <readonly>true</readonly>
         <executable>true</executable>
         <run_address>0x2000e378</run_address>
         <size>0x42</size>
         <alignment>0x2</alignment>
         <input_file_ref idref="fl-26"/>
      </object_component>
      <object_component id="oc-1df">
         <name>.text.TimerControlStall</name>
         <load_address>0x2000e3ba</load_address>
         <readonly>true</readonly>
         <executable>true</executable>
         <run_address>0x2000e3ba</run_address>
         <size>0x42</size>
         <alignment>0x2</alignment>
         <input_file_ref idref="fl-2a"/>
      </object_component>
      <object_component id="oc-196">
         <name>.text.Timer_close</name>
         <load_address>0x2000e3fc</load_address>
         <readonly>true</readonly>
         <executable>true</executable>
         <run_address>0x2000e3fc</run_address>
         <size>0x42</size>
         <alignment>0x2</alignment>
         <input_file_ref idref="fl-19"/>
      </object_component>
      <object_component id="oc-1b5">
         <name>.text.getCountsRTC</name>
         <load_address>0x2000e43e</load_address>
         <readonly>true</readonly>
         <executable>true</executable>
         <run_address>0x2000e43e</run_address>
         <size>0x42</size>
         <alignment>0x2</alignment>
         <input_file_ref idref="fl-1f"/>
      </object_component>
      <object_component id="oc-129">
         <name>.text.SemaphoreP_post</name>
         <load_address>0x2000e480</load_address>
         <readonly>true</readonly>
         <executable>true</executable>
         <run_address>0x2000e480</run_address>
         <size>0x40</size>
         <alignment>0x4</alignment>
         <input_file_ref idref="fl-1c"/>
      </object_component>
      <object_component id="oc-1d2">
         <name>.text.Timer_stop</name>
         <load_address>0x2000e4c0</load_address>
         <readonly>true</readonly>
         <executable>true</executable>
         <run_address>0x2000e4c0</run_address>
         <size>0x40</size>
         <alignment>0x2</alignment>
         <input_file_ref idref="fl-18"/>
      </object_component>
      <object_component id="oc-223">
         <name>.text.PinDirModeSet</name>
         <load_address>0x2000e500</load_address>
         <readonly>true</readonly>
         <executable>true</executable>
         <run_address>0x2000e500</run_address>
         <size>0x3e</size>
         <alignment>0x2</alignment>
         <input_file_ref idref="fl-26"/>
      </object_component>
      <object_component id="oc-56">
         <name>.text.defaultHandler</name>
         <load_address>0x2000e53e</load_address>
         <readonly>true</readonly>
         <executable>true</executable>
         <run_address>0x2000e53e</run_address>
         <size>0x2</size>
         <alignment>0x2</alignment>
         <input_file_ref idref="fl-20"/>
      </object_component>
      <object_component id="oc-1cd">
         <name>.text.ClockP_stop</name>
         <load_address>0x2000e540</load_address>
         <readonly>true</readonly>
         <executable>true</executable>
         <run_address>0x2000e540</run_address>
         <size>0x3c</size>
         <alignment>0x4</alignment>
         <input_file_ref idref="fl-1d"/>
      </object_component>
      <object_component id="oc-f4">
         <name>.text.initTimer</name>
         <load_address>0x2000e57c</load_address>
         <readonly>true</readonly>
         <executable>true</executable>
         <run_address>0x2000e57c</run_address>
         <size>0x3c</size>
         <alignment>0x4</alignment>
         <input_file_ref idref="fl-1"/>
      </object_component>
      <object_component id="oc-1a0">
         <name>.text.TimerSupport_timerEnable</name>
         <load_address>0x2000e5b8</load_address>
         <readonly>true</readonly>
         <executable>true</executable>
         <run_address>0x2000e5b8</run_address>
         <size>0x3a</size>
         <alignment>0x2</alignment>
         <input_file_ref idref="fl-19"/>
      </object_component>
      <object_component id="oc-55">
         <name>.text.faultISR</name>
         <load_address>0x2000e5f2</load_address>
         <readonly>true</readonly>
         <executable>true</executable>
         <run_address>0x2000e5f2</run_address>
         <size>0x2</size>
         <alignment>0x2</alignment>
         <input_file_ref idref="fl-20"/>
      </object_component>
      <object_component id="oc-17f">
         <name>.text.ClockP_destruct</name>
         <load_address>0x2000e5f4</load_address>
         <readonly>true</readonly>
         <executable>true</executable>
         <run_address>0x2000e5f4</run_address>
         <size>0x38</size>
         <alignment>0x4</alignment>
         <input_file_ref idref="fl-1d"/>
      </object_component>
      <object_component id="oc-1e4">
         <name>.text.Power_setConstraint</name>
         <load_address>0x2000e62c</load_address>
         <readonly>true</readonly>
         <executable>true</executable>
         <run_address>0x2000e62c</run_address>
         <size>0x38</size>
         <alignment>0x4</alignment>
         <input_file_ref idref="fl-16"/>
      </object_component>
      <object_component id="oc-1c6">
         <name>.text.SwiP_restore</name>
         <load_address>0x2000e664</load_address>
         <readonly>true</readonly>
         <executable>true</executable>
         <run_address>0x2000e664</run_address>
         <size>0x38</size>
         <alignment>0x4</alignment>
         <input_file_ref idref="fl-21"/>
      </object_component>
      <object_component id="oc-bf">
         <name>.text:__TI_auto_init_nobinit_nopinit</name>
         <load_address>0x2000e69c</load_address>
         <readonly>true</readonly>
         <executable>true</executable>
         <run_address>0x2000e69c</run_address>
         <size>0x38</size>
         <alignment>0x4</alignment>
         <input_file_ref idref="fl-3c"/>
      </object_component>
      <object_component id="oc-1ff">
         <name>.text.PinLock</name>
         <load_address>0x2000e6d4</load_address>
         <readonly>true</readonly>
         <executable>true</executable>
         <run_address>0x2000e6d4</run_address>
         <size>0x36</size>
         <alignment>0x2</alignment>
         <input_file_ref idref="fl-26"/>
      </object_component>
      <object_component id="oc-19d">
         <name>.text.TimerCC32XX_hwiIntFunction</name>
         <load_address>0x2000e70a</load_address>
         <readonly>true</readonly>
         <executable>true</executable>
         <run_address>0x2000e70a</run_address>
         <size>0x36</size>
         <alignment>0x2</alignment>
         <input_file_ref idref="fl-19"/>
      </object_component>
      <object_component id="oc-17c">
         <name>.text.ClockP_start</name>
         <load_address>0x2000e740</load_address>
         <readonly>true</readonly>
         <executable>true</executable>
         <run_address>0x2000e740</run_address>
         <size>0x34</size>
         <alignment>0x4</alignment>
         <input_file_ref idref="fl-1d"/>
      </object_component>
      <object_component id="oc-222">
         <name>.text.PinDirModeGet</name>
         <load_address>0x2000e774</load_address>
         <readonly>true</readonly>
         <executable>true</executable>
         <run_address>0x2000e774</run_address>
         <size>0x34</size>
         <alignment>0x2</alignment>
         <input_file_ref idref="fl-26"/>
      </object_component>
      <object_component id="oc-110">
         <name>.text.PinModeGet</name>
         <load_address>0x2000e7a8</load_address>
         <readonly>true</readonly>
         <executable>true</executable>
         <run_address>0x2000e7a8</run_address>
         <size>0x34</size>
         <alignment>0x2</alignment>
         <input_file_ref idref="fl-26"/>
      </object_component>
      <object_component id="oc-1fc">
         <name>.text.PowerCC32XX_parkPin</name>
         <load_address>0x2000e7dc</load_address>
         <readonly>true</readonly>
         <executable>true</executable>
         <run_address>0x2000e7dc</run_address>
         <size>0x34</size>
         <alignment>0x2</alignment>
         <input_file_ref idref="fl-16"/>
      </object_component>
      <object_component id="oc-1d7">
         <name>.text.TimerCC32XX_freeTimerResource</name>
         <load_address>0x2000e810</load_address>
         <readonly>true</readonly>
         <executable>true</executable>
         <run_address>0x2000e810</run_address>
         <size>0x34</size>
         <alignment>0x4</alignment>
         <input_file_ref idref="fl-19"/>
      </object_component>
      <object_component id="oc-4f">
         <name>.text.initVectors</name>
         <load_address>0x2000e844</load_address>
         <readonly>true</readonly>
         <executable>true</executable>
         <run_address>0x2000e844</run_address>
         <size>0x34</size>
         <alignment>0x4</alignment>
         <input_file_ref idref="fl-20"/>
      </object_component>
      <object_component id="oc-1b2">
         <name>.text.ClockP_getTicksUntilInterrupt</name>
         <load_address>0x2000e878</load_address>
         <readonly>true</readonly>
         <executable>true</executable>
         <run_address>0x2000e878</run_address>
         <size>0x30</size>
         <alignment>0x4</alignment>
         <input_file_ref idref="fl-1d"/>
      </object_component>
      <object_component id="oc-1bf">
         <name>.text.PRCMLPDSIntervalSet</name>
         <load_address>0x2000e8a8</load_address>
         <readonly>true</readonly>
         <executable>true</executable>
         <run_address>0x2000e8a8</run_address>
         <size>0x30</size>
         <alignment>0x2</alignment>
         <input_file_ref idref="fl-27"/>
      </object_component>
      <object_component id="oc-1f2">
         <name>.text.PRCMSlowClkCtrFastGet</name>
         <load_address>0x2000e8d8</load_address>
         <readonly>true</readonly>
         <executable>true</executable>
         <run_address>0x2000e8d8</run_address>
         <size>0x30</size>
         <alignment>0x2</alignment>
         <input_file_ref idref="fl-27"/>
      </object_component>
      <object_component id="oc-1de">
         <name>.text.TimerLoadSet</name>
         <load_address>0x2000e908</load_address>
         <readonly>true</readonly>
         <executable>true</executable>
         <run_address>0x2000e908</run_address>
         <size>0x30</size>
         <alignment>0x2</alignment>
         <input_file_ref idref="fl-2a"/>
      </object_component>
      <object_component id="oc-1dd">
         <name>.text.TimerPrescaleSet</name>
         <load_address>0x2000e938</load_address>
         <readonly>true</readonly>
         <executable>true</executable>
         <run_address>0x2000e938</run_address>
         <size>0x30</size>
         <alignment>0x2</alignment>
         <input_file_ref idref="fl-2a"/>
      </object_component>
      <object_component id="oc-1fa">
         <name>.text.notify</name>
         <load_address>0x2000e968</load_address>
         <readonly>true</readonly>
         <executable>true</executable>
         <run_address>0x2000e968</run_address>
         <size>0x30</size>
         <alignment>0x4</alignment>
         <input_file_ref idref="fl-16"/>
      </object_component>
      <object_component id="oc-1a7">
         <name>.text.GPIOIntStatus</name>
         <load_address>0x2000e998</load_address>
         <readonly>true</readonly>
         <executable>true</executable>
         <run_address>0x2000e998</run_address>
         <size>0x2e</size>
         <alignment>0x2</alignment>
         <input_file_ref idref="fl-23"/>
      </object_component>
      <object_component id="oc-151">
         <name>.text.HwiP_create</name>
         <load_address>0x2000e9c6</load_address>
         <readonly>true</readonly>
         <executable>true</executable>
         <run_address>0x2000e9c6</run_address>
         <size>0x2a</size>
         <alignment>0x2</alignment>
         <input_file_ref idref="fl-1e"/>
      </object_component>
      <object_component id="oc-169">
         <name>.text.PRCMLPDSWakeUpGPIOSelect</name>
         <load_address>0x2000e9f0</load_address>
         <readonly>true</readonly>
         <executable>true</executable>
         <run_address>0x2000e9f0</run_address>
         <size>0x2a</size>
         <alignment>0x2</alignment>
         <input_file_ref idref="fl-27"/>
      </object_component>
      <object_component id="oc-10f">
         <name>.text.PRCMPeripheralClkDisable</name>
         <load_address>0x2000ea1a</load_address>
         <readonly>true</readonly>
         <executable>true</executable>
         <run_address>0x2000ea1a</run_address>
         <size>0x2a</size>
         <alignment>0x2</alignment>
         <input_file_ref idref="fl-27"/>
      </object_component>
      <object_component id="oc-20f">
         <name>.text.List_remove</name>
         <load_address>0x2000ea44</load_address>
         <readonly>true</readonly>
         <executable>true</executable>
         <run_address>0x2000ea44</run_address>
         <size>0x28</size>
         <alignment>0x2</alignment>
         <input_file_ref idref="fl-1a"/>
      </object_component>
      <object_component id="oc-1fb">
         <name>.text.PRCMSRAMRetentionEnable</name>
         <load_address>0x2000ea6c</load_address>
         <readonly>true</readonly>
         <executable>true</executable>
         <run_address>0x2000ea6c</run_address>
         <size>0x28</size>
         <alignment>0x2</alignment>
         <input_file_ref idref="fl-27"/>
      </object_component>
      <object_component id="oc-20e">
         <name>.text.TimerSupport_timerDisable</name>
         <load_address>0x2000ea94</load_address>
         <readonly>true</readonly>
         <executable>true</executable>
         <run_address>0x2000ea94</run_address>
         <size>0x28</size>
         <alignment>0x2</alignment>
         <input_file_ref idref="fl-19"/>
      </object_component>
      <object_component id="oc-1cc">
         <name>.text.free_list_insert</name>
         <load_address>0x2000eabc</load_address>
         <readonly>true</readonly>
         <executable>true</executable>
         <run_address>0x2000eabc</run_address>
         <size>0x28</size>
         <alignment>0x4</alignment>
         <input_file_ref idref="fl-39"/>
      </object_component>
      <object_component id="oc-230">
         <name>.text.IntUnregister</name>
         <load_address>0x2000eae4</load_address>
         <readonly>true</readonly>
         <executable>true</executable>
         <run_address>0x2000eae4</run_address>
         <size>0x24</size>
         <alignment>0x2</alignment>
         <input_file_ref idref="fl-25"/>
      </object_component>
      <object_component id="oc-181">
         <name>.text.List_put</name>
         <load_address>0x2000eb08</load_address>
         <readonly>true</readonly>
         <executable>true</executable>
         <run_address>0x2000eb08</run_address>
         <size>0x24</size>
         <alignment>0x2</alignment>
         <input_file_ref idref="fl-1a"/>
      </object_component>
      <object_component id="oc-167">
         <name>.text.PRCMLPDSWakeupSourceEnable</name>
         <load_address>0x2000eb2c</load_address>
         <readonly>true</readonly>
         <executable>true</executable>
         <run_address>0x2000eb2c</run_address>
         <size>0x24</size>
         <alignment>0x2</alignment>
         <input_file_ref idref="fl-27"/>
      </object_component>
      <object_component id="oc-206">
         <name>.text.PowerCC32XX_restoreParkedPin</name>
         <load_address>0x2000eb50</load_address>
         <readonly>true</readonly>
         <executable>true</executable>
         <run_address>0x2000eb50</run_address>
         <size>0x24</size>
         <alignment>0x2</alignment>
         <input_file_ref idref="fl-16"/>
      </object_component>
      <object_component id="oc-128">
         <name>.text.Power_registerNotify</name>
         <load_address>0x2000eb74</load_address>
         <readonly>true</readonly>
         <executable>true</executable>
         <run_address>0x2000eb74</run_address>
         <size>0x24</size>
         <alignment>0x4</alignment>
         <input_file_ref idref="fl-16"/>
      </object_component>
      <object_component id="oc-76">
         <name>.text:_c_int00_noargs</name>
         <load_address>0x2000eb98</load_address>
         <readonly>true</readonly>
         <executable>true</executable>
         <run_address>0x2000eb98</run_address>
         <size>0x24</size>
         <alignment>0x4</alignment>
         <input_file_ref idref="fl-3a"/>
      </object_component>
      <object_component id="oc-135">
         <name>.text.GPIOPinWrite</name>
         <load_address>0x2000ebbc</load_address>
         <readonly>true</readonly>
         <executable>true</executable>
         <run_address>0x2000ebbc</run_address>
         <size>0x22</size>
         <alignment>0x2</alignment>
         <input_file_ref idref="fl-23"/>
      </object_component>
      <object_component id="oc-205">
         <name>.text.PinUnlock</name>
         <load_address>0x2000ebde</load_address>
         <readonly>true</readonly>
         <executable>true</executable>
         <run_address>0x2000ebde</run_address>
         <size>0x22</size>
         <alignment>0x2</alignment>
         <input_file_ref idref="fl-26"/>
      </object_component>
      <object_component id="oc-1e7">
         <name>.text.IntRegister</name>
         <load_address>0x2000ec00</load_address>
         <readonly>true</readonly>
         <executable>true</executable>
         <run_address>0x2000ec00</run_address>
         <size>0x20</size>
         <alignment>0x2</alignment>
         <input_file_ref idref="fl-25"/>
      </object_component>
      <object_component id="oc-1d3">
         <name>.text.Power_unregisterNotify</name>
         <load_address>0x2000ec20</load_address>
         <readonly>true</readonly>
         <executable>true</executable>
         <run_address>0x2000ec20</run_address>
         <size>0x20</size>
         <alignment>0x4</alignment>
         <input_file_ref idref="fl-16"/>
      </object_component>
      <object_component id="oc-194">
         <name>.text.SemaphoreP_constructBinary</name>
         <load_address>0x2000ec40</load_address>
         <readonly>true</readonly>
         <executable>true</executable>
         <run_address>0x2000ec40</run_address>
         <size>0x20</size>
         <alignment>0x4</alignment>
         <input_file_ref idref="fl-1c"/>
      </object_component>
      <object_component id="oc-11e">
         <name>.text.SemaphoreP_createBinary</name>
         <load_address>0x2000ec60</load_address>
         <readonly>true</readonly>
         <executable>true</executable>
         <run_address>0x2000ec60</run_address>
         <size>0x20</size>
         <alignment>0x4</alignment>
         <input_file_ref idref="fl-1c"/>
      </object_component>
      <object_component id="oc-1d8">
         <name>.text.TimerDisable</name>
         <load_address>0x2000ec80</load_address>
         <readonly>true</readonly>
         <executable>true</executable>
         <run_address>0x2000ec80</run_address>
         <size>0x20</size>
         <alignment>0x2</alignment>
         <input_file_ref idref="fl-2a"/>
      </object_component>
      <object_component id="oc-ee">
         <name>.text.GPIO_setCallback</name>
         <load_address>0x2000eca0</load_address>
         <readonly>true</readonly>
         <executable>true</executable>
         <run_address>0x2000eca0</run_address>
         <size>0x1c</size>
         <alignment>0x4</alignment>
         <input_file_ref idref="fl-14"/>
      </object_component>
      <object_component id="oc-1ec">
         <name>.text.HwiP_dispatch</name>
         <load_address>0x2000ecbc</load_address>
         <readonly>true</readonly>
         <executable>true</executable>
         <run_address>0x2000ecbc</run_address>
         <size>0x1c</size>
         <alignment>0x4</alignment>
         <input_file_ref idref="fl-1e"/>
      </object_component>
      <object_component id="oc-1ab">
         <name>.text.SwiP_disable</name>
         <load_address>0x2000ecd8</load_address>
         <readonly>true</readonly>
         <executable>true</executable>
         <run_address>0x2000ecd8</run_address>
         <size>0x1c</size>
         <alignment>0x4</alignment>
         <input_file_ref idref="fl-21"/>
      </object_component>
      <object_component id="oc-1cb">
         <name>.text.free_list_remove</name>
         <load_address>0x2000ecf4</load_address>
         <readonly>true</readonly>
         <executable>true</executable>
         <run_address>0x2000ecf4</run_address>
         <size>0x1c</size>
         <alignment>0x4</alignment>
         <input_file_ref idref="fl-39"/>
      </object_component>
      <object_component id="oc-1d0">
         <name>.text.getPowerMgrId</name>
         <load_address>0x2000ed10</load_address>
         <readonly>true</readonly>
         <executable>true</executable>
         <run_address>0x2000ed10</run_address>
         <size>0x1c</size>
         <alignment>0x4</alignment>
         <input_file_ref idref="fl-19"/>
      </object_component>
      <object_component id="oc-21">
         <name>.text.resetISR</name>
         <load_address>0x2000ed2c</load_address>
         <readonly>true</readonly>
         <executable>true</executable>
         <run_address>0x2000ed2c</run_address>
         <size>0x1c</size>
         <alignment>0x2</alignment>
         <input_file_ref idref="fl-20"/>
      </object_component>
      <object_component id="oc-1ed">
         <name>.text.GPIOIntDisable</name>
         <load_address>0x2000ed48</load_address>
         <readonly>true</readonly>
         <executable>true</executable>
         <run_address>0x2000ed48</run_address>
         <size>0x1a</size>
         <alignment>0x2</alignment>
         <input_file_ref idref="fl-23"/>
      </object_component>
      <object_component id="oc-10c">
         <name>.text.PRCMHIBRegRead</name>
         <load_address>0x2000ed62</load_address>
         <readonly>true</readonly>
         <executable>true</executable>
         <run_address>0x2000ed62</run_address>
         <size>0x1a</size>
         <alignment>0x2</alignment>
         <input_file_ref idref="fl-27"/>
      </object_component>
      <object_component id="oc-10b">
         <name>.text.PRCMHIBRegWrite</name>
         <load_address>0x2000ed7c</load_address>
         <readonly>true</readonly>
         <executable>true</executable>
         <run_address>0x2000ed7c</run_address>
         <size>0x1a</size>
         <alignment>0x2</alignment>
         <input_file_ref idref="fl-27"/>
      </object_component>
      <object_component id="oc-168">
         <name>.text.PRCMLPDSWakeupSourceDisable</name>
         <load_address>0x2000ed96</load_address>
         <readonly>true</readonly>
         <executable>true</executable>
         <run_address>0x2000ed96</run_address>
         <size>0x1a</size>
         <alignment>0x2</alignment>
         <input_file_ref idref="fl-27"/>
      </object_component>
      <object_component id="oc-1fe">
         <name>.text.PinToPadGet</name>
         <load_address>0x2000edb0</load_address>
         <readonly>true</readonly>
         <executable>true</executable>
         <run_address>0x2000edb0</run_address>
         <size>0x1a</size>
         <alignment>0x2</alignment>
         <input_file_ref idref="fl-26"/>
      </object_component>
      <object_component id="oc-1e5">
         <name>.text.TimerEnable</name>
         <load_address>0x2000edca</load_address>
         <readonly>true</readonly>
         <executable>true</executable>
         <run_address>0x2000edca</run_address>
         <size>0x1a</size>
         <alignment>0x2</alignment>
         <input_file_ref idref="fl-2a"/>
      </object_component>
      <object_component id="oc-13e">
         <name>.text.GPIOIntEnable</name>
         <load_address>0x2000ede4</load_address>
         <readonly>true</readonly>
         <executable>true</executable>
         <run_address>0x2000ede4</run_address>
         <size>0x18</size>
         <alignment>0x2</alignment>
         <input_file_ref idref="fl-23"/>
      </object_component>
      <object_component id="oc-1a8">
         <name>.text.GPIOPinRead</name>
         <load_address>0x2000edfc</load_address>
         <readonly>true</readonly>
         <executable>true</executable>
         <run_address>0x2000edfc</run_address>
         <size>0x18</size>
         <alignment>0x2</alignment>
         <input_file_ref idref="fl-23"/>
      </object_component>
      <object_component id="oc-175">
         <name>.text.SemaphoreP_create</name>
         <load_address>0x2000ee14</load_address>
         <readonly>true</readonly>
         <executable>true</executable>
         <run_address>0x2000ee14</run_address>
         <size>0x18</size>
         <alignment>0x2</alignment>
         <input_file_ref idref="fl-1c"/>
      </object_component>
      <object_component id="oc-a6">
         <name>.text.Board_init</name>
         <load_address>0x2000ee2c</load_address>
         <readonly>true</readonly>
         <executable>true</executable>
         <run_address>0x2000ee2c</run_address>
         <size>0x16</size>
         <alignment>0x2</alignment>
         <input_file_ref idref="fl-2"/>
      </object_component>
      <object_component id="oc-1c2">
         <name>.text.SysTickPeriodSet</name>
         <load_address>0x2000ee42</load_address>
         <readonly>true</readonly>
         <executable>true</executable>
         <run_address>0x2000ee42</run_address>
         <size>0x16</size>
         <alignment>0x2</alignment>
         <input_file_ref idref="fl-29"/>
      </object_component>
      <object_component id="oc-22c">
         <name>.text.TimerIntDisable</name>
         <load_address>0x2000ee58</load_address>
         <readonly>true</readonly>
         <executable>true</executable>
         <run_address>0x2000ee58</run_address>
         <size>0x16</size>
         <alignment>0x2</alignment>
         <input_file_ref idref="fl-2a"/>
      </object_component>
      <object_component id="oc-6c">
         <name>.text.CPUcpsid</name>
         <load_address>0x2000ee6e</load_address>
         <readonly>true</readonly>
         <executable>true</executable>
         <run_address>0x2000ee6e</run_address>
         <size>0x14</size>
         <alignment>0x2</alignment>
         <input_file_ref idref="fl-22"/>
      </object_component>
      <object_component id="oc-18d">
         <name>.text.CPUcpsie</name>
         <load_address>0x2000ee82</load_address>
         <readonly>true</readonly>
         <executable>true</executable>
         <run_address>0x2000ee82</run_address>
         <size>0x14</size>
         <alignment>0x2</alignment>
         <input_file_ref idref="fl-22"/>
      </object_component>
      <object_component id="oc-211">
         <name>.text.HwiP_destruct</name>
         <load_address>0x2000ee96</load_address>
         <readonly>true</readonly>
         <executable>true</executable>
         <run_address>0x2000ee96</run_address>
         <size>0x14</size>
         <alignment>0x2</alignment>
         <input_file_ref idref="fl-1e"/>
      </object_component>
      <object_component id="oc-73">
         <name>.text.IntVTableBaseSet</name>
         <load_address>0x2000eeaa</load_address>
         <readonly>true</readonly>
         <executable>true</executable>
         <run_address>0x2000eeaa</run_address>
         <size>0x14</size>
         <alignment>0x2</alignment>
         <input_file_ref idref="fl-25"/>
      </object_component>
      <object_component id="oc-54">
         <name>.text.nmiISR</name>
         <load_address>0x2000eebe</load_address>
         <readonly>true</readonly>
         <executable>true</executable>
         <run_address>0x2000eebe</run_address>
         <size>0x2</size>
         <alignment>0x2</alignment>
         <input_file_ref idref="fl-20"/>
      </object_component>
      <object_component id="oc-188">
         <name>.text.Power_disablePolicy</name>
         <load_address>0x2000eec0</load_address>
         <readonly>true</readonly>
         <executable>true</executable>
         <run_address>0x2000eec0</run_address>
         <size>0x14</size>
         <alignment>0x4</alignment>
         <input_file_ref idref="fl-16"/>
      </object_component>
      <object_component id="oc-1b3">
         <name>.text.Power_getTransitionLatency</name>
         <load_address>0x2000eed4</load_address>
         <readonly>true</readonly>
         <executable>true</executable>
         <run_address>0x2000eed4</run_address>
         <size>0x14</size>
         <alignment>0x4</alignment>
         <input_file_ref idref="fl-16"/>
      </object_component>
      <object_component id="oc-1ca">
         <name>.text.Power_idleFunc</name>
         <load_address>0x2000eee8</load_address>
         <readonly>true</readonly>
         <executable>true</executable>
         <run_address>0x2000eee8</run_address>
         <size>0x14</size>
         <alignment>0x4</alignment>
         <input_file_ref idref="fl-16"/>
      </object_component>
      <object_component id="oc-1e3">
         <name>.text.TimerIntEnable</name>
         <load_address>0x2000eefc</load_address>
         <readonly>true</readonly>
         <executable>true</executable>
         <run_address>0x2000eefc</run_address>
         <size>0x14</size>
         <alignment>0x2</alignment>
         <input_file_ref idref="fl-2a"/>
      </object_component>
      <object_component id="oc-1b6">
         <name>.text.__aeabi_uldivmod</name>
         <load_address>0x2000ef10</load_address>
         <readonly>true</readonly>
         <executable>true</executable>
         <run_address>0x2000ef10</run_address>
         <size>0x14</size>
         <alignment>0x4</alignment>
         <input_file_ref idref="fl-aa"/>
      </object_component>
      <object_component id="oc-17b">
         <name>.text.ClockP_add</name>
         <load_address>0x2000ef24</load_address>
         <readonly>true</readonly>
         <executable>true</executable>
         <run_address>0x2000ef24</run_address>
         <size>0x12</size>
         <alignment>0x2</alignment>
         <input_file_ref idref="fl-1d"/>
      </object_component>
      <object_component id="oc-1a6">
         <name>.text.GPIOIntClear</name>
         <load_address>0x2000ef36</load_address>
         <readonly>true</readonly>
         <executable>true</executable>
         <run_address>0x2000ef36</run_address>
         <size>0x12</size>
         <alignment>0x2</alignment>
         <input_file_ref idref="fl-23"/>
      </object_component>
      <object_component id="oc-150">
         <name>.text.HwiP_Params_init</name>
         <load_address>0x2000ef48</load_address>
         <readonly>true</readonly>
         <executable>true</executable>
         <run_address>0x2000ef48</run_address>
         <size>0x12</size>
         <alignment>0x2</alignment>
         <input_file_ref idref="fl-1e"/>
      </object_component>
      <object_component id="oc-1d5">
         <name>.text.HwiP_delete</name>
         <load_address>0x2000ef5a</load_address>
         <readonly>true</readonly>
         <executable>true</executable>
         <run_address>0x2000ef5a</run_address>
         <size>0x12</size>
         <alignment>0x2</alignment>
         <input_file_ref idref="fl-1e"/>
      </object_component>
      <object_component id="oc-1c3">
         <name>.text.SysTickEnable</name>
         <load_address>0x2000ef6c</load_address>
         <readonly>true</readonly>
         <executable>true</executable>
         <run_address>0x2000ef6c</run_address>
         <size>0x12</size>
         <alignment>0x2</alignment>
         <input_file_ref idref="fl-29"/>
      </object_component>
      <object_component id="oc-1ba">
         <name>.text.SysTickIntDisable</name>
         <load_address>0x2000ef7e</load_address>
         <readonly>true</readonly>
         <executable>true</executable>
         <run_address>0x2000ef7e</run_address>
         <size>0x12</size>
         <alignment>0x2</alignment>
         <input_file_ref idref="fl-29"/>
      </object_component>
      <object_component id="oc-1c4">
         <name>.text.SysTickIntEnable</name>
         <load_address>0x2000ef90</load_address>
         <readonly>true</readonly>
         <executable>true</executable>
         <run_address>0x2000ef90</run_address>
         <size>0x12</size>
         <alignment>0x2</alignment>
         <input_file_ref idref="fl-29"/>
      </object_component>
      <object_component id="oc-f7">
         <name>.text.gpioButtonFxn1</name>
         <load_address>0x2000efa2</load_address>
         <readonly>true</readonly>
         <executable>true</executable>
         <run_address>0x2000efa2</run_address>
         <size>0x12</size>
         <alignment>0x2</alignment>
         <input_file_ref idref="fl-1"/>
      </object_component>
      <object_component id="oc-81">
         <name>.text:TI_memcpy_small</name>
         <load_address>0x2000efb4</load_address>
         <readonly>true</readonly>
         <executable>true</executable>
         <run_address>0x2000efb4</run_address>
         <size>0x12</size>
         <alignment>0x1</alignment>
         <input_file_ref idref="fl-ad"/>
      </object_component>
      <object_component id="oc-43">
         <name>.text:decompress:ZI:__TI_zero_init_nomemset</name>
         <load_address>0x2000efc6</load_address>
         <readonly>true</readonly>
         <executable>true</executable>
         <run_address>0x2000efc6</run_address>
         <size>0x12</size>
         <alignment>0x2</alignment>
         <input_file_ref idref="fl-3f"/>
      </object_component>
      <object_component id="oc-195">
         <name>.text.ClockP_getCpuFreq</name>
         <load_address>0x2000efd8</load_address>
         <readonly>true</readonly>
         <executable>true</executable>
         <run_address>0x2000efd8</run_address>
         <size>0x10</size>
         <alignment>0x4</alignment>
         <input_file_ref idref="fl-1d"/>
      </object_component>
      <object_component id="oc-1b4">
         <name>.text.ClockP_getSystemTicks</name>
         <load_address>0x2000efe8</load_address>
         <readonly>true</readonly>
         <executable>true</executable>
         <run_address>0x2000efe8</run_address>
         <size>0x10</size>
         <alignment>0x4</alignment>
         <input_file_ref idref="fl-1d"/>
      </object_component>
      <object_component id="oc-1c1">
         <name>.text.ClockP_setTicks</name>
         <load_address>0x2000eff8</load_address>
         <readonly>true</readonly>
         <executable>true</executable>
         <run_address>0x2000eff8</run_address>
         <size>0x10</size>
         <alignment>0x4</alignment>
         <input_file_ref idref="fl-1d"/>
      </object_component>
      <object_component id="oc-187">
         <name>.text.HwiP_inISR</name>
         <load_address>0x2000f008</load_address>
         <readonly>true</readonly>
         <executable>true</executable>
         <run_address>0x2000f008</run_address>
         <size>0x10</size>
         <alignment>0x4</alignment>
         <input_file_ref idref="fl-1e"/>
      </object_component>
      <object_component id="oc-17e">
         <name>.text.Power_enablePolicy</name>
         <load_address>0x2000f018</load_address>
         <readonly>true</readonly>
         <executable>true</executable>
         <run_address>0x2000f018</run_address>
         <size>0x10</size>
         <alignment>0x4</alignment>
         <input_file_ref idref="fl-16"/>
      </object_component>
      <object_component id="oc-1e2">
         <name>.text.TimerIntClear</name>
         <load_address>0x2000f028</load_address>
         <readonly>true</readonly>
         <executable>true</executable>
         <run_address>0x2000f028</run_address>
         <size>0x10</size>
         <alignment>0x2</alignment>
         <input_file_ref idref="fl-2a"/>
      </object_component>
      <object_component id="oc-144">
         <name>.text.Timer_Params_init</name>
         <load_address>0x2000f038</load_address>
         <readonly>true</readonly>
         <executable>true</executable>
         <run_address>0x2000f038</run_address>
         <size>0x10</size>
         <alignment>0x4</alignment>
         <input_file_ref idref="fl-18"/>
      </object_component>
      <object_component id="oc-8f">
         <name>.text.main</name>
         <load_address>0x2000f048</load_address>
         <readonly>true</readonly>
         <executable>true</executable>
         <run_address>0x2000f048</run_address>
         <size>0x10</size>
         <alignment>0x2</alignment>
         <input_file_ref idref="fl-3"/>
      </object_component>
      <object_component id="oc-1c">
         <name>.text:decompress:none</name>
         <load_address>0x2000f058</load_address>
         <readonly>true</readonly>
         <executable>true</executable>
         <run_address>0x2000f058</run_address>
         <size>0xe</size>
         <alignment>0x2</alignment>
         <input_file_ref idref="fl-40"/>
      </object_component>
      <object_component id="oc-20b">
         <name>.text.CPUwfi</name>
         <load_address>0x2000f066</load_address>
         <readonly>true</readonly>
         <executable>true</executable>
         <run_address>0x2000f066</run_address>
         <size>0xc</size>
         <alignment>0x2</alignment>
         <input_file_ref idref="fl-22"/>
      </object_component>
      <object_component id="oc-207">
         <name>.text.PRCMLPDSWakeupCauseGet</name>
         <load_address>0x2000f072</load_address>
         <readonly>true</readonly>
         <executable>true</executable>
         <run_address>0x2000f072</run_address>
         <size>0xc</size>
         <alignment>0x2</alignment>
         <input_file_ref idref="fl-27"/>
      </object_component>
      <object_component id="oc-14d">
         <name>.text.timerCallback</name>
         <load_address>0x2000f07e</load_address>
         <readonly>true</readonly>
         <executable>true</executable>
         <run_address>0x2000f07e</run_address>
         <size>0x2</size>
         <alignment>0x2</alignment>
         <input_file_ref idref="fl-1"/>
      </object_component>
      <object_component id="oc-1b1">
         <name>.text.Power_getConstraintMask</name>
         <load_address>0x2000f080</load_address>
         <readonly>true</readonly>
         <executable>true</executable>
         <run_address>0x2000f080</run_address>
         <size>0xc</size>
         <alignment>0x4</alignment>
         <input_file_ref idref="fl-16"/>
      </object_component>
      <object_component id="oc-19c">
         <name>.text.postNotifyFxn</name>
         <load_address>0x2000f08c</load_address>
         <readonly>true</readonly>
         <executable>true</executable>
         <run_address>0x2000f08c</run_address>
         <size>0xc</size>
         <alignment>0x2</alignment>
         <input_file_ref idref="fl-19"/>
      </object_component>
      <object_component id="oc-17d">
         <name>.text.ClockP_isActive</name>
         <load_address>0x2000f098</load_address>
         <readonly>true</readonly>
         <executable>true</executable>
         <run_address>0x2000f098</run_address>
         <size>0xa</size>
         <alignment>0x2</alignment>
         <input_file_ref idref="fl-1d"/>
      </object_component>
      <object_component id="oc-4a">
         <name>.text.IntMasterDisable</name>
         <load_address>0x2000f0a2</load_address>
         <readonly>true</readonly>
         <executable>true</executable>
[...]
         <name>ClockP_getTicksUntilInterrupt</name>
         <value>0x2000e879</value>
         <object_component_ref idref="oc-1b2"/>
      </symbol>
      <symbol id="sm-1cf">
         <name>ClockP_isActive</name>
         <value>0x2000f099</value>
         <object_component_ref idref="oc-17d"/>
      </symbol>
      <symbol id="sm-1d0">
         <name>ClockP_setTicks</name>
         <value>0x2000eff9</value>
         <object_component_ref idref="oc-1c1"/>
      </symbol>
      <symbol id="sm-1d1">
         <name>ClockP_tickPeriod</name>
         <value>0x2000f77c</value>
         <object_component_ref idref="oc-1c8"/>
      </symbol>
      <symbol id="sm-1f6">
         <name>HwiP_enable</name>
         <value>0x2000f0ed</value>
         <object_component_ref idref="oc-e5"/>
      </symbol>
      <symbol id="sm-1f7">
         <name>HwiP_disable</name>
         <value>0x2000f0b7</value>
         <object_component_ref idref="oc-124"/>
      </symbol>
      <symbol id="sm-1f8">
         <name>HwiP_restore</name>
         <value>0x2000f0bf</value>
         <object_component_ref idref="oc-125"/>
      </symbol>
      <symbol id="sm-1f9">
         <name>HwiP_clearInterrupt</name>
         <value>0x2000f0e9</value>
         <object_component_ref idref="oc-1d4"/>
      </symbol>
      <symbol id="sm-1fa">
         <name>HwiP_destruct</name>
         <value>0x2000ee97</value>
         <object_component_ref idref="oc-211"/>
      </symbol>
      <symbol id="sm-1fb">
         <name>HwiP_delete</name>
         <value>0x2000ef5b</value>
         <object_component_ref idref="oc-1d5"/>
      </symbol>
      <symbol id="sm-1fc">
         <name>HwiP_dispatch</name>
         <value>0x2000ecbd</value>
         <object_component_ref idref="oc-1ec"/>
      </symbol>
      <symbol id="sm-1fd">
         <name>HwiP_construct</name>
         <value>0x2000d649</value>
         <object_component_ref idref="oc-1a3"/>
      </symbol>
      <symbol id="sm-1fe">
         <name>HwiP_swiPIntNum</name>
         <value>0x2000f780</value>
         <object_component_ref idref="oc-1ea"/>
      </symbol>
      <symbol id="sm-1ff">
         <name>HwiP_Params_init</name>
         <value>0x2000ef49</value>
         <object_component_ref idref="oc-150"/>
      </symbol>
      <symbol id="sm-200">
         <name>HwiP_create</name>
         <value>0x2000e9c7</value>
         <object_component_ref idref="oc-151"/>
      </symbol>
      <symbol id="sm-201">
         <name>HwiP_post</name>
         <value>0x2000f0f1</value>
         <object_component_ref idref="oc-20c"/>
      </symbol>
      <symbol id="sm-202">
         <name>HwiP_inISR</name>
         <value>0x2000f009</value>
         <object_component_ref idref="oc-187"/>
      </symbol>
      <symbol id="sm-212">
         <name>PowerCC32XX_initPolicy</name>
         <value>0x2000d427</value>
         <object_component_ref idref="oc-16d"/>
      </symbol>
      <symbol id="sm-213">
         <name>PowerCC32XX_sleepPolicy</name>
         <value>0x2000c8dd</value>
         <object_component_ref idref="oc-172"/>
      </symbol>
      <symbol id="sm-230">
         <name>resetISR</name>
         <value>0x2000ed2d</value>
         <object_component_ref idref="oc-21"/>
      </symbol>
      <symbol id="sm-231">
         <name>initVectors</name>
         <value>0x2000e845</value>
         <object_component_ref idref="oc-4f"/>
      </symbol>
      <symbol id="sm-246">
         <name>SwiP_disable</name>
         <value>0x2000ecd9</value>
         <object_component_ref idref="oc-1ab"/>
      </symbol>
      <symbol id="sm-247">
         <name>SwiP_restore</name>
         <value>0x2000e665</value>
         <object_component_ref idref="oc-1c6"/>
      </symbol>
      <symbol id="sm-25e">
         <name>CPUcpsid</name>
         <value>0x2000ee6f</value>
         <object_component_ref idref="oc-6c"/>
      </symbol>
      <symbol id="sm-25f">
         <name>CPUcpsie</name>
         <value>0x2000ee83</value>
         <object_component_ref idref="oc-18d"/>
      </symbol>
      <symbol id="sm-260">
         <name>CPUwfi</name>
         <value>0x2000f067</value>
         <object_component_ref idref="oc-20b"/>
      </symbol>
      <symbol id="sm-29b">
         <name>GPIODirModeSet</name>
         <value>0x2000e1df</value>
         <object_component_ref idref="oc-152"/>
      </symbol>
      <symbol id="sm-29c">
         <name>GPIOIntClear</name>
         <value>0x2000ef37</value>
         <object_component_ref idref="oc-1a6"/>
      </symbol>
      <symbol id="sm-29d">
         <name>GPIOIntDisable</name>
         <value>0x2000ed49</value>
         <object_component_ref idref="oc-1ed"/>
      </symbol>
      <symbol id="sm-29e">
         <name>GPIOIntEnable</name>
         <value>0x2000ede5</value>
         <object_component_ref idref="oc-13e"/>
      </symbol>
      <symbol id="sm-29f">
         <name>GPIOIntStatus</name>
         <value>0x2000e999</value>
         <object_component_ref idref="oc-1a7"/>
      </symbol>
      <symbol id="sm-2a0">
         <name>GPIOIntTypeSet</name>
         <value>0x2000d105</value>
         <object_component_ref idref="oc-1a4"/>
      </symbol>
      <symbol id="sm-2a1">
         <name>GPIOPinRead</name>
         <value>0x2000edfd</value>
         <object_component_ref idref="oc-1a8"/>
      </symbol>
      <symbol id="sm-2a2">
         <name>GPIOPinWrite</name>
         <value>0x2000ebbd</value>
         <object_component_ref idref="oc-135"/>
      </symbol>
      <symbol id="sm-2f2">
         <name>IntDisable</name>
         <value>0x2000cec5</value>
         <object_component_ref idref="oc-22f"/>
      </symbol>
      <symbol id="sm-2f3">
         <name>IntEnable</name>
         <value>0x2000cf8d</value>
         <object_component_ref idref="oc-1e9"/>
      </symbol>
      <symbol id="sm-2f4">
         <name>IntMasterDisable</name>
         <value>0x2000f0a3</value>
         <object_component_ref idref="oc-4a"/>
      </symbol>
      <symbol id="sm-2f5">
         <name>IntMasterEnable</name>
         <value>0x2000f0ad</value>
         <object_component_ref idref="oc-131"/>
      </symbol>
      <symbol id="sm-2f6">
         <name>IntPendClear</name>
         <value>0x2000d9bb</value>
         <object_component_ref idref="oc-210"/>
      </symbol>
      <symbol id="sm-2f7">
         <name>IntPendSet</name>
         <value>0x2000d1b1</value>
         <object_component_ref idref="oc-22b"/>
      </symbol>
      <symbol id="sm-2f8">
         <name>IntPrioritySet</name>
         <value>0x2000dcad</value>
         <object_component_ref idref="oc-1e8"/>
      </symbol>
      <symbol id="sm-2f9">
         <name>IntRegister</name>
         <value>0x2000ec01</value>
         <object_component_ref idref="oc-1e7"/>
      </symbol>
      <symbol id="sm-2fa">
         <name>IntUnregister</name>
         <value>0x2000eae5</value>
         <object_component_ref idref="oc-230"/>
      </symbol>
      <symbol id="sm-2fb">
         <name>IntVTableBaseSet</name>
         <value>0x2000eeab</value>
         <object_component_ref idref="oc-73"/>
      </symbol>
      <symbol id="sm-341">
         <name>PinConfigGet</name>
         <value>0x2000e151</value>
         <object_component_ref idref="oc-221"/>
      </symbol>
      <symbol id="sm-342">
         <name>PinConfigSet</name>
         <value>0x2000d255</value>
         <object_component_ref idref="oc-14e"/>
      </symbol>
      <symbol id="sm-343">
         <name>PinDirModeGet</name>
         <value>0x2000e775</value>
         <object_component_ref idref="oc-222"/>
      </symbol>
      <symbol id="sm-344">
         <name>PinDirModeSet</name>
         <value>0x2000e501</value>
         <object_component_ref idref="oc-223"/>
      </symbol>
      <symbol id="sm-345">
         <name>PinLock</name>
         <value>0x2000e6d5</value>
         <object_component_ref idref="oc-1ff"/>
      </symbol>
      <symbol id="sm-346">
         <name>PinLockLevelSet</name>
         <value>0x2000d7a1</value>
         <object_component_ref idref="oc-1fd"/>
      </symbol>
      <symbol id="sm-347">
         <name>PinModeGet</name>
         <value>0x2000e7a9</value>
         <object_component_ref idref="oc-110"/>
      </symbol>
      <symbol id="sm-348">
         <name>PinModeSet</name>
         <value>0x2000e379</value>
         <object_component_ref idref="oc-115"/>
      </symbol>
      <symbol id="sm-349">
         <name>PinToPadGet</name>
         <value>0x2000edb1</value>
         <object_component_ref idref="oc-1fe"/>
      </symbol>
      <symbol id="sm-34a">
         <name>PinUnlock</name>
         <value>0x2000ebdf</value>
         <object_component_ref idref="oc-205"/>
      </symbol>
      <symbol id="sm-3fc">
         <name>PRCMCC3200MCUInit</name>
         <value>0x2000c041</value>
         <object_component_ref idref="oc-d2"/>
      </symbol>
      <symbol id="sm-3fd">
         <name>PRCMHIBRegRead</name>
         <value>0x2000ed63</value>
         <object_component_ref idref="oc-10c"/>
      </symbol>
      <symbol id="sm-3fe">
         <name>PRCMHIBRegWrite</name>
         <value>0x2000ed7d</value>
         <object_component_ref idref="oc-10b"/>
      </symbol>
      <symbol id="sm-3ff">
         <name>PRCMHibernateWakeUpGPIOSelect</name>
         <value>0x2000d6bd</value>
         <object_component_ref idref="oc-16a"/>
      </symbol>
      <symbol id="sm-400">
         <name>PRCMHibernateWakeupSourceDisable</name>
         <value>0x2000db41</value>
         <object_component_ref idref="oc-16c"/>
      </symbol>
      <symbol id="sm-401">
         <name>PRCMHibernateWakeupSourceEnable</name>
         <value>0x2000dea9</value>
         <object_component_ref idref="oc-16b"/>
      </symbol>
      <symbol id="sm-402">
         <name>PRCMIntEnable</name>
         <value>0x2000e0c1</value>
         <object_component_ref idref="oc-204"/>
      </symbol>
      <symbol id="sm-403">
         <name>PRCMLPDSEnter</name>
         <value>0x2000dd05</value>
         <object_component_ref idref="oc-20a"/>
      </symbol>
      <symbol id="sm-404">
         <name>PRCMLPDSEnterKeepDebugIf</name>
         <value>0x2000e199</value>
         <object_component_ref idref="oc-209"/>
      </symbol>
      <symbol id="sm-405">
         <name>PRCMLPDSIntervalSet</name>
         <value>0x2000e8a9</value>
         <object_component_ref idref="oc-1bf"/>
      </symbol>
      <symbol id="sm-406">
         <name>PRCMLPDSRestoreInfoSet</name>
         <value>0x2000df95</value>
         <object_component_ref idref="oc-224"/>
      </symbol>
      <symbol id="sm-407">
         <name>PRCMLPDSWakeUpGPIOSelect</name>
         <value>0x2000e9f1</value>
         <object_component_ref idref="oc-169"/>
      </symbol>
      <symbol id="sm-408">
         <name>PRCMLPDSWakeupCauseGet</name>
         <value>0x2000f073</value>
         <object_component_ref idref="oc-207"/>
      </symbol>
      <symbol id="sm-409">
         <name>PRCMLPDSWakeupSourceDisable</name>
         <value>0x2000ed97</value>
         <object_component_ref idref="oc-168"/>
      </symbol>
      <symbol id="sm-40a">
         <name>PRCMLPDSWakeupSourceEnable</name>
         <value>0x2000eb2d</value>
         <object_component_ref idref="oc-167"/>
      </symbol>
      <symbol id="sm-40b">
         <name>PRCMPeripheralClkDisable</name>
         <value>0x2000ea1b</value>
         <object_component_ref idref="oc-10f"/>
      </symbol>
      <symbol id="sm-40c">
         <name>PRCMPeripheralClkEnable</name>
         <value>0x2000dbf9</value>
         <object_component_ref idref="oc-10d"/>
      </symbol>
      <symbol id="sm-40d">
         <name>PRCMPeripheralReset</name>
         <value>0x2000d951</value>
         <object_component_ref idref="oc-10e"/>
      </symbol>
      <symbol id="sm-40e">
         <name>PRCMPeripheralStatusGet</name>
         <value>0x2000e109</value>
         <object_component_ref idref="oc-1a1"/>
      </symbol>
      <symbol id="sm-40f">
         <name>PRCMSRAMRetentionEnable</name>
         <value>0x2000ea6d</value>
         <object_component_ref idref="oc-1fb"/>
      </symbol>
      <symbol id="sm-410">
         <name>PRCMSleepEnter</name>
         <value>0x2000f0c7</value>
         <object_component_ref idref="oc-1c5"/>
      </symbol>
      <symbol id="sm-411">
         <name>PRCMSlowClkCtrFastGet</name>
         <value>0x2000e8d9</value>
         <object_component_ref idref="oc-1f2"/>
      </symbol>
      <symbol id="sm-412">
         <name>PRCMSysResetCauseGet</name>
         <value>0x2000d4b9</value>
         <object_component_ref idref="oc-106"/>
      </symbol>
      <symbol id="sm-430">
         <name>SysTickEnable</name>
         <value>0x2000ef6d</value>
         <object_component_ref idref="oc-1c3"/>
      </symbol>
      <symbol id="sm-431">
         <name>SysTickIntDisable</name>
         <value>0x2000ef7f</value>
         <object_component_ref idref="oc-1ba"/>
      </symbol>
      <symbol id="sm-432">
         <name>SysTickIntEnable</name>
         <value>0x2000ef91</value>
         <object_component_ref idref="oc-1c4"/>
      </symbol>
      <symbol id="sm-433">
         <name>SysTickPeriodSet</name>
         <value>0x2000ee43</value>
         <object_component_ref idref="oc-1c2"/>
      </symbol>
      <symbol id="sm-472">
         <name>TimerControlStall</name>
         <value>0x2000e3bb</value>
         <object_component_ref idref="oc-1df"/>
      </symbol>
      <symbol id="sm-473">
         <name>TimerDisable</name>
         <value>0x2000ec81</value>
         <object_component_ref idref="oc-1d8"/>
      </symbol>
      <symbol id="sm-474">
         <name>TimerEnable</name>
         <value>0x2000edcb</value>
         <object_component_ref idref="oc-1e5"/>
      </symbol>
      <symbol id="sm-475">
         <name>TimerIntClear</name>
         <value>0x2000f029</value>
         <object_component_ref idref="oc-1e2"/>
      </symbol>
      <symbol id="sm-476">
         <name>TimerIntDisable</name>
         <value>0x2000ee59</value>
         <object_component_ref idref="oc-22c"/>
      </symbol>
      <symbol id="sm-477">
         <name>TimerIntEnable</name>
         <value>0x2000eefd</value>
         <object_component_ref idref="oc-1e3"/>
      </symbol>
      <symbol id="sm-478">
         <name>TimerLoadSet</name>
         <value>0x2000e909</value>
         <object_component_ref idref="oc-1de"/>
      </symbol>
      <symbol id="sm-479">
         <name>TimerPrescaleSet</name>
         <value>0x2000e939</value>
         <object_component_ref idref="oc-1dd"/>
      </symbol>
      <symbol id="sm-484">
         <name>UtilsDelay</name>
         <value>0x2000f0cf</value>
         <object_component_ref idref="oc-107"/>
      </symbol>
      <symbol id="sm-4b1">
         <name>FlashDisable</name>
         <value>0x2000dae5</value>
         <object_component_ref idref="oc-226"/>
      </symbol>
      <symbol id="sm-4d1">
         <name>malloc</name>
         <value>0x2000f0d7</value>
         <object_component_ref idref="oc-1a2"/>
      </symbol>
      <symbol id="sm-4d2">
         <name>aligned_alloc</name>
         <value>0x2000ccb5</value>
         <object_component_ref idref="oc-1e6"/>
      </symbol>
      <symbol id="sm-4d3">
         <name>free</name>
         <value>0x2000cdd5</value>
         <object_component_ref idref="oc-179"/>
      </symbol>
      <symbol id="sm-4d4">
         <name>_sys_memory</name>
         <value>0x20004040</value>
         <object_component_ref idref="oc-31"/>
      </symbol>
      <symbol id="sm-4d5">
         <name>memalign</name>
         <value>0x2000ccb5</value>
         <object_component_ref idref="oc-1e6"/>
      </symbol>
      <symbol id="sm-4e0">
         <name>_c_int00_noargs</name>
         <value>0x2000eb99</value>
         <object_component_ref idref="oc-76"/>
      </symbol>
      <symbol id="sm-4e1">
         <name>__stack</name>
         <value>0x20003000</value>
         <object_component_ref idref="oc-16"/>
      </symbol>
      <symbol id="sm-4ed">
         <name>__TI_auto_init_nobinit_nopinit</name>
         <value>0x2000e69d</value>
         <object_component_ref idref="oc-bf"/>
      </symbol>
      <symbol id="sm-4f5">
         <name>_system_pre_init</name>
         <value>0x2000f105</value>
         <object_component_ref idref="oc-8b"/>
      </symbol>
      <symbol id="sm-500">
         <name>__TI_zero_init_nomemset</name>
         <value>0x2000efc7</value>
         <object_component_ref idref="oc-43"/>
      </symbol>
      <symbol id="sm-509">
         <name>__TI_decompress_none</name>
         <value>0x2000f059</value>
         <object_component_ref idref="oc-1c"/>
      </symbol>
      <symbol id="sm-513">
         <name>__TI_decompress_lzss</name>
         <value>0x2000d731</value>
         <object_component_ref idref="oc-18"/>
      </symbol>
      <symbol id="sm-51d">
         <name>abort</name>
         <value>0x2000f109</value>
         <object_component_ref idref="oc-b8"/>
      </symbol>
      <symbol id="sm-51e">
         <name>C$$EXIT</name>
         <value>0x2000f108</value>
         <object_component_ref idref="oc-b8"/>
      </symbol>
      <symbol id="sm-527">
         <name>_nop</name>
         <value>0x2000dd5b</value>
         <object_component_ref idref="oc-158"/>
      </symbol>
      <symbol id="sm-528">
         <name>_lock</name>
         <value>0x2000f784</value>
         <object_component_ref idref="oc-fc"/>
      </symbol>
      <symbol id="sm-529">
         <name>_unlock</name>
         <value>0x2000f788</value>
         <object_component_ref idref="oc-ff"/>
      </symbol>
      <symbol id="sm-530">
         <name>__aeabi_memcpy</name>
         <value>0x2000f101</value>
         <object_component_ref idref="oc-3c"/>
      </symbol>
      <symbol id="sm-531">
         <name>__aeabi_memcpy4</name>
         <value>0x2000f101</value>
         <object_component_ref idref="oc-3c"/>
      </symbol>
      <symbol id="sm-532">
         <name>__aeabi_memcpy8</name>
         <value>0x2000f101</value>
         <object_component_ref idref="oc-3c"/>
      </symbol>
      <symbol id="sm-538">
         <name>__aeabi_uldivmod</name>
         <value>0x2000ef11</value>
         <object_component_ref idref="oc-1b6"/>
      </symbol>
      <symbol id="sm-53e">
         <name>__udivmoddi4</name>
         <value>0x2000d055</value>
         <object_component_ref idref="oc-1f3"/>
      </symbol>
      <symbol id="sm-548">
         <name>__aeabi_ldiv0</name>
         <value>0x2000dc53</value>
         <object_component_ref idref="oc-21a"/>
      </symbol>
      <symbol id="sm-550">
         <name>TI_memcpy_small</name>
         <value>0x2000efb5</value>
         <object_component_ref idref="oc-81"/>
      </symbol>
      <symbol id="sm-551">
         <name>__TI_static_base__</name>
         <value>0x2000fe14</value>
      </symbol>
      <symbol id="sm-554">
         <name>ITM_flush</name>
         <value>0x0</value>
      </symbol>
      <symbol id="sm-555">
         <name>ITM_restore</name>
         <value>0x0</value>
      </symbol>
      <symbol id="sm-556">
         <name>__mpu_init</name>
         <value>0x0</value>
      </symbol>
      <symbol id="sm-557">
         <name>_system_post_cinit</name>
         <value>0x0</value>
      </symbol>
   </symbol_table>
   <title>Link successful</title>
</link_info>
