******************************************************************************
            TI ARM Clang Linker PC v3.2.0                      
******************************************************************************
>> Linked Sat Mar  2 14:52:42 2024

OUTPUT FILE NAME:   <gpiointerrupt_CC3220S_LAUNCHXL_nortos_ticlang.out>
ENTRY POINT SYMBOL: "resetISR"  address: 2000ede5


MEMORY CONFIGURATION

         name            origin    length      used     unused   attr    fill
----------------------  --------  ---------  --------  --------  ----  --------
  SRAM2                 20000000   00004000  0000130c  00002cf4  RW X
  SRAM                  20004000   0003c000  0000c035  0002ffcb  RW X
  LOG_DATA              90000000   00040000  00000000  00040000  R   
  LOG_PTR               94000008   00040000  00000000  00040000  R   


SEGMENT ALLOCATION MAP

run origin  load origin   length   init length attrs members
----------  ----------- ---------- ----------- ----- -------
20003000    20003000    00001000   00000000    rw-
  20003000    20003000    00001000   00000000    rw- .stack
20004000    20004000    00000040   00000040    r--
  20004000    20004000    00000040   00000040    r-- .resetVecs
20004040    20004040    00008000   00000000    rw-
  20004040    20004040    00008000   00000000    rw- .sysmem
2000c040    2000c040    00003198   00003198    r-x
  2000c040    2000c040    00003198   00003198    r-x .text
2000f1d8    2000f1d8    000006c9   00000000    rw-
  2000f1d8    2000f1d8    000006c9   00000000    rw- .data
2000f8a4    2000f8a4    000003ac   000003ac    r--
  2000f8a4    2000f8a4    000003ac   000003ac    r-- .rodata
2000fc50    2000fc50    000002d4   00000000    rw-
  2000fc50    2000fc50    000002d4   00000000    rw- .bss
2000ff24    2000ff24    00000114   00000114    r--
  2000ff24    2000ff24    00000114   00000114    r-- .cinit


SECTION ALLOCATION MAP

 output                                  attributes/
section   page    origin      length       input sections
--------  ----  ----------  ----------   ----------------
.text      0    2000c040    00003198     
                  2000c040    000004b8     driverlib.a : prcm.obj (.text.PRCMCC3200MCUInit)
                  2000c4f8    000003e4     drivers_cc32xx.a : PowerCC32XX.c.obj (.text.Power_sleep)
                  2000c8dc    00000150     nortos_cc32xx.a : PowerCC32XX_nortos.c.obj (.text.PowerCC32XX_sleepPolicy)
                  2000ca2c    00000148     drivers_cc32xx.a : TimerCC32XX.c.obj (.text.Timer_open)
                  2000cb74    00000140                      : GPIOCC32XX.c.obj (.text.GPIO_setConfig)
                  2000ccb4    00000120     libc.a : memory.c.obj (.text.aligned_alloc)
                  2000cdd4    000000f0            : memory.c.obj (.text.free)
                  2000cec4    000000c8     driverlib.a : interrupt.obj (.text.IntDisable)
                  2000cf8c    000000c8                 : interrupt.obj (.text.IntEnable)
                  2000d054    000000b0     libclang_rt.builtins.a : udivmoddi4.S.obj (.text)
                  2000d104    000000ac     driverlib.a : gpio.obj (.text.GPIOIntTypeSet)
                  2000d1b0    000000a4                 : interrupt.obj (.text.IntPendSet)
                  2000d254    000000a2                 : pin.obj (.text.PinConfigSet)
                  2000d2f6    00000002     ti_drivers_config.o (.text.Board_initHook)
                  2000d2f8    00000098     nortos_cc32xx.a : SemaphoreP_nortos.c.obj (.text.SemaphoreP_pend)
                  2000d390    00000096     drivers_cc32xx.a : PowerCC32XX_ticlang.asm.obj (.text)
                  2000d426    00000002     nortos_cc32xx.a : PowerCC32XX_nortos.c.obj (.text.PowerCC32XX_initPolicy)
                  2000d428    00000090     drivers_cc32xx.a : GPIOCC32XX.c.obj (.text.GPIO_init)
                  2000d4b8    0000008e     driverlib.a : prcm.obj (.text.PRCMSysResetCauseGet)
                  2000d546    00000002     nortos_cc32xx.a : SemaphoreP_nortos.c.obj (.text.SemaphoreP_destruct)
                  2000d548    00000088     drivers_cc32xx.a : PowerCC32XX.c.obj (.text.PowerCC32XX_configureWakeup)
                  2000d5d0    00000078                      : PowerCC32XX.c.obj (.text.Power_init)
                  2000d648    00000074     nortos_cc32xx.a : HwiPCC32XX_nortos.c.obj (.text.HwiP_construct)
                  2000d6bc    00000074     driverlib.a : prcm.obj (.text.PRCMHibernateWakeUpGPIOSelect)
                  2000d730    00000070     gpiointerrupt.o (.text.TickMessage)
                  2000d7a0    00000070     gpiointerrupt.o (.text.mainThread)
                  2000d810    00000070     libc.a : copy_decompress_lzss.c.obj (.text:decompress:lzss)
                  2000d880    0000006c     driverlib.a : pin.obj (.text.PinLockLevelSet)
                  2000d8ec    0000006c     drivers_cc32xx.a : PowerCC32XX.c.obj (.text.Power_setDependency)
                  2000d958    0000006c                      : GPIOCC32XX.c.obj (.text.powerNotifyFxn)
                  2000d9c4    0000006c     libc.a : memory.c.obj (.text.split)
                  2000da30    0000006a     driverlib.a : prcm.obj (.text.PRCMPeripheralReset)
                  2000da9a    00000068                 : interrupt.obj (.text.IntPendClear)
                  2000db02    00000002     drivers_cc32xx.a : Timer.c.obj (.text.Timer_init)
                  2000db04    00000060                      : GPIOCC32XX.c.obj (.text.GPIO_write)
                  2000db64    0000005c     driverlib.a : flash.obj (.text.FlashDisable)
                  2000dbc0    0000005c                 : prcm.obj (.text.PRCMHibernateWakeupSourceDisable)
                  2000dc1c    0000005c     drivers_cc32xx.a : TimerCC32XX.c.obj (.text.TimerCC32XX_allocateTimerResource)
                  2000dc78    0000005a     driverlib.a : prcm.obj (.text.PRCMPeripheralClkEnable)
                  2000dcd2    00000002     libclang_rt.builtins.a : aeabi_div0.c.obj (.text.__aeabi_ldiv0)
                  2000dcd4    00000058     nortos_cc32xx.a : ClockPSysTick_nortos.c.obj (.text.ClockP_startup)
                  2000dd2c    00000058     driverlib.a : interrupt.obj (.text.IntPrioritySet)
                  2000dd84    00000056                 : prcm.obj (.text.PRCMLPDSEnter)
                  2000ddda    00000002     libc.a : _lock.c.obj (.text._nop)
                  2000dddc    00000054     drivers_cc32xx.a : GPIOCC32XX.c.obj (.text.GPIO_toggle)
                  2000de30    00000054                      : PowerCC32XX.c.obj (.text.PowerCC32XX_setParkState)
                  2000de84    00000054                      : PowerCC32XX.c.obj (.text.Power_releaseDependency)
                  2000ded8    00000050                      : GPIOCC32XX.c.obj (.text.GPIO_hwiIntFxn)
                  2000df28    00000050     driverlib.a : prcm.obj (.text.PRCMHibernateWakeupSourceEnable)
                  2000df78    00000050     nortos_cc32xx.a : SemaphoreP_nortos.c.obj (.text.SemaphoreP_construct)
                  2000dfc8    0000004c     drivers_cc32xx.a : GPIOCC32XX.c.obj (.text.GPIO_setInterruptConfig)
                  2000e014    0000004c     driverlib.a : prcm.obj (.text.PRCMLPDSRestoreInfoSet)
                  2000e060    0000004c     drivers_cc32xx.a : TimerCC32XX.c.obj (.text.initHw)
                  2000e0ac    0000004a                      : TimerCC32XX.c.obj (.text.getPrescaler)
                  2000e0f6    00000002     nortos_cc32xx.a : startup_cc32xx_ticlang.c.obj (.text.busFaultHandler)
                  2000e0f8    00000048                     : ClockPSysTick_nortos.c.obj (.text.ClockP_sysTickHandler)
                  2000e140    00000048     driverlib.a : prcm.obj (.text.PRCMIntEnable)
                  2000e188    00000048                 : prcm.obj (.text.PRCMPeripheralStatusGet)
                  2000e1d0    00000048                 : pin.obj (.text.PinConfigGet)
                  2000e218    00000046                 : prcm.obj (.text.PRCMLPDSEnterKeepDebugIf)
                  2000e25e    00000044                 : gpio.obj (.text.GPIODirModeSet)
                  2000e2a2    00000002     nortos_cc32xx.a : SemaphoreP_nortos.c.obj (.text.clkFxn)
                  2000e2a4    00000044     drivers_cc32xx.a : GPIOCC32XX.c.obj (.text.GPIO_disableInt)
                  2000e2e8    00000044                      : GPIOCC32XX.c.obj (.text.GPIO_enableInt)
                  2000e32c    00000044                      : PowerCC32XX.c.obj (.text.Power_releaseConstraint)
                  2000e370    00000044                      : Timer.c.obj (.text.Timer_start)
                  2000e3b4    00000044     nortos_cc32xx.a : ClockPSysTick_nortos.c.obj (.text.addToList)
                  2000e3f8    00000042     driverlib.a : pin.obj (.text.PinModeSet)
                  2000e43a    00000042                 : timer.obj (.text.TimerControlStall)
                  2000e47c    00000042     drivers_cc32xx.a : TimerCC32XX.c.obj (.text.Timer_close)
                  2000e4be    00000042     nortos_cc32xx.a : PowerCC32XX_nortos.c.obj (.text.getCountsRTC)
                  2000e500    00000040                     : SemaphoreP_nortos.c.obj (.text.SemaphoreP_post)
                  2000e540    00000040     drivers_cc32xx.a : Timer.c.obj (.text.Timer_stop)
                  2000e580    0000003e     driverlib.a : pin.obj (.text.PinDirModeSet)
                  2000e5be    00000002     nortos_cc32xx.a : startup_cc32xx_ticlang.c.obj (.text.defaultHandler)
                  2000e5c0    0000003c                     : ClockPSysTick_nortos.c.obj (.text.ClockP_stop)
                  2000e5fc    0000003c     gpiointerrupt.o (.text.initTimer)
                  2000e638    0000003a     drivers_cc32xx.a : TimerCC32XX.c.obj (.text.TimerSupport_timerEnable)
                  2000e672    00000002     nortos_cc32xx.a : startup_cc32xx_ticlang.c.obj (.text.faultISR)
                  2000e674    00000038                     : ClockPSysTick_nortos.c.obj (.text.ClockP_destruct)
                  2000e6ac    00000038     drivers_cc32xx.a : PowerCC32XX.c.obj (.text.Power_setConstraint)
                  2000e6e4    00000038     nortos_cc32xx.a : SwiP_nortos.c.obj (.text.SwiP_restore)
                  2000e71c    00000038     libc.a : autoinit.c.obj (.text:__TI_auto_init_nobinit_nopinit)
                  2000e754    00000036     driverlib.a : pin.obj (.text.PinLock)
                  2000e78a    00000036     gpiointerrupt.o (.text.TickLED)
                  2000e7c0    00000036     drivers_cc32xx.a : TimerCC32XX.c.obj (.text.TimerCC32XX_hwiIntFunction)
                  2000e7f6    00000002     nortos_cc32xx.a : startup_cc32xx_ticlang.c.obj (.text.nmiISR)
                  2000e7f8    00000034                     : ClockPSysTick_nortos.c.obj (.text.ClockP_start)
                  2000e82c    00000034     driverlib.a : pin.obj (.text.PinDirModeGet)
                  2000e860    00000034                 : pin.obj (.text.PinModeGet)
                  2000e894    00000034     drivers_cc32xx.a : PowerCC32XX.c.obj (.text.PowerCC32XX_parkPin)
                  2000e8c8    00000034                      : TimerCC32XX.c.obj (.text.TimerCC32XX_freeTimerResource)
                  2000e8fc    00000034     nortos_cc32xx.a : startup_cc32xx_ticlang.c.obj (.text.initVectors)
                  2000e930    00000030                     : ClockPSysTick_nortos.c.obj (.text.ClockP_getTicksUntilInterrupt)
                  2000e960    00000030     driverlib.a : prcm.obj (.text.PRCMLPDSIntervalSet)
                  2000e990    00000030                 : prcm.obj (.text.PRCMSlowClkCtrFastGet)
                  2000e9c0    00000030                 : timer.obj (.text.TimerLoadSet)
                  2000e9f0    00000030                 : timer.obj (.text.TimerPrescaleSet)
                  2000ea20    00000030     drivers_cc32xx.a : PowerCC32XX.c.obj (.text.notify)
                  2000ea50    0000002e     driverlib.a : gpio.obj (.text.GPIOIntStatus)
                  2000ea7e    0000002a     nortos_cc32xx.a : HwiPCC32XX_nortos.c.obj (.text.HwiP_create)
                  2000eaa8    0000002a     driverlib.a : prcm.obj (.text.PRCMLPDSWakeUpGPIOSelect)
                  2000ead2    0000002a                 : prcm.obj (.text.PRCMPeripheralClkDisable)
                  2000eafc    00000028     drivers_cc32xx.a : List.c.obj (.text.List_remove)
                  2000eb24    00000028     driverlib.a : prcm.obj (.text.PRCMSRAMRetentionEnable)
                  2000eb4c    00000028     drivers_cc32xx.a : TimerCC32XX.c.obj (.text.TimerSupport_timerDisable)
                  2000eb74    00000028     libc.a : memory.c.obj (.text.free_list_insert)
                  2000eb9c    00000024     driverlib.a : interrupt.obj (.text.IntUnregister)
                  2000ebc0    00000024     drivers_cc32xx.a : List.c.obj (.text.List_put)
                  2000ebe4    00000024     driverlib.a : prcm.obj (.text.PRCMLPDSWakeupSourceEnable)
                  2000ec08    00000024     drivers_cc32xx.a : PowerCC32XX.c.obj (.text.PowerCC32XX_restoreParkedPin)
                  2000ec2c    00000024                      : PowerCC32XX.c.obj (.text.Power_registerNotify)
                  2000ec50    00000024     libc.a : boot_cortex_m.c.obj (.text:_c_int00_noargs)
                  2000ec74    00000022     driverlib.a : gpio.obj (.text.GPIOPinWrite)
                  2000ec96    00000022                 : pin.obj (.text.PinUnlock)
                  2000ecb8    00000020                 : interrupt.obj (.text.IntRegister)
                  2000ecd8    00000020     drivers_cc32xx.a : PowerCC32XX.c.obj (.text.Power_unregisterNotify)
                  2000ecf8    00000020     nortos_cc32xx.a : SemaphoreP_nortos.c.obj (.text.SemaphoreP_constructBinary)
                  2000ed18    00000020                     : SemaphoreP_nortos.c.obj (.text.SemaphoreP_createBinary)
                  2000ed38    00000020     driverlib.a : timer.obj (.text.TimerDisable)
                  2000ed58    0000001c     drivers_cc32xx.a : GPIO.c.obj (.text.GPIO_setCallback)
                  2000ed74    0000001c     nortos_cc32xx.a : HwiPCC32XX_nortos.c.obj (.text.HwiP_dispatch)
                  2000ed90    0000001c                     : SwiP_nortos.c.obj (.text.SwiP_disable)
                  2000edac    0000001c     libc.a : memory.c.obj (.text.free_list_remove)
                  2000edc8    0000001c     drivers_cc32xx.a : TimerCC32XX.c.obj (.text.getPowerMgrId)
                  2000ede4    0000001c     nortos_cc32xx.a : startup_cc32xx_ticlang.c.obj (.text.resetISR)
                  2000ee00    0000001a     driverlib.a : gpio.obj (.text.GPIOIntDisable)
                  2000ee1a    0000001a                 : prcm.obj (.text.PRCMHIBRegRead)
                  2000ee34    0000001a                 : prcm.obj (.text.PRCMHIBRegWrite)
                  2000ee4e    0000001a                 : prcm.obj (.text.PRCMLPDSWakeupSourceDisable)
                  2000ee68    0000001a                 : pin.obj (.text.PinToPadGet)
                  2000ee82    0000001a                 : timer.obj (.text.TimerEnable)
                  2000ee9c    00000018                 : gpio.obj (.text.GPIOIntEnable)
                  2000eeb4    00000018                 : gpio.obj (.text.GPIOPinRead)
                  2000eecc    00000018     nortos_cc32xx.a : SemaphoreP_nortos.c.obj (.text.SemaphoreP_create)
                  2000eee4    00000018     gpiointerrupt.o (.text.timerCallback)
                  2000eefc    00000016     ti_drivers_config.o (.text.Board_init)
                  2000ef12    00000016     driverlib.a : systick.obj (.text.SysTickPeriodSet)
                  2000ef28    00000016                 : timer.obj (.text.TimerIntDisable)
                  2000ef3e    00000014                 : cpu.obj (.text.CPUcpsid)
                  2000ef52    00000014                 : cpu.obj (.text.CPUcpsie)
                  2000ef66    00000014     nortos_cc32xx.a : HwiPCC32XX_nortos.c.obj (.text.HwiP_destruct)
                  2000ef7a    00000014     driverlib.a : interrupt.obj (.text.IntVTableBaseSet)
                  2000ef8e    00000002     --HOLE-- [fill = 0]
                  2000ef90    00000014     drivers_cc32xx.a : PowerCC32XX.c.obj (.text.Power_disablePolicy)
                  2000efa4    00000014                      : PowerCC32XX.c.obj (.text.Power_getTransitionLatency)
                  2000efb8    00000014                      : PowerCC32XX.c.obj (.text.Power_idleFunc)
                  2000efcc    00000014     driverlib.a : timer.obj (.text.TimerIntEnable)
                  2000efe0    00000014     libclang_rt.builtins.a : aeabi_uldivmod.S.obj (.text.__aeabi_uldivmod)
                  2000eff4    00000012     nortos_cc32xx.a : ClockPSysTick_nortos.c.obj (.text.ClockP_add)
                  2000f006    00000012     driverlib.a : gpio.obj (.text.GPIOIntClear)
                  2000f018    00000012     nortos_cc32xx.a : HwiPCC32XX_nortos.c.obj (.text.HwiP_Params_init)
                  2000f02a    00000012                     : HwiPCC32XX_nortos.c.obj (.text.HwiP_delete)
                  2000f03c    00000012     driverlib.a : systick.obj (.text.SysTickEnable)
                  2000f04e    00000012                 : systick.obj (.text.SysTickIntDisable)
                  2000f060    00000012                 : systick.obj (.text.SysTickIntEnable)
                  2000f072    00000012     libc.a : memcpy_t2.S.obj (.text:TI_memcpy_small)
                  2000f084    00000012            : copy_zero_init.c.obj (.text:decompress:ZI:__TI_zero_init_nomemset)
                  2000f096    00000002     --HOLE-- [fill = 0]
                  2000f098    00000010     nortos_cc32xx.a : ClockPSysTick_nortos.c.obj (.text.ClockP_getCpuFreq)
                  2000f0a8    00000010                     : ClockPSysTick_nortos.c.obj (.text.ClockP_getSystemTicks)
                  2000f0b8    00000010                     : ClockPSysTick_nortos.c.obj (.text.ClockP_setTicks)
                  2000f0c8    00000010                     : HwiPCC32XX_nortos.c.obj (.text.HwiP_inISR)
                  2000f0d8    00000010     drivers_cc32xx.a : PowerCC32XX.c.obj (.text.Power_enablePolicy)
                  2000f0e8    00000010     driverlib.a : timer.obj (.text.TimerIntClear)
                  2000f0f8    00000010     drivers_cc32xx.a : Timer.c.obj (.text.Timer_Params_init)
                  2000f108    00000010     main_nortos.o (.text.main)
                  2000f118    0000000e     libc.a : copy_decompress_none.c.obj (.text:decompress:none)
                  2000f126    0000000c     driverlib.a : cpu.obj (.text.CPUwfi)
                  2000f132    0000000c                 : prcm.obj (.text.PRCMLPDSWakeupCauseGet)
                  2000f13e    00000002     --HOLE-- [fill = 0]
                  2000f140    0000000c     drivers_cc32xx.a : PowerCC32XX.c.obj (.text.Power_getConstraintMask)
                  2000f14c    0000000c     gpiointerrupt.o (.text.gpioButtonFxn0)
                  2000f158    0000000c     drivers_cc32xx.a : TimerCC32XX.c.obj (.text.postNotifyFxn)
                  2000f164    0000000a     nortos_cc32xx.a : ClockPSysTick_nortos.c.obj (.text.ClockP_isActive)
                  2000f16e    0000000a     driverlib.a : interrupt.obj (.text.IntMasterDisable)
                  2000f178    0000000a                 : interrupt.obj (.text.IntMasterEnable)
                  2000f182    00000008     nortos_cc32xx.a : HwiPCC32XX_nortos.c.obj (.text.HwiP_disable)
                  2000f18a    00000008                     : HwiPCC32XX_nortos.c.obj (.text.HwiP_restore)
                  2000f192    00000008     driverlib.a : prcm.obj (.text.PRCMSleepEnter)
                  2000f19a    00000008                 : utils.obj (.text.UtilsDelay)
                  2000f1a2    00000008     libc.a : memory.c.obj (.text.malloc)
                  2000f1aa    00000006     gpiointerrupt.o (.text.gpioButtonFxn1)
                  2000f1b0    00000004     nortos_cc32xx.a : ClockPSysTick_nortos.c.obj (.text.ClockP_doTick)
                  2000f1b4    00000004                     : HwiPCC32XX_nortos.c.obj (.text.HwiP_clearInterrupt)
                  2000f1b8    00000004                     : HwiPCC32XX_nortos.c.obj (.text.HwiP_enable)
                  2000f1bc    00000004                     : HwiPCC32XX_nortos.c.obj (.text.HwiP_post)
                  2000f1c0    00000004     driverlib.a : interrupt.obj (.text.IntDefaultHandler)
                  2000f1c4    00000004     nortos_cc32xx.a : NoRTOS.c.obj (.text.NoRTOS_start)
                  2000f1c8    00000004                     : SemaphoreP_nortos.c.obj (.text.SemaphoreP_delete)
                  2000f1cc    00000004     libclang_rt.builtins.a : aeabi_memcpy.S.obj (.text.__aeabi_memcpy)
                  2000f1d0    00000004     libc.a : pre_init.c.obj (.text._system_pre_init)
                  2000f1d4    00000004            : exit.c.obj (.text:abort)

.ramVecs   0    20000000    0000030c     NOLOAD SECTION
                  20000000    0000030c     nortos_cc32xx.a : startup_cc32xx_ticlang.c.obj (.ramVecs)

.stack     0    20003000    00001000     UNINITIALIZED
                  20003000    00000004     libc.a : boot_cortex_m.c.obj (.stack)
                  20003004    00000ffc     --HOLE--

.resetVecs 
*          0    20004000    00000040     
                  20004000    00000040     nortos_cc32xx.a : startup_cc32xx_ticlang.c.obj (.resetVecs)

.sysmem    0    20004040    00008000     UNINITIALIZED
                  20004040    00000010     libc.a : memory.c.obj (.sysmem)
                  20004050    00007ff0     --HOLE--

.rodata    0    2000f8a4    000003ac     
                  2000f8a4    00000100     driverlib.a : pin.obj (.rodata.g_ulPinToPadMap)
                  2000f9a4    000000d4                 : interrupt.obj (.rodata.g_pulRegs)
                  2000fa78    000000a8                 : prcm.obj (.rodata.PRCM_PeriphRegsList)
                  2000fb20    00000044     ti_drivers_config.o (.rodata.PowerCC32XX_config)
                  2000fb64    00000028     drivers_cc32xx.a : GPIOCC32XX.c.obj (.rodata.portConfigs)
                  2000fb8c    00000021                      : GPIOCC32XX.c.obj (.rodata.pinTable)
                  2000fbad    00000001     ti_drivers_config.o (.rodata.GPIO_pinUpperBound)
                  2000fbae    00000001     ti_drivers_config.o (.rodata.Timer_count)
                  2000fbaf    00000001     --HOLE-- [fill = 0]
                  2000fbb0    00000018     driverlib.a : interrupt.obj (.rodata.g_pulDisRegs)
                  2000fbc8    00000018                 : interrupt.obj (.rodata.g_pulEnRegs)
                  2000fbe0    00000018                 : interrupt.obj (.rodata.g_pulPendRegs)
                  2000fbf8    00000018                 : interrupt.obj (.rodata.g_pulUnpendRegs)
                  2000fc10    00000010     ti_drivers_config.o (.rodata.GPIO_config)
                  2000fc20    00000010     ti_drivers_config.o (.rodata.timerCC32XXHWAttrs)
                  2000fc30    0000000c     drivers_cc32xx.a : Timer.c.obj (.rodata.defaultParams)
                  2000fc3c    0000000c                      : TimerCC32XX.c.obj (.rodata.defaultParams)
                  2000fc48    00000008     ti_drivers_config.o (.rodata.Timer_config)

.cinit     0    2000ff24    00000114     
                  2000ff24    000000f0     (.cinit..data.load) [load image, compression = lzss]
                  20010014    0000000c     (__TI_handler_table)
                  20010020    00000008     (.cinit..bss.load) [load image, compression = zero_init]
                  20010028    00000010     (__TI_cinit_table)

.init_array 
*          0    20004000    00000000     UNINITIALIZED

.data      0    2000f1d8    000006c9     UNINITIALIZED
                  2000f1d8    0000030c     nortos_cc32xx.a : HwiPCC32XX_nortos.c.obj (.data.HwiP_dispatchTable)
                  2000f4e4    0000016c     drivers_cc32xx.a : PowerCC32XX.c.obj (.data.PowerCC32XX_module)
                  2000f650    000000f8     ti_drivers_config.o (.data.parkInfo)
                  2000f748    00000084     ti_drivers_config.o (.data.gpioPinConfigs)
                  2000f7cc    0000004c     nortos_cc32xx.a : SwiP_nortos.c.obj (.data..L_MergedGlobals)
                  2000f818    00000048     gpiointerrupt.o (.data..L_MergedGlobals)
                  2000f860    00000018     drivers_cc32xx.a : GPIOCC32XX.c.obj (.data..L_MergedGlobals)
                  2000f878    00000010     nortos_cc32xx.a : SemaphoreP_nortos.c.obj (.data..L_MergedGlobals)
                  2000f888    00000008                     : ClockPSysTick_nortos.c.obj (.data..L_MergedGlobals)
                  2000f890    00000004                     : HwiPCC32XX_nortos.c.obj (.data.HwiP_swiPIntNum)
                  2000f894    00000004     libc.a : _lock.c.obj (.data._lock)
                  2000f898    00000004            : _lock.c.obj (.data._unlock)
                  2000f89c    00000001     drivers_cc32xx.a : GPIOCC32XX.c.obj (.data.initCalled)
                  2000f89d    00000001                      : GPIOCC32XX.c.obj (.data.portHwiCreatedBitMask)
                  2000f89e    00000002     --HOLE--
                  2000f8a0    00000001     libc.a : memory.c.obj (.data.memory_is_initialized)

.bss       0    2000fc50    000002d4     UNINITIALIZED
                  2000fc50    0000012c     (.common:PowerCC32XX_contextSave)
                  2000fd7c    00000084     (.common:gpioCallbackFunctions)
                  2000fe00    00000084     (.common:gpioUserArgs)
                  2000fe84    00000084     (.common:timerCC32XXObjects)
                  2000ff08    00000010     (.common:ClockP_ctrl)
                  2000ff18    00000004     nortos_cc32xx.a : ClockPSysTick_nortos.c.obj (.bss.sysTickPeriod)
                  2000ff1c    00000004     libc.a : memory.c.obj (.bss.sys_free)
                  2000ff20    00000004     drivers_cc32xx.a : TimerCC32XX.c.obj (.bss.timerState.0)

.log_data 
*          0    90000000    00000000     COPY SECTION

.log_ptr   0    94000008    00000000     COPY SECTION

__llvm_prf_cnts 
*          0    20004000    00000000     UNINITIALIZED

__llvm_prf_bits 
*          0    20004000    00000000     UNINITIALIZED

MODULE SUMMARY

       Module                         code    ro data   rw data
       ------                         ----    -------   -------
    .\
       gpiointerrupt.o                380     0         72     
       main_nortos.o                  16      0         0      
    +--+------------------------------+-------+---------+---------+
       Total:                         396     0         72     
                                                               
    .\syscfg\
       ti_drivers_config.o            24      110       776    
    +--+------------------------------+-------+---------+---------+
       Total:                         24      110       776    
                                                               
    C:/ti/simplelink_cc32xx_sdk_7_10_00_13/kernel/nortos/lib/ticlang/m4/nortos_cc32xx.a
       HwiPCC32XX_nortos.c.obj        286     0         784    
       startup_cc32xx_ticlang.c.obj   88      64        780    
       ClockPSysTick_nortos.c.obj     524     0         28     
       SemaphoreP_nortos.c.obj        392     0         16     
       PowerCC32XX_nortos.c.obj       404     0         0      
       SwiP_nortos.c.obj              84      0         76     
       NoRTOS.c.obj                   4       0         0      
    +--+------------------------------+-------+---------+---------+
       Total:                         1782    64        1684   
                                                               
    C:/ti/simplelink_cc32xx_sdk_7_10_00_13/source/ti/devices/cc32xx/driverlib/ticlang/Release/driverlib.a
       prcm.obj                       2564    168       0      
       interrupt.obj                  868     308       0      
       pin.obj                        688     256       0      
       gpio.obj                       412     0         0      
       timer.obj                      278     0         0      
       flash.obj                      92      0         0      
       systick.obj                    76      0         0      
       cpu.obj                        52      0         0      
       utils.obj                      8       0         0      
    +--+------------------------------+-------+---------+---------+
       Total:                         5038    732       0      
                                                               
    C:/ti/simplelink_cc32xx_sdk_7_10_00_13/source/ti/drivers/lib/ticlang/m4/drivers_cc32xx.a
       PowerCC32XX.c.obj              1944    0         664    
       GPIOCC32XX.c.obj               1044    73        26     
       TimerCC32XX.c.obj              880     12        4      
       Timer.c.obj                    150     12        0      
       PowerCC32XX_ticlang.asm.obj    150     0         0      
       List.c.obj                     76      0         0      
       GPIO.c.obj                     28      0         0      
    +--+------------------------------+-------+---------+---------+
       Total:                         4272    97        694    
                                                               
    D:\ti\ccs-2\ccs\tools\compiler\ti-cgt-armllvm_3.2.0.LTS\lib\armv7em-ti-none-eabi/c/libc.a
       memory.c.obj                   712     0         5      
       copy_decompress_lzss.c.obj     112     0         0      
       autoinit.c.obj                 56      0         0      
       boot_cortex_m.c.obj            36      0         0      
       copy_zero_init.c.obj           18      0         0      
       memcpy_t2.S.obj                18      0         0      
       copy_decompress_none.c.obj     14      0         0      
       _lock.c.obj                    2       0         8      
       exit.c.obj                     4       0         0      
       pre_init.c.obj                 4       0         0      
    +--+------------------------------+-------+---------+---------+
       Total:                         976     0         13     
                                                               
    D:\ti\ccs-2\ccs\tools\compiler\ti-cgt-armllvm_3.2.0.LTS\lib\clang/15.0.7/lib/armv7em-ti-none-eabi/libclang_rt.builtins.a
       udivmoddi4.S.obj               176     0         0      
       aeabi_uldivmod.S.obj           20      0         0      
       aeabi_memcpy.S.obj             4       0         0      
       aeabi_div0.c.obj               2       0         0      
    +--+------------------------------+-------+---------+---------+
       Total:                         202     0         0      
                                                               
       Heap:                          0       0         32768  
       Stack:                         0       0         4096   
       Linker Generated:              0       276       0      
    +--+------------------------------+-------+---------+---------+
       Grand Total:                   12690   1279      40103  


LINKER GENERATED COPY TABLES

__TI_cinit_table @ 20010028 records: 2, size/record: 8, table size: 16
	.data: load addr=2000ff24, load size=000000f0 bytes, run addr=2000f1d8, run size=000006c9 bytes, compression=lzss
	.bss: load addr=20010020, load size=00000008 bytes, run addr=2000fc50, run size=000002d4 bytes, compression=zero_init


LINKER GENERATED HANDLER TABLE

__TI_handler_table @ 20010014 records: 3, size/record: 4, table size: 12
	index: 0, handler: __TI_decompress_lzss
	index: 1, handler: __TI_decompress_none
	index: 2, handler: __TI_zero_init


GLOBAL SYMBOLS: SORTED ALPHABETICALLY BY Name 

address   name                             
-------   ----                             
2000eefd  Board_init                       
2000d2f7  Board_initHook                   
2000f1d4  C$$EXIT                          
2000ef3f  CPUcpsid                         
2000ef53  CPUcpsie                         
2000f127  CPUwfi                           
2000eff5  ClockP_add                       
2000ff08  ClockP_ctrl                      
2000e675  ClockP_destruct                  
2000f1b1  ClockP_doTick                    
2000f099  ClockP_getCpuFreq                
2000f0a9  ClockP_getSystemTicks            
2000e931  ClockP_getTicksUntilInterrupt    
2000f165  ClockP_isActive                  
2000f0b9  ClockP_setTicks                  
2000e7f9  ClockP_start                     
2000dcd5  ClockP_startup                   
2000e5c1  ClockP_stop                      
2000e0f9  ClockP_sysTickHandler            
2000f88c  ClockP_tickPeriod                
2000db65  FlashDisable                     
2000e25f  GPIODirModeSet                   
2000f007  GPIOIntClear                     
2000ee01  GPIOIntDisable                   
2000ee9d  GPIOIntEnable                    
2000ea51  GPIOIntStatus                    
2000d105  GPIOIntTypeSet                   
2000eeb5  GPIOPinRead                      
2000ec75  GPIOPinWrite                     
2000fc10  GPIO_config                      
2000e2a5  GPIO_disableInt                  
2000e2e9  GPIO_enableInt                   
2000ded9  GPIO_hwiIntFxn                   
2000d429  GPIO_init                        
2000fbad  GPIO_pinUpperBound               
2000ed59  GPIO_setCallback                 
2000cb75  GPIO_setConfig                   
2000dfc9  GPIO_setInterruptConfig          
2000dddd  GPIO_toggle                      
2000db05  GPIO_write                       
2000f019  HwiP_Params_init                 
2000f1b5  HwiP_clearInterrupt              
2000d649  HwiP_construct                   
2000ea7f  HwiP_create                      
2000f02b  HwiP_delete                      
2000ef67  HwiP_destruct                    
2000f183  HwiP_disable                     
2000ed75  HwiP_dispatch                    
2000f1b9  HwiP_enable                      
2000f0c9  HwiP_inISR                       
2000f1bd  HwiP_post                        
2000f18b  HwiP_restore                     
2000f890  HwiP_swiPIntNum                  
UNDEFED   ITM_flush                        
UNDEFED   ITM_restore                      
2000cec5  IntDisable                       
2000cf8d  IntEnable                        
2000f16f  IntMasterDisable                 
2000f179  IntMasterEnable                  
2000da9b  IntPendClear                     
2000d1b1  IntPendSet                       
2000dd2d  IntPrioritySet                   
2000ecb9  IntRegister                      
2000eb9d  IntUnregister                    
2000ef7b  IntVTableBaseSet                 
2000ebc1  List_put                         
2000eafd  List_remove                      
2000f1c5  NoRTOS_start                     
2000f820  OK_SEQUENCE                      
2000c041  PRCMCC3200MCUInit                
2000ee1b  PRCMHIBRegRead                   
2000ee35  PRCMHIBRegWrite                  
2000d6bd  PRCMHibernateWakeUpGPIOSelect    
2000dbc1  PRCMHibernateWakeupSourceDisable 
2000df29  PRCMHibernateWakeupSourceEnable  
2000e141  PRCMIntEnable                    
2000dd85  PRCMLPDSEnter                    
2000e219  PRCMLPDSEnterKeepDebugIf         
2000e961  PRCMLPDSIntervalSet              
2000e015  PRCMLPDSRestoreInfoSet           
2000eaa9  PRCMLPDSWakeUpGPIOSelect         
2000f133  PRCMLPDSWakeupCauseGet           
2000ee4f  PRCMLPDSWakeupSourceDisable      
2000ebe5  PRCMLPDSWakeupSourceEnable       
2000ead3  PRCMPeripheralClkDisable         
2000dc79  PRCMPeripheralClkEnable          
2000da31  PRCMPeripheralReset              
2000e189  PRCMPeripheralStatusGet          
2000eb25  PRCMSRAMRetentionEnable          
2000f193  PRCMSleepEnter                   
2000e991  PRCMSlowClkCtrFastGet            
2000d4b9  PRCMSysResetCauseGet             
2000e1d1  PinConfigGet                     
2000d255  PinConfigSet                     
2000e82d  PinDirModeGet                    
2000e581  PinDirModeSet                    
2000e755  PinLock                          
2000d881  PinLockLevelSet                  
2000e861  PinModeGet                       
2000e3f9  PinModeSet                       
2000ee69  PinToPadGet                      
2000ec97  PinUnlock                        
2000fb20  PowerCC32XX_config               
2000d549  PowerCC32XX_configureWakeup      
2000fc50  PowerCC32XX_contextSave          
2000d391  PowerCC32XX_enterLPDS            
2000d427  PowerCC32XX_initPolicy           
2000f4e4  PowerCC32XX_module               
2000e895  PowerCC32XX_parkPin              
2000ec09  PowerCC32XX_restoreParkedPin     
2000d3d5  PowerCC32XX_resumeLPDS           
2000de31  PowerCC32XX_setParkState         
2000c8dd  PowerCC32XX_sleepPolicy          
2000ef91  Power_disablePolicy              
2000f0d9  Power_enablePolicy               
2000f141  Power_getConstraintMask          
2000efa5  Power_getTransitionLatency       
2000efb9  Power_idleFunc                   
2000d5d1  Power_init                       
2000ec2d  Power_registerNotify             
2000e32d  Power_releaseConstraint          
2000de85  Power_releaseDependency          
2000e6ad  Power_setConstraint              
2000d8ed  Power_setDependency              
2000c4f9  Power_sleep                      
2000ecd9  Power_unregisterNotify           
2000f83e  SOS_SEQUENCE                     
2000df79  SemaphoreP_construct             
2000ecf9  SemaphoreP_constructBinary       
2000eecd  SemaphoreP_create                
2000ed19  SemaphoreP_createBinary          
2000f880  SemaphoreP_defaultParams         
2000f1c9  SemaphoreP_delete                
2000d547  SemaphoreP_destruct              
2000d2f9  SemaphoreP_pend                  
2000e501  SemaphoreP_post                  
2000ed91  SwiP_disable                     
2000e6e5  SwiP_restore                     
2000f03d  SysTickEnable                    
2000f04f  SysTickIntDisable                
2000f061  SysTickIntEnable                 
2000ef13  SysTickPeriodSet                 
2000f073  TI_memcpy_small                  
2000e78b  TickLED                          
2000d731  TickMessage                      
2000dc1d  TimerCC32XX_allocateTimerResource
2000e8c9  TimerCC32XX_freeTimerResource    
2000e43b  TimerControlStall                
2000ed39  TimerDisable                     
2000ee83  TimerEnable                      
2000f0e9  TimerIntClear                    
2000ef29  TimerIntDisable                  
2000efcd  TimerIntEnable                   
2000e9c1  TimerLoadSet                     
2000e9f1  TimerPrescaleSet                 
2000eb4d  TimerSupport_timerDisable        
2000e639  TimerSupport_timerEnable         
2000f0f9  Timer_Params_init                
2000e47d  Timer_close                      
2000fc48  Timer_config                     
2000fbae  Timer_count                      
2000db03  Timer_init                       
2000ca2d  Timer_open                       
2000e371  Timer_start                      
2000e541  Timer_stop                       
2000f19b  UtilsDelay                       
20004000  __STACK_END                      
00001000  __STACK_SIZE                     
00008000  __SYSMEM_SIZE                    
00000000  __TI_ATRegion0_region_sz         
00000000  __TI_ATRegion0_src_addr          
00000000  __TI_ATRegion0_trg_addr          
00000000  __TI_ATRegion1_region_sz         
00000000  __TI_ATRegion1_src_addr          
00000000  __TI_ATRegion1_trg_addr          
00000000  __TI_ATRegion2_region_sz         
00000000  __TI_ATRegion2_src_addr          
00000000  __TI_ATRegion2_trg_addr          
20010028  __TI_CINIT_Base                  
20010038  __TI_CINIT_Limit                 
20010038  __TI_CINIT_Warm                  
20010014  __TI_Handler_Table_Base          
20010020  __TI_Handler_Table_Limit         
2000e71d  __TI_auto_init_nobinit_nopinit   
2000d811  __TI_decompress_lzss             
2000f119  __TI_decompress_none             
ffffffff  __TI_pprof_out_hndl              
ffffffff  __TI_prof_data_size              
ffffffff  __TI_prof_data_start             
2000ff24  __TI_static_base__               
2000f085  __TI_zero_init_nomemset          
2000dcd3  __aeabi_ldiv0                    
2000f1cd  __aeabi_memcpy                   
2000f1cd  __aeabi_memcpy4                  
2000f1cd  __aeabi_memcpy8                  
2000efe1  __aeabi_uldivmod                 
ffffffff  __binit__                        
UNDEFED   __mpu_init                       
20003000  __stack                          
20004000  __start___llvm_prf_bits          
20004000  __start___llvm_prf_cnts          
20004000  __stop___llvm_prf_bits           
20004000  __stop___llvm_prf_cnts           
2000d055  __udivmoddi4                     
2000ec51  _c_int00_noargs                  
2000f894  _lock                            
2000dddb  _nop                             
20004040  _sys_memory                      
UNDEFED   _system_post_cinit               
2000f1d1  _system_pre_init                 
2000f898  _unlock                          
2000f1d5  abort                            
2000ccb5  aligned_alloc                    
ffffffff  binit                            
2000e2a3  clkFxn                           
2000cdd5  free                             
2000f14d  gpioButtonFxn0                   
2000f1ab  gpioButtonFxn1                   
2000fd7c  gpioCallbackFunctions            
2000f748  gpioPinConfigs                   
2000fe00  gpioUserArgs                     
2000e5fd  initTimer                        
2000e8fd  initVectors                      
2000f109  main                             
2000d7a1  mainThread                       
2000f1a3  malloc                           
2000ccb5  memalign                         
2000f81a  messageComplete                  
2000f819  messageState                     
2000f650  parkInfo                         
2000ede5  resetISR                         
2000f818  state                            
2000f81b  statePending                     
2000fc20  timerCC32XXHWAttrs               
2000fe84  timerCC32XXObjects               
2000eee5  timerCallback                    


GLOBAL SYMBOLS: SORTED BY Symbol Address 

address   name                             
-------   ----                             
00000000  __TI_ATRegion0_region_sz         
00000000  __TI_ATRegion0_src_addr          
00000000  __TI_ATRegion0_trg_addr          
00000000  __TI_ATRegion1_region_sz         
00000000  __TI_ATRegion1_src_addr          
00000000  __TI_ATRegion1_trg_addr          
00000000  __TI_ATRegion2_region_sz         
00000000  __TI_ATRegion2_src_addr          
00000000  __TI_ATRegion2_trg_addr          
00001000  __STACK_SIZE                     
00008000  __SYSMEM_SIZE                    
20003000  __stack                          
20004000  __STACK_END                      
20004000  __start___llvm_prf_bits          
20004000  __start___llvm_prf_cnts          
20004000  __stop___llvm_prf_bits           
20004000  __stop___llvm_prf_cnts           
20004040  _sys_memory                      
2000c041  PRCMCC3200MCUInit                
2000c4f9  Power_sleep                      
2000c8dd  PowerCC32XX_sleepPolicy          
2000ca2d  Timer_open                       
2000cb75  GPIO_setConfig                   
2000ccb5  aligned_alloc                    
2000ccb5  memalign                         
2000cdd5  free                             
2000cec5  IntDisable                       
2000cf8d  IntEnable                        
2000d055  __udivmoddi4                     
2000d105  GPIOIntTypeSet                   
2000d1b1  IntPendSet                       
2000d255  PinConfigSet                     
2000d2f7  Board_initHook                   
2000d2f9  SemaphoreP_pend                  
2000d391  PowerCC32XX_enterLPDS            
2000d3d5  PowerCC32XX_resumeLPDS           
2000d427  PowerCC32XX_initPolicy           
2000d429  GPIO_init                        
2000d4b9  PRCMSysResetCauseGet             
2000d547  SemaphoreP_destruct              
2000d549  PowerCC32XX_configureWakeup      
2000d5d1  Power_init                       
2000d649  HwiP_construct                   
2000d6bd  PRCMHibernateWakeUpGPIOSelect    
2000d731  TickMessage                      
2000d7a1  mainThread                       
2000d811  __TI_decompress_lzss             
2000d881  PinLockLevelSet                  
2000d8ed  Power_setDependency              
2000da31  PRCMPeripheralReset              
2000da9b  IntPendClear                     
2000db03  Timer_init                       
2000db05  GPIO_write                       
2000db65  FlashDisable                     
2000dbc1  PRCMHibernateWakeupSourceDisable 
2000dc1d  TimerCC32XX_allocateTimerResource
2000dc79  PRCMPeripheralClkEnable          
2000dcd3  __aeabi_ldiv0                    
2000dcd5  ClockP_startup                   
2000dd2d  IntPrioritySet                   
2000dd85  PRCMLPDSEnter                    
2000dddb  _nop                             
2000dddd  GPIO_toggle                      
2000de31  PowerCC32XX_setParkState         
2000de85  Power_releaseDependency          
2000ded9  GPIO_hwiIntFxn                   
2000df29  PRCMHibernateWakeupSourceEnable  
2000df79  SemaphoreP_construct             
2000dfc9  GPIO_setInterruptConfig          
2000e015  PRCMLPDSRestoreInfoSet           
2000e0f9  ClockP_sysTickHandler            
2000e141  PRCMIntEnable                    
2000e189  PRCMPeripheralStatusGet          
2000e1d1  PinConfigGet                     
2000e219  PRCMLPDSEnterKeepDebugIf         
2000e25f  GPIODirModeSet                   
2000e2a3  clkFxn                           
2000e2a5  GPIO_disableInt                  
2000e2e9  GPIO_enableInt                   
2000e32d  Power_releaseConstraint          
2000e371  Timer_start                      
2000e3f9  PinModeSet                       
2000e43b  TimerControlStall                
2000e47d  Timer_close                      
2000e501  SemaphoreP_post                  
2000e541  Timer_stop                       
2000e581  PinDirModeSet                    
2000e5c1  ClockP_stop                      
2000e5fd  initTimer                        
2000e639  TimerSupport_timerEnable         
2000e675  ClockP_destruct                  
2000e6ad  Power_setConstraint              
2000e6e5  SwiP_restore                     
2000e71d  __TI_auto_init_nobinit_nopinit   
2000e755  PinLock                          
2000e78b  TickLED                          
2000e7f9  ClockP_start                     
2000e82d  PinDirModeGet                    
2000e861  PinModeGet                       
2000e895  PowerCC32XX_parkPin              
2000e8c9  TimerCC32XX_freeTimerResource    
2000e8fd  initVectors                      
2000e931  ClockP_getTicksUntilInterrupt    
2000e961  PRCMLPDSIntervalSet              
2000e991  PRCMSlowClkCtrFastGet            
2000e9c1  TimerLoadSet                     
2000e9f1  TimerPrescaleSet                 
2000ea51  GPIOIntStatus                    
2000ea7f  HwiP_create                      
2000eaa9  PRCMLPDSWakeUpGPIOSelect         
2000ead3  PRCMPeripheralClkDisable         
2000eafd  List_remove                      
2000eb25  PRCMSRAMRetentionEnable          
2000eb4d  TimerSupport_timerDisable        
2000eb9d  IntUnregister                    
2000ebc1  List_put                         
2000ebe5  PRCMLPDSWakeupSourceEnable       
2000ec09  PowerCC32XX_restoreParkedPin     
2000ec2d  Power_registerNotify             
2000ec51  _c_int00_noargs                  
2000ec75  GPIOPinWrite                     
2000ec97  PinUnlock                        
2000ecb9  IntRegister                      
2000ecd9  Power_unregisterNotify           
2000ecf9  SemaphoreP_constructBinary       
2000ed19  SemaphoreP_createBinary          
2000ed39  TimerDisable                     
2000ed59  GPIO_setCallback                 
2000ed75  HwiP_dispatch                    
2000ed91  SwiP_disable                     
2000ede5  resetISR                         
2000ee01  GPIOIntDisable                   
2000ee1b  PRCMHIBRegRead                   
2000ee35  PRCMHIBRegWrite                  
2000ee4f  PRCMLPDSWakeupSourceDisable      
2000ee69  PinToPadGet                      
2000ee83  TimerEnable                      
2000ee9d  GPIOIntEnable                    
2000eeb5  GPIOPinRead                      
2000eecd  SemaphoreP_create                
2000eee5  timerCallback                    
2000eefd  Board_init                       
2000ef13  SysTickPeriodSet                 
2000ef29  TimerIntDisable                  
2000ef3f  CPUcpsid                         
2000ef53  CPUcpsie                         
2000ef67  HwiP_destruct                    
2000ef7b  IntVTableBaseSet                 
2000ef91  Power_disablePolicy              
2000efa5  Power_getTransitionLatency       
2000efb9  Power_idleFunc                   
2000efcd  TimerIntEnable                   
2000efe1  __aeabi_uldivmod                 
2000eff5  ClockP_add                       
2000f007  GPIOIntClear                     
2000f019  HwiP_Params_init                 
2000f02b  HwiP_delete                      
2000f03d  SysTickEnable                    
2000f04f  SysTickIntDisable                
2000f061  SysTickIntEnable                 
2000f073  TI_memcpy_small                  
2000f085  __TI_zero_init_nomemset          
2000f099  ClockP_getCpuFreq                
2000f0a9  ClockP_getSystemTicks            
2000f0b9  ClockP_setTicks                  
2000f0c9  HwiP_inISR                       
2000f0d9  Power_enablePolicy               
2000f0e9  TimerIntClear                    
2000f0f9  Timer_Params_init                
2000f109  main                             
2000f119  __TI_decompress_none             
2000f127  CPUwfi                           
2000f133  PRCMLPDSWakeupCauseGet           
2000f141  Power_getConstraintMask          
2000f14d  gpioButtonFxn0                   
2000f165  ClockP_isActive                  
2000f16f  IntMasterDisable                 
2000f179  IntMasterEnable                  
2000f183  HwiP_disable                     
2000f18b  HwiP_restore                     
2000f193  PRCMSleepEnter                   
2000f19b  UtilsDelay                       
2000f1a3  malloc                           
2000f1ab  gpioButtonFxn1                   
2000f1b1  ClockP_doTick                    
2000f1b5  HwiP_clearInterrupt              
2000f1b9  HwiP_enable                      
2000f1bd  HwiP_post                        
2000f1c5  NoRTOS_start                     
2000f1c9  SemaphoreP_delete                
2000f1cd  __aeabi_memcpy                   
2000f1cd  __aeabi_memcpy4                  
2000f1cd  __aeabi_memcpy8                  
2000f1d1  _system_pre_init                 
2000f1d4  C$$EXIT                          
2000f1d5  abort                            
2000f4e4  PowerCC32XX_module               
2000f650  parkInfo                         
2000f748  gpioPinConfigs                   
2000f818  state                            
2000f819  messageState                     
2000f81a  messageComplete                  
2000f81b  statePending                     
2000f820  OK_SEQUENCE                      
2000f83e  SOS_SEQUENCE                     
2000f880  SemaphoreP_defaultParams         
2000f88c  ClockP_tickPeriod                
2000f890  HwiP_swiPIntNum                  
2000f894  _lock                            
2000f898  _unlock                          
2000fb20  PowerCC32XX_config               
2000fbad  GPIO_pinUpperBound               
2000fbae  Timer_count                      
2000fc10  GPIO_config                      
2000fc20  timerCC32XXHWAttrs               
2000fc48  Timer_config                     
2000fc50  PowerCC32XX_contextSave          
2000fd7c  gpioCallbackFunctions            
2000fe00  gpioUserArgs                     
2000fe84  timerCC32XXObjects               
2000ff08  ClockP_ctrl                      
2000ff24  __TI_static_base__               
20010014  __TI_Handler_Table_Base          
20010020  __TI_Handler_Table_Limit         
20010028  __TI_CINIT_Base                  
20010038  __TI_CINIT_Limit                 
20010038  __TI_CINIT_Warm                  
ffffffff  __TI_pprof_out_hndl              
ffffffff  __TI_prof_data_size              
ffffffff  __TI_prof_data_start             
ffffffff  __binit__                        
ffffffff  binit                            
UNDEFED   ITM_flush                        
UNDEFED   ITM_restore                      
UNDEFED   __mpu_init                       
UNDEFED   _system_post_cinit               

[236 symbols]
