******************************************************************************
            TI ARM Clang Linker PC v3.2.0                      
******************************************************************************
>> Linked Wed Feb 21 18:05:01 2024

OUTPUT FILE NAME:   <SOS_OK_gpiointerrupt_CC3220S_LAUNCHXL_nortos_ticlang.out>
ENTRY POINT SYMBOL: "resetISR"  address: 2000ed75


MEMORY CONFIGURATION

         name            origin    length      used     unused   attr    fill
----------------------  --------  ---------  --------  --------  ----  --------
  SRAM2                 20000000   00004000  0000130c  00002cf4  RW X
  SRAM                  20004000   0003c000  0000bfc1  0003003f  RW X
  LOG_DATA              90000000   00040000  00000000  00040000  R   
  LOG_PTR               94000008   00040000  00000000  00040000  R   


SEGMENT ALLOCATION MAP

run origin  load origin   length   init length attrs members
----------  ----------- ---------- ----------- ----- -------
20003000    20003000    00001000   00000000    rw-
  20003000    20003000    00001000   00000000    rw- .stack
20004000    20004000    00000040   00000040    r--
  20004000    20004000    00000040   00000040    r-- .resetVecs
20004040    20004040    00008000   00000000    rw-
  20004040    20004040    00008000   00000000    rw- .sysmem
2000c040    2000c040    00003110   00003110    r-x
  2000c040    2000c040    00003110   00003110    r-x .text
2000f150    2000f150    000006cd   00000000    rw-
  2000f150    2000f150    000006cd   00000000    rw- .data
2000f820    2000f820    000003b8   000003b8    r--
  2000f820    2000f820    000003b8   000003b8    r-- .rodata
2000fbd8    2000fbd8    000002d8   00000000    rw-
  2000fbd8    2000fbd8    000002d8   00000000    rw- .bss
2000feb0    2000feb0    00000114   00000114    r--
  2000feb0    2000feb0    00000114   00000114    r-- .cinit


SECTION ALLOCATION MAP

 output                                  attributes/
section   page    origin      length       input sections
--------  ----  ----------  ----------   ----------------
.text      0    2000c040    00003110     
                  2000c040    000004b8     driverlib.a : prcm.obj (.text.PRCMCC3200MCUInit)
                  2000c4f8    000003e4     drivers_cc32xx.a : PowerCC32XX.c.obj (.text.Power_sleep)
                  2000c8dc    00000150     nortos_cc32xx.a : PowerCC32XX_nortos.c.obj (.text.PowerCC32XX_sleepPolicy)
                  2000ca2c    00000148     drivers_cc32xx.a : TimerCC32XX.c.obj (.text.Timer_open)
                  2000cb74    00000140                      : GPIOCC32XX.c.obj (.text.GPIO_setConfig)
                  2000ccb4    00000120     libc.a : memory.c.obj (.text.aligned_alloc)
                  2000cdd4    000000f0            : memory.c.obj (.text.free)
                  2000cec4    000000c8     driverlib.a : interrupt.obj (.text.IntDisable)
                  2000cf8c    000000c8                 : interrupt.obj (.text.IntEnable)
                  2000d054    000000b0     libclang_rt.builtins.a : udivmoddi4.S.obj (.text)
                  2000d104    000000ac     driverlib.a : gpio.obj (.text.GPIOIntTypeSet)
                  2000d1b0    000000a4                 : interrupt.obj (.text.IntPendSet)
                  2000d254    000000a2                 : pin.obj (.text.PinConfigSet)
                  2000d2f6    00000002     ti_drivers_config.o (.text.Board_initHook)
                  2000d2f8    00000098     nortos_cc32xx.a : SemaphoreP_nortos.c.obj (.text.SemaphoreP_pend)
                  2000d390    00000096     drivers_cc32xx.a : PowerCC32XX_ticlang.asm.obj (.text)
                  2000d426    00000002     nortos_cc32xx.a : PowerCC32XX_nortos.c.obj (.text.PowerCC32XX_initPolicy)
                  2000d428    00000090     drivers_cc32xx.a : GPIOCC32XX.c.obj (.text.GPIO_init)
                  2000d4b8    0000008e     driverlib.a : prcm.obj (.text.PRCMSysResetCauseGet)
                  2000d546    00000002     nortos_cc32xx.a : SemaphoreP_nortos.c.obj (.text.SemaphoreP_destruct)
                  2000d548    00000088     drivers_cc32xx.a : PowerCC32XX.c.obj (.text.PowerCC32XX_configureWakeup)
                  2000d5d0    00000078                      : PowerCC32XX.c.obj (.text.Power_init)
                  2000d648    00000074     nortos_cc32xx.a : HwiPCC32XX_nortos.c.obj (.text.HwiP_construct)
                  2000d6bc    00000074     driverlib.a : prcm.obj (.text.PRCMHibernateWakeUpGPIOSelect)
                  2000d730    00000070     gpiointerrupt.o (.text.TickMessage)
                  2000d7a0    00000070     libc.a : copy_decompress_lzss.c.obj (.text:decompress:lzss)
                  2000d810    0000006c     driverlib.a : pin.obj (.text.PinLockLevelSet)
                  2000d87c    0000006c     drivers_cc32xx.a : PowerCC32XX.c.obj (.text.Power_setDependency)
                  2000d8e8    0000006c                      : GPIOCC32XX.c.obj (.text.powerNotifyFxn)
                  2000d954    0000006c     libc.a : memory.c.obj (.text.split)
                  2000d9c0    0000006a     driverlib.a : prcm.obj (.text.PRCMPeripheralReset)
                  2000da2a    00000068                 : interrupt.obj (.text.IntPendClear)
                  2000da92    00000002     drivers_cc32xx.a : Timer.c.obj (.text.Timer_init)
                  2000da94    00000068     gpiointerrupt.o (.text.mainThread)
                  2000dafc    00000060     drivers_cc32xx.a : GPIOCC32XX.c.obj (.text.GPIO_write)
                  2000db5c    0000005c     driverlib.a : flash.obj (.text.FlashDisable)
                  2000dbb8    0000005c                 : prcm.obj (.text.PRCMHibernateWakeupSourceDisable)
                  2000dc14    0000005c     drivers_cc32xx.a : TimerCC32XX.c.obj (.text.TimerCC32XX_allocateTimerResource)
                  2000dc70    0000005a     driverlib.a : prcm.obj (.text.PRCMPeripheralClkEnable)
                  2000dcca    00000002     libclang_rt.builtins.a : aeabi_div0.c.obj (.text.__aeabi_ldiv0)
                  2000dccc    00000058     nortos_cc32xx.a : ClockPSysTick_nortos.c.obj (.text.ClockP_startup)
                  2000dd24    00000058     driverlib.a : interrupt.obj (.text.IntPrioritySet)
                  2000dd7c    00000056                 : prcm.obj (.text.PRCMLPDSEnter)
                  2000ddd2    00000002     libc.a : _lock.c.obj (.text._nop)
                  2000ddd4    00000054     drivers_cc32xx.a : PowerCC32XX.c.obj (.text.PowerCC32XX_setParkState)
                  2000de28    00000054                      : PowerCC32XX.c.obj (.text.Power_releaseDependency)
                  2000de7c    00000050                      : GPIOCC32XX.c.obj (.text.GPIO_hwiIntFxn)
                  2000decc    00000050     driverlib.a : prcm.obj (.text.PRCMHibernateWakeupSourceEnable)
                  2000df1c    00000050     nortos_cc32xx.a : SemaphoreP_nortos.c.obj (.text.SemaphoreP_construct)
                  2000df6c    0000004c     drivers_cc32xx.a : GPIOCC32XX.c.obj (.text.GPIO_setInterruptConfig)
                  2000dfb8    0000004c     driverlib.a : prcm.obj (.text.PRCMLPDSRestoreInfoSet)
                  2000e004    0000004c     drivers_cc32xx.a : TimerCC32XX.c.obj (.text.initHw)
                  2000e050    0000004a                      : TimerCC32XX.c.obj (.text.getPrescaler)
                  2000e09a    00000002     nortos_cc32xx.a : startup_cc32xx_ticlang.c.obj (.text.busFaultHandler)
                  2000e09c    00000048                     : ClockPSysTick_nortos.c.obj (.text.ClockP_sysTickHandler)
                  2000e0e4    00000048     driverlib.a : prcm.obj (.text.PRCMIntEnable)
                  2000e12c    00000048                 : prcm.obj (.text.PRCMPeripheralStatusGet)
                  2000e174    00000048                 : pin.obj (.text.PinConfigGet)
                  2000e1bc    00000046                 : prcm.obj (.text.PRCMLPDSEnterKeepDebugIf)
                  2000e202    00000044                 : gpio.obj (.text.GPIODirModeSet)
                  2000e246    00000002     nortos_cc32xx.a : SemaphoreP_nortos.c.obj (.text.clkFxn)
                  2000e248    00000044     drivers_cc32xx.a : GPIOCC32XX.c.obj (.text.GPIO_disableInt)
                  2000e28c    00000044                      : GPIOCC32XX.c.obj (.text.GPIO_enableInt)
                  2000e2d0    00000044                      : PowerCC32XX.c.obj (.text.Power_releaseConstraint)
                  2000e314    00000044                      : Timer.c.obj (.text.Timer_start)
                  2000e358    00000044     nortos_cc32xx.a : ClockPSysTick_nortos.c.obj (.text.addToList)
                  2000e39c    00000044     gpiointerrupt.o (.text.initTimer)
                  2000e3e0    00000042     driverlib.a : pin.obj (.text.PinModeSet)
                  2000e422    00000042                 : timer.obj (.text.TimerControlStall)
                  2000e464    00000042     drivers_cc32xx.a : TimerCC32XX.c.obj (.text.Timer_close)
                  2000e4a6    00000042     nortos_cc32xx.a : PowerCC32XX_nortos.c.obj (.text.getCountsRTC)
                  2000e4e8    00000040                     : SemaphoreP_nortos.c.obj (.text.SemaphoreP_post)
                  2000e528    00000040     drivers_cc32xx.a : Timer.c.obj (.text.Timer_stop)
                  2000e568    0000003e     driverlib.a : pin.obj (.text.PinDirModeSet)
                  2000e5a6    00000002     nortos_cc32xx.a : startup_cc32xx_ticlang.c.obj (.text.defaultHandler)
                  2000e5a8    0000003c                     : ClockPSysTick_nortos.c.obj (.text.ClockP_stop)
                  2000e5e4    0000003a     drivers_cc32xx.a : TimerCC32XX.c.obj (.text.TimerSupport_timerEnable)
                  2000e61e    00000002     nortos_cc32xx.a : startup_cc32xx_ticlang.c.obj (.text.faultISR)
                  2000e620    00000038                     : ClockPSysTick_nortos.c.obj (.text.ClockP_destruct)
                  2000e658    00000038     drivers_cc32xx.a : PowerCC32XX.c.obj (.text.Power_setConstraint)
                  2000e690    00000038     nortos_cc32xx.a : SwiP_nortos.c.obj (.text.SwiP_restore)
                  2000e6c8    00000038     libc.a : autoinit.c.obj (.text:__TI_auto_init_nobinit_nopinit)
                  2000e700    00000036     driverlib.a : pin.obj (.text.PinLock)
                  2000e736    00000036     drivers_cc32xx.a : TimerCC32XX.c.obj (.text.TimerCC32XX_hwiIntFunction)
                  2000e76c    00000034     nortos_cc32xx.a : ClockPSysTick_nortos.c.obj (.text.ClockP_start)
                  2000e7a0    00000034     driverlib.a : pin.obj (.text.PinDirModeGet)
                  2000e7d4    00000034                 : pin.obj (.text.PinModeGet)
                  2000e808    00000034     drivers_cc32xx.a : PowerCC32XX.c.obj (.text.PowerCC32XX_parkPin)
                  2000e83c    00000034                      : TimerCC32XX.c.obj (.text.TimerCC32XX_freeTimerResource)
                  2000e870    00000034     nortos_cc32xx.a : startup_cc32xx_ticlang.c.obj (.text.initVectors)
                  2000e8a4    00000030                     : ClockPSysTick_nortos.c.obj (.text.ClockP_getTicksUntilInterrupt)
                  2000e8d4    00000030     driverlib.a : prcm.obj (.text.PRCMLPDSIntervalSet)
                  2000e904    00000030                 : prcm.obj (.text.PRCMSlowClkCtrFastGet)
                  2000e934    00000030                 : timer.obj (.text.TimerLoadSet)
                  2000e964    00000030                 : timer.obj (.text.TimerPrescaleSet)
                  2000e994    00000030     drivers_cc32xx.a : PowerCC32XX.c.obj (.text.notify)
                  2000e9c4    0000002e     driverlib.a : gpio.obj (.text.GPIOIntStatus)
                  2000e9f2    0000002a     nortos_cc32xx.a : HwiPCC32XX_nortos.c.obj (.text.HwiP_create)
                  2000ea1c    0000002a     driverlib.a : prcm.obj (.text.PRCMLPDSWakeUpGPIOSelect)
                  2000ea46    0000002a                 : prcm.obj (.text.PRCMPeripheralClkDisable)
                  2000ea70    00000028     drivers_cc32xx.a : List.c.obj (.text.List_remove)
                  2000ea98    00000028     driverlib.a : prcm.obj (.text.PRCMSRAMRetentionEnable)
                  2000eac0    00000028     drivers_cc32xx.a : TimerCC32XX.c.obj (.text.TimerSupport_timerDisable)
                  2000eae8    00000028     libc.a : memory.c.obj (.text.free_list_insert)
                  2000eb10    00000024     driverlib.a : interrupt.obj (.text.IntUnregister)
                  2000eb34    00000024     drivers_cc32xx.a : List.c.obj (.text.List_put)
                  2000eb58    00000024     driverlib.a : prcm.obj (.text.PRCMLPDSWakeupSourceEnable)
                  2000eb7c    00000024     drivers_cc32xx.a : PowerCC32XX.c.obj (.text.PowerCC32XX_restoreParkedPin)
                  2000eba0    00000024                      : PowerCC32XX.c.obj (.text.Power_registerNotify)
                  2000ebc4    00000024     libc.a : boot_cortex_m.c.obj (.text:_c_int00_noargs)
                  2000ebe8    00000022     driverlib.a : gpio.obj (.text.GPIOPinWrite)
                  2000ec0a    00000022                 : pin.obj (.text.PinUnlock)
                  2000ec2c    00000020                 : interrupt.obj (.text.IntRegister)
                  2000ec4c    00000020     drivers_cc32xx.a : PowerCC32XX.c.obj (.text.Power_unregisterNotify)
                  2000ec6c    00000020     nortos_cc32xx.a : SemaphoreP_nortos.c.obj (.text.SemaphoreP_constructBinary)
                  2000ec8c    00000020                     : SemaphoreP_nortos.c.obj (.text.SemaphoreP_createBinary)
                  2000ecac    00000020     driverlib.a : timer.obj (.text.TimerDisable)
                  2000eccc    0000001c     drivers_cc32xx.a : GPIO.c.obj (.text.GPIO_setCallback)
                  2000ece8    0000001c     nortos_cc32xx.a : HwiPCC32XX_nortos.c.obj (.text.HwiP_dispatch)
                  2000ed04    0000001c                     : SwiP_nortos.c.obj (.text.SwiP_disable)
                  2000ed20    0000001c     gpiointerrupt.o (.text.TickLED)
                  2000ed3c    0000001c     libc.a : memory.c.obj (.text.free_list_remove)
                  2000ed58    0000001c     drivers_cc32xx.a : TimerCC32XX.c.obj (.text.getPowerMgrId)
                  2000ed74    0000001c     nortos_cc32xx.a : startup_cc32xx_ticlang.c.obj (.text.resetISR)
                  2000ed90    0000001c     gpiointerrupt.o (.text.timerCallback)
                  2000edac    0000001a     driverlib.a : gpio.obj (.text.GPIOIntDisable)
                  2000edc6    0000001a                 : prcm.obj (.text.PRCMHIBRegRead)
                  2000ede0    0000001a                 : prcm.obj (.text.PRCMHIBRegWrite)
                  2000edfa    0000001a                 : prcm.obj (.text.PRCMLPDSWakeupSourceDisable)
                  2000ee14    0000001a                 : pin.obj (.text.PinToPadGet)
                  2000ee2e    0000001a                 : timer.obj (.text.TimerEnable)
                  2000ee48    00000018                 : gpio.obj (.text.GPIOIntEnable)
                  2000ee60    00000018     nortos_cc32xx.a : SemaphoreP_nortos.c.obj (.text.SemaphoreP_create)
                  2000ee78    00000016     ti_drivers_config.o (.text.Board_init)
                  2000ee8e    00000016     driverlib.a : systick.obj (.text.SysTickPeriodSet)
                  2000eea4    00000016                 : timer.obj (.text.TimerIntDisable)
                  2000eeba    00000014                 : cpu.obj (.text.CPUcpsid)
                  2000eece    00000014                 : cpu.obj (.text.CPUcpsie)
                  2000eee2    00000014     nortos_cc32xx.a : HwiPCC32XX_nortos.c.obj (.text.HwiP_destruct)
                  2000eef6    00000014     driverlib.a : interrupt.obj (.text.IntVTableBaseSet)
                  2000ef0a    00000002     gpiointerrupt.o (.text.gpioButtonFxn1)
                  2000ef0c    00000014     drivers_cc32xx.a : PowerCC32XX.c.obj (.text.Power_disablePolicy)
                  2000ef20    00000014                      : PowerCC32XX.c.obj (.text.Power_getTransitionLatency)
                  2000ef34    00000014                      : PowerCC32XX.c.obj (.text.Power_idleFunc)
                  2000ef48    00000014     driverlib.a : timer.obj (.text.TimerIntEnable)
                  2000ef5c    00000014     libclang_rt.builtins.a : aeabi_uldivmod.S.obj (.text.__aeabi_uldivmod)
                  2000ef70    00000012     nortos_cc32xx.a : ClockPSysTick_nortos.c.obj (.text.ClockP_add)
                  2000ef82    00000012     driverlib.a : gpio.obj (.text.GPIOIntClear)
                  2000ef94    00000012     nortos_cc32xx.a : HwiPCC32XX_nortos.c.obj (.text.HwiP_Params_init)
                  2000efa6    00000012                     : HwiPCC32XX_nortos.c.obj (.text.HwiP_delete)
                  2000efb8    00000012     driverlib.a : systick.obj (.text.SysTickEnable)
                  2000efca    00000012                 : systick.obj (.text.SysTickIntDisable)
                  2000efdc    00000012                 : systick.obj (.text.SysTickIntEnable)
                  2000efee    00000012     libc.a : memcpy_t2.S.obj (.text:TI_memcpy_small)
                  2000f000    00000012            : copy_zero_init.c.obj (.text:decompress:ZI:__TI_zero_init_nomemset)
                  2000f012    00000002     nortos_cc32xx.a : startup_cc32xx_ticlang.c.obj (.text.nmiISR)
                  2000f014    00000010                     : ClockPSysTick_nortos.c.obj (.text.ClockP_getCpuFreq)
                  2000f024    00000010                     : ClockPSysTick_nortos.c.obj (.text.ClockP_getSystemTicks)
                  2000f034    00000010                     : ClockPSysTick_nortos.c.obj (.text.ClockP_setTicks)
                  2000f044    00000010                     : HwiPCC32XX_nortos.c.obj (.text.HwiP_inISR)
                  2000f054    00000010     drivers_cc32xx.a : PowerCC32XX.c.obj (.text.Power_enablePolicy)
                  2000f064    00000010     driverlib.a : timer.obj (.text.TimerIntClear)
                  2000f074    00000010     drivers_cc32xx.a : Timer.c.obj (.text.Timer_Params_init)
                  2000f084    00000010     main_nortos.o (.text.main)
                  2000f094    0000000e     libc.a : copy_decompress_none.c.obj (.text:decompress:none)
                  2000f0a2    0000000c     driverlib.a : cpu.obj (.text.CPUwfi)
                  2000f0ae    0000000c                 : prcm.obj (.text.PRCMLPDSWakeupCauseGet)
                  2000f0ba    00000002     --HOLE-- [fill = 0]
                  2000f0bc    0000000c     drivers_cc32xx.a : PowerCC32XX.c.obj (.text.Power_getConstraintMask)
                  2000f0c8    0000000c     gpiointerrupt.o (.text.gpioButtonFxn0)
                  2000f0d4    0000000c     drivers_cc32xx.a : TimerCC32XX.c.obj (.text.postNotifyFxn)
                  2000f0e0    0000000a     nortos_cc32xx.a : ClockPSysTick_nortos.c.obj (.text.ClockP_isActive)
                  2000f0ea    0000000a     driverlib.a : interrupt.obj (.text.IntMasterDisable)
                  2000f0f4    0000000a                 : interrupt.obj (.text.IntMasterEnable)
                  2000f0fe    00000008     nortos_cc32xx.a : HwiPCC32XX_nortos.c.obj (.text.HwiP_disable)
                  2000f106    00000008                     : HwiPCC32XX_nortos.c.obj (.text.HwiP_restore)
                  2000f10e    00000008     driverlib.a : prcm.obj (.text.PRCMSleepEnter)
                  2000f116    00000008                 : utils.obj (.text.UtilsDelay)
                  2000f11e    00000008     libc.a : memory.c.obj (.text.malloc)
                  2000f126    00000004     nortos_cc32xx.a : ClockPSysTick_nortos.c.obj (.text.ClockP_doTick)
                  2000f12a    00000004                     : HwiPCC32XX_nortos.c.obj (.text.HwiP_clearInterrupt)
                  2000f12e    00000004                     : HwiPCC32XX_nortos.c.obj (.text.HwiP_enable)
                  2000f132    00000004                     : HwiPCC32XX_nortos.c.obj (.text.HwiP_post)
                  2000f136    00000004     driverlib.a : interrupt.obj (.text.IntDefaultHandler)
                  2000f13a    00000004     nortos_cc32xx.a : NoRTOS.c.obj (.text.NoRTOS_start)
                  2000f13e    00000004                     : SemaphoreP_nortos.c.obj (.text.SemaphoreP_delete)
                  2000f142    00000002     --HOLE-- [fill = 0]
                  2000f144    00000004     libclang_rt.builtins.a : aeabi_memcpy.S.obj (.text.__aeabi_memcpy)
                  2000f148    00000004     libc.a : pre_init.c.obj (.text._system_pre_init)
                  2000f14c    00000004            : exit.c.obj (.text:abort)

.ramVecs   0    20000000    0000030c     NOLOAD SECTION
                  20000000    0000030c     nortos_cc32xx.a : startup_cc32xx_ticlang.c.obj (.ramVecs)

.stack     0    20003000    00001000     UNINITIALIZED
                  20003000    00000004     libc.a : boot_cortex_m.c.obj (.stack)
                  20003004    00000ffc     --HOLE--

.resetVecs 
*          0    20004000    00000040     
                  20004000    00000040     nortos_cc32xx.a : startup_cc32xx_ticlang.c.obj (.resetVecs)

.sysmem    0    20004040    00008000     UNINITIALIZED
                  20004040    00000010     libc.a : memory.c.obj (.sysmem)
                  20004050    00007ff0     --HOLE--

.rodata    0    2000f820    000003b8     
                  2000f820    00000100     driverlib.a : pin.obj (.rodata.g_ulPinToPadMap)
                  2000f920    000000d4                 : interrupt.obj (.rodata.g_pulRegs)
                  2000f9f4    000000a8                 : prcm.obj (.rodata.PRCM_PeriphRegsList)
                  2000fa9c    00000044     ti_drivers_config.o (.rodata.PowerCC32XX_config)
                  2000fae0    00000028     drivers_cc32xx.a : GPIOCC32XX.c.obj (.rodata.portConfigs)
                  2000fb08    00000021                      : GPIOCC32XX.c.obj (.rodata.pinTable)
                  2000fb29    00000001     ti_drivers_config.o (.rodata.GPIO_pinUpperBound)
                  2000fb2a    00000001     ti_drivers_config.o (.rodata.Timer_count)
                  2000fb2b    00000001     --HOLE-- [fill = 0]
                  2000fb2c    00000018     driverlib.a : interrupt.obj (.rodata.g_pulDisRegs)
                  2000fb44    00000018                 : interrupt.obj (.rodata.g_pulEnRegs)
                  2000fb5c    00000018                 : interrupt.obj (.rodata.g_pulPendRegs)
                  2000fb74    00000018                 : interrupt.obj (.rodata.g_pulUnpendRegs)
                  2000fb8c    00000010     ti_drivers_config.o (.rodata.GPIO_config)
                  2000fb9c    00000010     ti_drivers_config.o (.rodata.timerCC32XXHWAttrs)
                  2000fbac    0000000c     gpiointerrupt.o (.rodata..Lswitch.table.TickLED)
                  2000fbb8    0000000c     drivers_cc32xx.a : Timer.c.obj (.rodata.defaultParams)
                  2000fbc4    0000000c                      : TimerCC32XX.c.obj (.rodata.defaultParams)
                  2000fbd0    00000008     ti_drivers_config.o (.rodata.Timer_config)

.cinit     0    2000feb0    00000114     
                  2000feb0    000000ee     (.cinit..data.load) [load image, compression = lzss]
                  2000ff9e    00000002     --HOLE-- [fill = 0]
                  2000ffa0    0000000c     (__TI_handler_table)
                  2000ffac    00000008     (.cinit..bss.load) [load image, compression = zero_init]
                  2000ffb4    00000010     (__TI_cinit_table)

.init_array 
*          0    20004000    00000000     UNINITIALIZED

.data      0    2000f150    000006cd     UNINITIALIZED
                  2000f150    0000030c     nortos_cc32xx.a : HwiPCC32XX_nortos.c.obj (.data.HwiP_dispatchTable)
                  2000f45c    0000016c     drivers_cc32xx.a : PowerCC32XX.c.obj (.data.PowerCC32XX_module)
                  2000f5c8    000000f8     ti_drivers_config.o (.data.parkInfo)
                  2000f6c0    00000084     ti_drivers_config.o (.data.gpioPinConfigs)
                  2000f744    0000004c     gpiointerrupt.o (.data..L_MergedGlobals)
                  2000f790    0000004c     nortos_cc32xx.a : SwiP_nortos.c.obj (.data..L_MergedGlobals)
                  2000f7dc    00000018     drivers_cc32xx.a : GPIOCC32XX.c.obj (.data..L_MergedGlobals)
                  2000f7f4    00000004     nortos_cc32xx.a : HwiPCC32XX_nortos.c.obj (.data.HwiP_swiPIntNum)
                  2000f7f8    00000010                     : SemaphoreP_nortos.c.obj (.data..L_MergedGlobals)
                  2000f808    00000008                     : ClockPSysTick_nortos.c.obj (.data..L_MergedGlobals)
                  2000f810    00000004     libc.a : _lock.c.obj (.data._lock)
                  2000f814    00000004            : _lock.c.obj (.data._unlock)
                  2000f818    00000001     drivers_cc32xx.a : GPIOCC32XX.c.obj (.data.initCalled)
                  2000f819    00000001                      : GPIOCC32XX.c.obj (.data.portHwiCreatedBitMask)
                  2000f81a    00000002     --HOLE--
                  2000f81c    00000001     libc.a : memory.c.obj (.data.memory_is_initialized)

.bss       0    2000fbd8    000002d8     UNINITIALIZED
                  2000fbd8    0000012c     (.common:PowerCC32XX_contextSave)
                  2000fd04    00000084     (.common:gpioCallbackFunctions)
                  2000fd88    00000084     (.common:gpioUserArgs)
                  2000fe0c    00000084     (.common:timerCC32XXObjects)
                  2000fe90    00000010     (.common:ClockP_ctrl)
                  2000fea0    00000004     nortos_cc32xx.a : ClockPSysTick_nortos.c.obj (.bss.sysTickPeriod)
                  2000fea4    00000004     libc.a : memory.c.obj (.bss.sys_free)
                  2000fea8    00000004     drivers_cc32xx.a : TimerCC32XX.c.obj (.bss.timerState.0)
                  2000feac    00000004     (.common:timer0)

.log_data 
*          0    90000000    00000000     COPY SECTION

.log_ptr   0    94000008    00000000     COPY SECTION

__llvm_prf_cnts 
*          0    20004000    00000000     UNINITIALIZED

__llvm_prf_bits 
*          0    20004000    00000000     UNINITIALIZED

MODULE SUMMARY

       Module                         code    ro data   rw data
       ------                         ----    -------   -------
    .\
       gpiointerrupt.o                354     12        80     
       main_nortos.o                  16      0         0      
    +--+------------------------------+-------+---------+---------+
       Total:                         370     12        80     
                                                               
    .\syscfg\
       ti_drivers_config.o            24      110       776    
    +--+------------------------------+-------+---------+---------+
       Total:                         24      110       776    
                                                               
    C:/ti/simplelink_cc32xx_sdk_7_10_00_13/kernel/nortos/lib/ticlang/m4/nortos_cc32xx.a
       HwiPCC32XX_nortos.c.obj        286     0         784    
       startup_cc32xx_ticlang.c.obj   88      64        780    
       ClockPSysTick_nortos.c.obj     524     0         28     
       SemaphoreP_nortos.c.obj        392     0         16     
       PowerCC32XX_nortos.c.obj       404     0         0      
       SwiP_nortos.c.obj              84      0         76     
       NoRTOS.c.obj                   4       0         0      
    +--+------------------------------+-------+---------+---------+
       Total:                         1782    64        1684   
                                                               
    C:/ti/simplelink_cc32xx_sdk_7_10_00_13/source/ti/devices/cc32xx/driverlib/ticlang/Release/driverlib.a
       prcm.obj                       2564    168       0      
       interrupt.obj                  868     308       0      
       pin.obj                        688     256       0      
       gpio.obj                       388     0         0      
       timer.obj                      278     0         0      
       flash.obj                      92      0         0      
       systick.obj                    76      0         0      
       cpu.obj                        52      0         0      
       utils.obj                      8       0         0      
    +--+------------------------------+-------+---------+---------+
       Total:                         5014    732       0      
                                                               
    C:/ti/simplelink_cc32xx_sdk_7_10_00_13/source/ti/drivers/lib/ticlang/m4/drivers_cc32xx.a
       PowerCC32XX.c.obj              1944    0         664    
       GPIOCC32XX.c.obj               960     73        26     
       TimerCC32XX.c.obj              880     12        4      
       Timer.c.obj                    150     12        0      
       PowerCC32XX_ticlang.asm.obj    150     0         0      
       List.c.obj                     76      0         0      
       GPIO.c.obj                     28      0         0      
    +--+------------------------------+-------+---------+---------+
       Total:                         4188    97        694    
                                                               
    D:\ti\ccs-2\ccs\tools\compiler\ti-cgt-armllvm_3.2.0.LTS\lib\armv7em-ti-none-eabi/c/libc.a
       memory.c.obj                   712     0         5      
       copy_decompress_lzss.c.obj     112     0         0      
       autoinit.c.obj                 56      0         0      
       boot_cortex_m.c.obj            36      0         0      
       copy_zero_init.c.obj           18      0         0      
       memcpy_t2.S.obj                18      0         0      
       copy_decompress_none.c.obj     14      0         0      
       _lock.c.obj                    2       0         8      
       exit.c.obj                     4       0         0      
       pre_init.c.obj                 4       0         0      
    +--+------------------------------+-------+---------+---------+
       Total:                         976     0         13     
                                                               
    D:\ti\ccs-2\ccs\tools\compiler\ti-cgt-armllvm_3.2.0.LTS\lib\clang/15.0.7/lib/armv7em-ti-none-eabi/libclang_rt.builtins.a
       udivmoddi4.S.obj               176     0         0      
       aeabi_uldivmod.S.obj           20      0         0      
       aeabi_memcpy.S.obj             4       0         0      
       aeabi_div0.c.obj               2       0         0      
    +--+------------------------------+-------+---------+---------+
       Total:                         202     0         0      
                                                               
       Heap:                          0       0         32768  
       Stack:                         0       0         4096   
       Linker Generated:              0       274       0      
    +--+------------------------------+-------+---------+---------+
       Grand Total:                   12556   1289      40111  


LINKER GENERATED COPY TABLES

__TI_cinit_table @ 2000ffb4 records: 2, size/record: 8, table size: 16
	.data: load addr=2000feb0, load size=000000ee bytes, run addr=2000f150, run size=000006cd bytes, compression=lzss
	.bss: load addr=2000ffac, load size=00000008 bytes, run addr=2000fbd8, run size=000002d8 bytes, compression=zero_init


LINKER GENERATED HANDLER TABLE

__TI_handler_table @ 2000ffa0 records: 3, size/record: 4, table size: 12
	index: 0, handler: __TI_decompress_lzss
	index: 1, handler: __TI_decompress_none
	index: 2, handler: __TI_zero_init


GLOBAL SYMBOLS: SORTED ALPHABETICALLY BY Name 

address   name                             
-------   ----                             
2000ee79  Board_init                       
2000d2f7  Board_initHook                   
2000f14c  C$$EXIT                          
2000eebb  CPUcpsid                         
2000eecf  CPUcpsie                         
2000f0a3  CPUwfi                           
2000ef71  ClockP_add                       
2000fe90  ClockP_ctrl                      
2000e621  ClockP_destruct                  
2000f127  ClockP_doTick                    
2000f015  ClockP_getCpuFreq                
2000f025  ClockP_getSystemTicks            
2000e8a5  ClockP_getTicksUntilInterrupt    
2000f0e1  ClockP_isActive                  
2000f035  ClockP_setTicks                  
2000e76d  ClockP_start                     
2000dccd  ClockP_startup                   
2000e5a9  ClockP_stop                      
2000e09d  ClockP_sysTickHandler            
2000f80c  ClockP_tickPeriod                
2000db5d  FlashDisable                     
2000e203  GPIODirModeSet                   
2000ef83  GPIOIntClear                     
2000edad  GPIOIntDisable                   
2000ee49  GPIOIntEnable                    
2000e9c5  GPIOIntStatus                    
2000d105  GPIOIntTypeSet                   
2000ebe9  GPIOPinWrite                     
2000fb8c  GPIO_config                      
2000e249  GPIO_disableInt                  
2000e28d  GPIO_enableInt                   
2000de7d  GPIO_hwiIntFxn                   
2000d429  GPIO_init                        
2000fb29  GPIO_pinUpperBound               
2000eccd  GPIO_setCallback                 
2000cb75  GPIO_setConfig                   
2000df6d  GPIO_setInterruptConfig          
2000dafd  GPIO_write                       
2000ef95  HwiP_Params_init                 
2000f12b  HwiP_clearInterrupt              
2000d649  HwiP_construct                   
2000e9f3  HwiP_create                      
2000efa7  HwiP_delete                      
2000eee3  HwiP_destruct                    
2000f0ff  HwiP_disable                     
2000ece9  HwiP_dispatch                    
2000f12f  HwiP_enable                      
2000f045  HwiP_inISR                       
2000f133  HwiP_post                        
2000f107  HwiP_restore                     
2000f7f4  HwiP_swiPIntNum                  
UNDEFED   ITM_flush                        
UNDEFED   ITM_restore                      
2000cec5  IntDisable                       
2000cf8d  IntEnable                        
2000f0eb  IntMasterDisable                 
2000f0f5  IntMasterEnable                  
2000da2b  IntPendClear                     
2000d1b1  IntPendSet                       
2000dd25  IntPrioritySet                   
2000ec2d  IntRegister                      
2000eb11  IntUnregister                    
2000eef7  IntVTableBaseSet                 
2000eb35  List_put                         
2000ea71  List_remove                      
2000f13b  NoRTOS_start                     
2000f750  OK_SEQUENCE                      
2000c041  PRCMCC3200MCUInit                
2000edc7  PRCMHIBRegRead                   
2000ede1  PRCMHIBRegWrite                  
2000d6bd  PRCMHibernateWakeUpGPIOSelect    
2000dbb9  PRCMHibernateWakeupSourceDisable 
2000decd  PRCMHibernateWakeupSourceEnable  
2000e0e5  PRCMIntEnable                    
2000dd7d  PRCMLPDSEnter                    
2000e1bd  PRCMLPDSEnterKeepDebugIf         
2000e8d5  PRCMLPDSIntervalSet              
2000dfb9  PRCMLPDSRestoreInfoSet           
2000ea1d  PRCMLPDSWakeUpGPIOSelect         
2000f0af  PRCMLPDSWakeupCauseGet           
2000edfb  PRCMLPDSWakeupSourceDisable      
2000eb59  PRCMLPDSWakeupSourceEnable       
2000ea47  PRCMPeripheralClkDisable         
2000dc71  PRCMPeripheralClkEnable          
2000d9c1  PRCMPeripheralReset              
2000e12d  PRCMPeripheralStatusGet          
2000ea99  PRCMSRAMRetentionEnable          
2000f10f  PRCMSleepEnter                   
2000e905  PRCMSlowClkCtrFastGet            
2000d4b9  PRCMSysResetCauseGet             
2000e175  PinConfigGet                     
2000d255  PinConfigSet                     
2000e7a1  PinDirModeGet                    
2000e569  PinDirModeSet                    
2000e701  PinLock                          
2000d811  PinLockLevelSet                  
2000e7d5  PinModeGet                       
2000e3e1  PinModeSet                       
2000ee15  PinToPadGet                      
2000ec0b  PinUnlock                        
2000fa9c  PowerCC32XX_config               
2000d549  PowerCC32XX_configureWakeup      
2000fbd8  PowerCC32XX_contextSave          
2000d391  PowerCC32XX_enterLPDS            
2000d427  PowerCC32XX_initPolicy           
2000f45c  PowerCC32XX_module               
2000e809  PowerCC32XX_parkPin              
2000eb7d  PowerCC32XX_restoreParkedPin     
2000d3d5  PowerCC32XX_resumeLPDS           
2000ddd5  PowerCC32XX_setParkState         
2000c8dd  PowerCC32XX_sleepPolicy          
2000ef0d  Power_disablePolicy              
2000f055  Power_enablePolicy               
2000f0bd  Power_getConstraintMask          
2000ef21  Power_getTransitionLatency       
2000ef35  Power_idleFunc                   
2000d5d1  Power_init                       
2000eba1  Power_registerNotify             
2000e2d1  Power_releaseConstraint          
2000de29  Power_releaseDependency          
2000e659  Power_setConstraint              
2000d87d  Power_setDependency              
2000c4f9  Power_sleep                      
2000ec4d  Power_unregisterNotify           
2000f76e  SOS_SEQUENCE                     
2000df1d  SemaphoreP_construct             
2000ec6d  SemaphoreP_constructBinary       
2000ee61  SemaphoreP_create                
2000ec8d  SemaphoreP_createBinary          
2000f800  SemaphoreP_defaultParams         
2000f13f  SemaphoreP_delete                
2000d547  SemaphoreP_destruct              
2000d2f9  SemaphoreP_pend                  
2000e4e9  SemaphoreP_post                  
2000ed05  SwiP_disable                     
2000e691  SwiP_restore                     
2000efb9  SysTickEnable                    
2000efcb  SysTickIntDisable                
2000efdd  SysTickIntEnable                 
2000ee8f  SysTickPeriodSet                 
2000efef  TI_memcpy_small                  
2000ed21  TickLED                          
2000d731  TickMessage                      
2000dc15  TimerCC32XX_allocateTimerResource
2000e83d  TimerCC32XX_freeTimerResource    
2000e423  TimerControlStall                
2000ecad  TimerDisable                     
2000ee2f  TimerEnable                      
2000f748  TimerFlag                        
2000f065  TimerIntClear                    
2000eea5  TimerIntDisable                  
2000ef49  TimerIntEnable                   
2000e935  TimerLoadSet                     
2000e965  TimerPrescaleSet                 
2000eac1  TimerSupport_timerDisable        
2000e5e5  TimerSupport_timerEnable         
2000f075  Timer_Params_init                
2000e465  Timer_close                      
2000fbd0  Timer_config                     
2000fb2a  Timer_count                      
2000da93  Timer_init                       
2000ca2d  Timer_open                       
2000e315  Timer_start                      
2000e529  Timer_stop                       
2000f117  UtilsDelay                       
20004000  __STACK_END                      
00001000  __STACK_SIZE                     
00008000  __SYSMEM_SIZE                    
00000000  __TI_ATRegion0_region_sz         
00000000  __TI_ATRegion0_src_addr          
00000000  __TI_ATRegion0_trg_addr          
00000000  __TI_ATRegion1_region_sz         
00000000  __TI_ATRegion1_src_addr          
00000000  __TI_ATRegion1_trg_addr          
00000000  __TI_ATRegion2_region_sz         
00000000  __TI_ATRegion2_src_addr          
00000000  __TI_ATRegion2_trg_addr          
2000ffb4  __TI_CINIT_Base                  
2000ffc4  __TI_CINIT_Limit                 
2000ffc4  __TI_CINIT_Warm                  
2000ffa0  __TI_Handler_Table_Base          
2000ffac  __TI_Handler_Table_Limit         
2000e6c9  __TI_auto_init_nobinit_nopinit   
2000d7a1  __TI_decompress_lzss             
2000f095  __TI_decompress_none             
ffffffff  __TI_pprof_out_hndl              
ffffffff  __TI_prof_data_size              
ffffffff  __TI_prof_data_start             
2000feb0  __TI_static_base__               
2000f001  __TI_zero_init_nomemset          
2000dccb  __aeabi_ldiv0                    
2000f145  __aeabi_memcpy                   
2000f145  __aeabi_memcpy4                  
2000f145  __aeabi_memcpy8                  
2000ef5d  __aeabi_uldivmod                 
ffffffff  __binit__                        
UNDEFED   __mpu_init                       
20003000  __stack                          
20004000  __start___llvm_prf_bits          
20004000  __start___llvm_prf_cnts          
20004000  __stop___llvm_prf_bits           
20004000  __stop___llvm_prf_cnts           
2000d055  __udivmoddi4                     
2000ebc5  _c_int00_noargs                  
2000f810  _lock                            
2000ddd3  _nop                             
20004040  _sys_memory                      
UNDEFED   _system_post_cinit               
2000f149  _system_pre_init                 
2000f814  _unlock                          
2000f14d  abort                            
2000ccb5  aligned_alloc                    
ffffffff  binit                            
2000e247  clkFxn                           
2000cdd5  free                             
2000f0c9  gpioButtonFxn0                   
2000ef0b  gpioButtonFxn1                   
2000fd04  gpioCallbackFunctions            
2000f6c0  gpioPinConfigs                   
2000fd88  gpioUserArgs                     
2000e39d  initTimer                        
2000e871  initVectors                      
2000f085  main                             
2000da95  mainThread                       
2000f11f  malloc                           
2000ccb5  memalign                         
2000f746  messageComplete                  
2000f745  messageState                     
2000f5c8  parkInfo                         
2000ed75  resetISR                         
2000f744  state                            
2000f747  statePending                     
2000feac  timer0                           
2000fb9c  timerCC32XXHWAttrs               
2000fe0c  timerCC32XXObjects               
2000ed91  timerCallback                    


GLOBAL SYMBOLS: SORTED BY Symbol Address 

address   name                             
-------   ----                             
00000000  __TI_ATRegion0_region_sz         
00000000  __TI_ATRegion0_src_addr          
00000000  __TI_ATRegion0_trg_addr          
00000000  __TI_ATRegion1_region_sz         
00000000  __TI_ATRegion1_src_addr          
00000000  __TI_ATRegion1_trg_addr          
00000000  __TI_ATRegion2_region_sz         
00000000  __TI_ATRegion2_src_addr          
00000000  __TI_ATRegion2_trg_addr          
00001000  __STACK_SIZE                     
00008000  __SYSMEM_SIZE                    
20003000  __stack                          
20004000  __STACK_END                      
20004000  __start___llvm_prf_bits          
20004000  __start___llvm_prf_cnts          
20004000  __stop___llvm_prf_bits           
20004000  __stop___llvm_prf_cnts           
20004040  _sys_memory                      
2000c041  PRCMCC3200MCUInit                
2000c4f9  Power_sleep                      
2000c8dd  PowerCC32XX_sleepPolicy          
2000ca2d  Timer_open                       
2000cb75  GPIO_setConfig                   
2000ccb5  aligned_alloc                    
2000ccb5  memalign                         
2000cdd5  free                             
2000cec5  IntDisable                       
2000cf8d  IntEnable                        
2000d055  __udivmoddi4                     
2000d105  GPIOIntTypeSet                   
2000d1b1  IntPendSet                       
2000d255  PinConfigSet                     
2000d2f7  Board_initHook                   
2000d2f9  SemaphoreP_pend                  
2000d391  PowerCC32XX_enterLPDS            
2000d3d5  PowerCC32XX_resumeLPDS           
2000d427  PowerCC32XX_initPolicy           
2000d429  GPIO_init                        
2000d4b9  PRCMSysResetCauseGet             
2000d547  SemaphoreP_destruct              
2000d549  PowerCC32XX_configureWakeup      
2000d5d1  Power_init                       
2000d649  HwiP_construct                   
2000d6bd  PRCMHibernateWakeUpGPIOSelect    
2000d731  TickMessage                      
2000d7a1  __TI_decompress_lzss             
2000d811  PinLockLevelSet                  
2000d87d  Power_setDependency              
2000d9c1  PRCMPeripheralReset              
2000da2b  IntPendClear                     
2000da93  Timer_init                       
2000da95  mainThread                       
2000dafd  GPIO_write                       
2000db5d  FlashDisable                     
2000dbb9  PRCMHibernateWakeupSourceDisable 
2000dc15  TimerCC32XX_allocateTimerResource
2000dc71  PRCMPeripheralClkEnable          
2000dccb  __aeabi_ldiv0                    
2000dccd  ClockP_startup                   
2000dd25  IntPrioritySet                   
2000dd7d  PRCMLPDSEnter                    
2000ddd3  _nop                             
2000ddd5  PowerCC32XX_setParkState         
2000de29  Power_releaseDependency          
2000de7d  GPIO_hwiIntFxn                   
2000decd  PRCMHibernateWakeupSourceEnable  
2000df1d  SemaphoreP_construct             
2000df6d  GPIO_setInterruptConfig          
2000dfb9  PRCMLPDSRestoreInfoSet           
2000e09d  ClockP_sysTickHandler            
2000e0e5  PRCMIntEnable                    
2000e12d  PRCMPeripheralStatusGet          
2000e175  PinConfigGet                     
2000e1bd  PRCMLPDSEnterKeepDebugIf         
2000e203  GPIODirModeSet                   
2000e247  clkFxn                           
2000e249  GPIO_disableInt                  
2000e28d  GPIO_enableInt                   
2000e2d1  Power_releaseConstraint          
2000e315  Timer_start                      
2000e39d  initTimer                        
2000e3e1  PinModeSet                       
2000e423  TimerControlStall                
2000e465  Timer_close                      
2000e4e9  SemaphoreP_post                  
2000e529  Timer_stop                       
2000e569  PinDirModeSet                    
2000e5a9  ClockP_stop                      
2000e5e5  TimerSupport_timerEnable         
2000e621  ClockP_destruct                  
2000e659  Power_setConstraint              
2000e691  SwiP_restore                     
2000e6c9  __TI_auto_init_nobinit_nopinit   
2000e701  PinLock                          
2000e76d  ClockP_start                     
2000e7a1  PinDirModeGet                    
2000e7d5  PinModeGet                       
2000e809  PowerCC32XX_parkPin              
2000e83d  TimerCC32XX_freeTimerResource    
2000e871  initVectors                      
2000e8a5  ClockP_getTicksUntilInterrupt    
2000e8d5  PRCMLPDSIntervalSet              
2000e905  PRCMSlowClkCtrFastGet            
2000e935  TimerLoadSet                     
2000e965  TimerPrescaleSet                 
2000e9c5  GPIOIntStatus                    
2000e9f3  HwiP_create                      
2000ea1d  PRCMLPDSWakeUpGPIOSelect         
2000ea47  PRCMPeripheralClkDisable         
2000ea71  List_remove                      
2000ea99  PRCMSRAMRetentionEnable          
2000eac1  TimerSupport_timerDisable        
2000eb11  IntUnregister                    
2000eb35  List_put                         
2000eb59  PRCMLPDSWakeupSourceEnable       
2000eb7d  PowerCC32XX_restoreParkedPin     
2000eba1  Power_registerNotify             
2000ebc5  _c_int00_noargs                  
2000ebe9  GPIOPinWrite                     
2000ec0b  PinUnlock                        
2000ec2d  IntRegister                      
2000ec4d  Power_unregisterNotify           
2000ec6d  SemaphoreP_constructBinary       
2000ec8d  SemaphoreP_createBinary          
2000ecad  TimerDisable                     
2000eccd  GPIO_setCallback                 
2000ece9  HwiP_dispatch                    
2000ed05  SwiP_disable                     
2000ed21  TickLED                          
2000ed75  resetISR                         
2000ed91  timerCallback                    
2000edad  GPIOIntDisable                   
2000edc7  PRCMHIBRegRead                   
2000ede1  PRCMHIBRegWrite                  
2000edfb  PRCMLPDSWakeupSourceDisable      
2000ee15  PinToPadGet                      
2000ee2f  TimerEnable                      
2000ee49  GPIOIntEnable                    
2000ee61  SemaphoreP_create                
2000ee79  Board_init                       
2000ee8f  SysTickPeriodSet                 
2000eea5  TimerIntDisable                  
2000eebb  CPUcpsid                         
2000eecf  CPUcpsie                         
2000eee3  HwiP_destruct                    
2000eef7  IntVTableBaseSet                 
2000ef0b  gpioButtonFxn1                   
2000ef0d  Power_disablePolicy              
2000ef21  Power_getTransitionLatency       
2000ef35  Power_idleFunc                   
2000ef49  TimerIntEnable                   
2000ef5d  __aeabi_uldivmod                 
2000ef71  ClockP_add                       
2000ef83  GPIOIntClear                     
2000ef95  HwiP_Params_init                 
2000efa7  HwiP_delete                      
2000efb9  SysTickEnable                    
2000efcb  SysTickIntDisable                
2000efdd  SysTickIntEnable                 
2000efef  TI_memcpy_small                  
2000f001  __TI_zero_init_nomemset          
2000f015  ClockP_getCpuFreq                
2000f025  ClockP_getSystemTicks            
2000f035  ClockP_setTicks                  
2000f045  HwiP_inISR                       
2000f055  Power_enablePolicy               
2000f065  TimerIntClear                    
2000f075  Timer_Params_init                
2000f085  main                             
2000f095  __TI_decompress_none             
2000f0a3  CPUwfi                           
2000f0af  PRCMLPDSWakeupCauseGet           
2000f0bd  Power_getConstraintMask          
2000f0c9  gpioButtonFxn0                   
2000f0e1  ClockP_isActive                  
2000f0eb  IntMasterDisable                 
2000f0f5  IntMasterEnable                  
2000f0ff  HwiP_disable                     
2000f107  HwiP_restore                     
2000f10f  PRCMSleepEnter                   
2000f117  UtilsDelay                       
2000f11f  malloc                           
2000f127  ClockP_doTick                    
2000f12b  HwiP_clearInterrupt              
2000f12f  HwiP_enable                      
2000f133  HwiP_post                        
2000f13b  NoRTOS_start                     
2000f13f  SemaphoreP_delete                
2000f145  __aeabi_memcpy                   
2000f145  __aeabi_memcpy4                  
2000f145  __aeabi_memcpy8                  
2000f149  _system_pre_init                 
2000f14c  C$$EXIT                          
2000f14d  abort                            
2000f45c  PowerCC32XX_module               
2000f5c8  parkInfo                         
2000f6c0  gpioPinConfigs                   
2000f744  state                            
2000f745  messageState                     
2000f746  messageComplete                  
2000f747  statePending                     
2000f748  TimerFlag                        
2000f750  OK_SEQUENCE                      
2000f76e  SOS_SEQUENCE                     
2000f7f4  HwiP_swiPIntNum                  
2000f800  SemaphoreP_defaultParams         
2000f80c  ClockP_tickPeriod                
2000f810  _lock                            
2000f814  _unlock                          
2000fa9c  PowerCC32XX_config               
2000fb29  GPIO_pinUpperBound               
2000fb2a  Timer_count                      
2000fb8c  GPIO_config                      
2000fb9c  timerCC32XXHWAttrs               
2000fbd0  Timer_config                     
2000fbd8  PowerCC32XX_contextSave          
2000fd04  gpioCallbackFunctions            
2000fd88  gpioUserArgs                     
2000fe0c  timerCC32XXObjects               
2000fe90  ClockP_ctrl                      
2000feac  timer0                           
2000feb0  __TI_static_base__               
2000ffa0  __TI_Handler_Table_Base          
2000ffac  __TI_Handler_Table_Limit         
2000ffb4  __TI_CINIT_Base                  
2000ffc4  __TI_CINIT_Limit                 
2000ffc4  __TI_CINIT_Warm                  
ffffffff  __TI_pprof_out_hndl              
ffffffff  __TI_prof_data_size              
ffffffff  __TI_prof_data_start             
ffffffff  __binit__                        
ffffffff  binit                            
UNDEFED   ITM_flush                        
UNDEFED   ITM_restore                      
UNDEFED   __mpu_init                       
UNDEFED   _system_post_cinit               

[236 symbols]
