<?xml version="1.0" encoding="ISO-8859-1" ?>
<link_info>
   <banner>TI ARM Clang Linker PC v3.2.0.LTS</banner>
   <copyright>Copyright (c) 1996-2018 Texas Instruments Incorporated</copyright>
   <link_time>0x65d68fad</link_time>
   <link_errors>0x0</link_errors>
   <output_file>D:\ccs-workspace\SOS_OK_gpiointerrupt_CC3220S_LAUNCHXL_nortos_ticlang\Debug\SOS_OK_gpiointerrupt_CC3220S_LAUNCHXL_nortos_ticlang.out</output_file>
   <entry_point>
      <name>resetISR</name>
      <address>0x2000ed75</address>
   </entry_point>
   <input_file_list>
      <input_file id="fl-1">
         <path>D:\ccs-workspace\SOS_OK_gpiointerrupt_CC3220S_LAUNCHXL_nortos_ticlang\Debug\.\</path>
         <kind>object</kind>
         <file>gpiointerrupt.o</file>
         <name>gpiointerrupt.o</name>
      </input_file>
      <input_file id="fl-2">
         <path>D:\ccs-workspace\SOS_OK_gpiointerrupt_CC3220S_LAUNCHXL_nortos_ticlang\Debug\.\syscfg\</path>
         <kind>object</kind>
         <file>ti_drivers_config.o</file>
         <name>ti_drivers_config.o</name>
      </input_file>
      <input_file id="fl-3">
         <path>D:\ccs-workspace\SOS_OK_gpiointerrupt_CC3220S_LAUNCHXL_nortos_ticlang\Debug\.\</path>
         <kind>object</kind>
         <file>main_nortos.o</file>
         <name>main_nortos.o</name>
      </input_file>
      <input_file id="fl-13">
         <path>D:\ccs-workspace\SOS_OK_gpiointerrupt_CC3220S_LAUNCHXL_nortos_ticlang\Debug\</path>
         <kind>object</kind>
         <file>&lt;internal&gt;</file>
         <name>&lt;internal&gt;</name>
      </input_file>
      <input_file id="fl-14">
         <path>C:\ti\simplelink_cc32xx_sdk_7_10_00_13\source\ti\drivers\lib\ticlang\m4\</path>
         <kind>archive</kind>
         <file>drivers_cc32xx.a</file>
         <name>GPIO.c.obj</name>
      </input_file>
      <input_file id="fl-15">
         <path>C:\ti\simplelink_cc32xx_sdk_7_10_00_13\source\ti\drivers\lib\ticlang\m4\</path>
         <kind>archive</kind>
         <file>drivers_cc32xx.a</file>
         <name>GPIOCC32XX.c.obj</name>
      </input_file>
      <input_file id="fl-16">
         <path>C:\ti\simplelink_cc32xx_sdk_7_10_00_13\source\ti\drivers\lib\ticlang\m4\</path>
         <kind>archive</kind>
         <file>drivers_cc32xx.a</file>
         <name>PowerCC32XX.c.obj</name>
      </input_file>
      <input_file id="fl-17">
         <path>C:\ti\simplelink_cc32xx_sdk_7_10_00_13\source\ti\drivers\lib\ticlang\m4\</path>
         <kind>archive</kind>
         <file>drivers_cc32xx.a</file>
         <name>PowerCC32XX_ticlang.asm.obj</name>
      </input_file>
      <input_file id="fl-18">
         <path>C:\ti\simplelink_cc32xx_sdk_7_10_00_13\source\ti\drivers\lib\ticlang\m4\</path>
         <kind>archive</kind>
         <file>drivers_cc32xx.a</file>
         <name>Timer.c.obj</name>
      </input_file>
      <input_file id="fl-19">
         <path>C:\ti\simplelink_cc32xx_sdk_7_10_00_13\source\ti\drivers\lib\ticlang\m4\</path>
         <kind>archive</kind>
         <file>drivers_cc32xx.a</file>
         <name>TimerCC32XX.c.obj</name>
      </input_file>
      <input_file id="fl-1a">
         <path>C:\ti\simplelink_cc32xx_sdk_7_10_00_13\source\ti\drivers\lib\ticlang\m4\</path>
         <kind>archive</kind>
         <file>drivers_cc32xx.a</file>
         <name>UART2.c.obj</name>
      </input_file>
      <input_file id="fl-1b">
         <path>C:\ti\simplelink_cc32xx_sdk_7_10_00_13\source\ti\drivers\lib\ticlang\m4\</path>
         <kind>archive</kind>
         <file>drivers_cc32xx.a</file>
         <name>UART2CC32XX.c.obj</name>
      </input_file>
      <input_file id="fl-1c">
         <path>C:\ti\simplelink_cc32xx_sdk_7_10_00_13\source\ti\drivers\lib\ticlang\m4\</path>
         <kind>archive</kind>
         <file>drivers_cc32xx.a</file>
         <name>List.c.obj</name>
      </input_file>
      <input_file id="fl-1d">
         <path>C:\ti\simplelink_cc32xx_sdk_7_10_00_13\source\ti\drivers\lib\ticlang\m4\</path>
         <kind>archive</kind>
         <file>drivers_cc32xx.a</file>
         <name>RingBuf.c.obj</name>
      </input_file>
      <input_file id="fl-1e">
         <path>C:\ti\simplelink_cc32xx_sdk_7_10_00_13\source\ti\drivers\lib\ticlang\m4\</path>
         <kind>archive</kind>
         <file>drivers_cc32xx.a</file>
         <name>UDMACC32XX.c.obj</name>
      </input_file>
      <input_file id="fl-1f">
         <path>C:\ti\simplelink_cc32xx_sdk_7_10_00_13\kernel\nortos\lib\ticlang\m4\</path>
         <kind>archive</kind>
         <file>nortos_cc32xx.a</file>
         <name>NoRTOS.c.obj</name>
      </input_file>
      <input_file id="fl-20">
         <path>C:\ti\simplelink_cc32xx_sdk_7_10_00_13\kernel\nortos\lib\ticlang\m4\</path>
         <kind>archive</kind>
         <file>nortos_cc32xx.a</file>
         <name>SemaphoreP_nortos.c.obj</name>
      </input_file>
      <input_file id="fl-21">
         <path>C:\ti\simplelink_cc32xx_sdk_7_10_00_13\kernel\nortos\lib\ticlang\m4\</path>
         <kind>archive</kind>
         <file>nortos_cc32xx.a</file>
         <name>ClockPSysTick_nortos.c.obj</name>
      </input_file>
      <input_file id="fl-22">
         <path>C:\ti\simplelink_cc32xx_sdk_7_10_00_13\kernel\nortos\lib\ticlang\m4\</path>
         <kind>archive</kind>
         <file>nortos_cc32xx.a</file>
         <name>HwiPCC32XX_nortos.c.obj</name>
      </input_file>
      <input_file id="fl-23">
         <path>C:\ti\simplelink_cc32xx_sdk_7_10_00_13\kernel\nortos\lib\ticlang\m4\</path>
         <kind>archive</kind>
         <file>nortos_cc32xx.a</file>
         <name>PowerCC32XX_nortos.c.obj</name>
      </input_file>
      <input_file id="fl-24">
         <path>C:\ti\simplelink_cc32xx_sdk_7_10_00_13\kernel\nortos\lib\ticlang\m4\</path>
         <kind>archive</kind>
         <file>nortos_cc32xx.a</file>
         <name>startup_cc32xx_ticlang.c.obj</name>
      </input_file>
      <input_file id="fl-25">
         <path>C:\ti\simplelink_cc32xx_sdk_7_10_00_13\kernel\nortos\lib\ticlang\m4\</path>
         <kind>archive</kind>
         <file>nortos_cc32xx.a</file>
         <name>SwiP_nortos.c.obj</name>
      </input_file>
      <input_file id="fl-26">
         <path>C:\ti\simplelink_cc32xx_sdk_7_10_00_13\source\ti\devices\cc32xx\driverlib\ticlang\Release\</path>
         <kind>archive</kind>
         <file>driverlib.a</file>
         <name>cpu.obj</name>
      </input_file>
      <input_file id="fl-27">
         <path>C:\ti\simplelink_cc32xx_sdk_7_10_00_13\source\ti\devices\cc32xx\driverlib\ticlang\Release\</path>
         <kind>archive</kind>
         <file>driverlib.a</file>
         <name>gpio.obj</name>
      </input_file>
      <input_file id="fl-28">
         <path>C:\ti\simplelink_cc32xx_sdk_7_10_00_13\source\ti\devices\cc32xx\driverlib\ticlang\Release\</path>
         <kind>archive</kind>
         <file>driverlib.a</file>
         <name>hwspinlock.obj</name>
      </input_file>
      <input_file id="fl-29">
         <path>C:\ti\simplelink_cc32xx_sdk_7_10_00_13\source\ti\devices\cc32xx\driverlib\ticlang\Release\</path>
         <kind>archive</kind>
         <file>driverlib.a</file>
         <name>interrupt.obj</name>
      </input_file>
      <input_file id="fl-2a">
         <path>C:\ti\simplelink_cc32xx_sdk_7_10_00_13\source\ti\devices\cc32xx\driverlib\ticlang\Release\</path>
         <kind>archive</kind>
         <file>driverlib.a</file>
         <name>pin.obj</name>
      </input_file>
      <input_file id="fl-2b">
         <path>C:\ti\simplelink_cc32xx_sdk_7_10_00_13\source\ti\devices\cc32xx\driverlib\ticlang\Release\</path>
         <kind>archive</kind>
         <file>driverlib.a</file>
         <name>prcm.obj</name>
      </input_file>
      <input_file id="fl-2c">
         <path>C:\ti\simplelink_cc32xx_sdk_7_10_00_13\source\ti\devices\cc32xx\driverlib\ticlang\Release\</path>
         <kind>archive</kind>
         <file>driverlib.a</file>
         <name>spi.obj</name>
      </input_file>
      <input_file id="fl-2d">
         <path>C:\ti\simplelink_cc32xx_sdk_7_10_00_13\source\ti\devices\cc32xx\driverlib\ticlang\Release\</path>
         <kind>archive</kind>
         <file>driverlib.a</file>
         <name>systick.obj</name>
      </input_file>
      <input_file id="fl-2e">
         <path>C:\ti\simplelink_cc32xx_sdk_7_10_00_13\source\ti\devices\cc32xx\driverlib\ticlang\Release\</path>
         <kind>archive</kind>
         <file>driverlib.a</file>
         <name>timer.obj</name>
      </input_file>
      <input_file id="fl-2f">
         <path>C:\ti\simplelink_cc32xx_sdk_7_10_00_13\source\ti\devices\cc32xx\driverlib\ticlang\Release\</path>
         <kind>archive</kind>
         <file>driverlib.a</file>
         <name>uart.obj</name>
      </input_file>
      <input_file id="fl-30">
         <path>C:\ti\simplelink_cc32xx_sdk_7_10_00_13\source\ti\devices\cc32xx\driverlib\ticlang\Release\</path>
         <kind>archive</kind>
         <file>driverlib.a</file>
         <name>udma.obj</name>
      </input_file>
      <input_file id="fl-31">
         <path>C:\ti\simplelink_cc32xx_sdk_7_10_00_13\source\ti\devices\cc32xx\driverlib\ticlang\Release\</path>
         <kind>archive</kind>
         <file>driverlib.a</file>
         <name>utils.obj</name>
      </input_file>
      <input_file id="fl-32">
         <path>C:\ti\simplelink_cc32xx_sdk_7_10_00_13\source\ti\devices\cc32xx\driverlib\ticlang\Release\</path>
         <kind>archive</kind>
         <file>driverlib.a</file>
         <name>flash.obj</name>
      </input_file>
      <input_file id="fl-3f">
         <path>D:\ti\ccs-2\ccs\tools\compiler\ti-cgt-armllvm_3.2.0.LTS\lib\armv7em-ti-none-eabi\c\</path>
         <kind>archive</kind>
         <file>libc.a</file>
         <name>memory.c.obj</name>
      </input_file>
      <input_file id="fl-40">
         <path>D:\ti\ccs-2\ccs\tools\compiler\ti-cgt-armllvm_3.2.0.LTS\lib\armv7em-ti-none-eabi\c\</path>
         <kind>archive</kind>
         <file>libc.a</file>
         <name>boot_cortex_m.c.obj</name>
      </input_file>
      <input_file id="fl-41">
         <path>D:\ti\ccs-2\ccs\tools\compiler\ti-cgt-armllvm_3.2.0.LTS\lib\armv7em-ti-none-eabi\c\</path>
         <kind>archive</kind>
         <file>libc.a</file>
         <name>mathacl_init.c.obj</name>
      </input_file>
      <input_file id="fl-42">
         <path>D:\ti\ccs-2\ccs\tools\compiler\ti-cgt-armllvm_3.2.0.LTS\lib\armv7em-ti-none-eabi\c\</path>
         <kind>archive</kind>
         <file>libc.a</file>
         <name>autoinit.c.obj</name>
      </input_file>
      <input_file id="fl-43">
         <path>D:\ti\ccs-2\ccs\tools\compiler\ti-cgt-armllvm_3.2.0.LTS\lib\armv7em-ti-none-eabi\c\</path>
         <kind>archive</kind>
         <file>libc.a</file>
         <name>pre_init.c.obj</name>
      </input_file>
      <input_file id="fl-44">
         <path>D:\ti\ccs-2\ccs\tools\compiler\ti-cgt-armllvm_3.2.0.LTS\lib\armv7em-ti-none-eabi\c\</path>
         <kind>archive</kind>
         <file>libc.a</file>
         <name>cpy_tbl.c.obj</name>
      </input_file>
      <input_file id="fl-45">
         <path>D:\ti\ccs-2\ccs\tools\compiler\ti-cgt-armllvm_3.2.0.LTS\lib\armv7em-ti-none-eabi\c\</path>
         <kind>archive</kind>
         <file>libc.a</file>
         <name>copy_zero_init.c.obj</name>
      </input_file>
      <input_file id="fl-46">
         <path>D:\ti\ccs-2\ccs\tools\compiler\ti-cgt-armllvm_3.2.0.LTS\lib\armv7em-ti-none-eabi\c\</path>
         <kind>archive</kind>
         <file>libc.a</file>
         <name>copy_decompress_none.c.obj</name>
      </input_file>
      <input_file id="fl-47">
         <path>D:\ti\ccs-2\ccs\tools\compiler\ti-cgt-armllvm_3.2.0.LTS\lib\armv7em-ti-none-eabi\c\</path>
         <kind>archive</kind>
         <file>libc.a</file>
         <name>copy_decompress_lzss.c.obj</name>
      </input_file>
      <input_file id="fl-48">
         <path>D:\ti\ccs-2\ccs\tools\compiler\ti-cgt-armllvm_3.2.0.LTS\lib\armv7em-ti-none-eabi\c\</path>
         <kind>archive</kind>
         <file>libc.a</file>
         <name>exit.c.obj</name>
      </input_file>
      <input_file id="fl-49">
         <path>D:\ti\ccs-2\ccs\tools\compiler\ti-cgt-armllvm_3.2.0.LTS\lib\armv7em-ti-none-eabi\c\</path>
         <kind>archive</kind>
         <file>libc.a</file>
         <name>_lock.c.obj</name>
      </input_file>
      <input_file id="fl-4a">
         <path>D:\ti\ccs-2\ccs\tools\compiler\ti-cgt-armllvm_3.2.0.LTS\lib\armv7em-ti-none-eabi\c\</path>
         <kind>archive</kind>
         <file>libc.a</file>
         <name>args_main.c.obj</name>
      </input_file>
      <input_file id="fl-ae">
         <path>D:\ti\ccs-2\ccs\tools\compiler\ti-cgt-armllvm_3.2.0.LTS\lib\clang\15.0.7\lib\armv7em-ti-none-eabi\</path>
         <kind>archive</kind>
         <file>libclang_rt.builtins.a</file>
         <name>aeabi_memcpy.S.obj</name>
      </input_file>
      <input_file id="fl-af">
         <path>D:\ti\ccs-2\ccs\tools\compiler\ti-cgt-armllvm_3.2.0.LTS\lib\clang\15.0.7\lib\armv7em-ti-none-eabi\</path>
         <kind>archive</kind>
         <file>libclang_rt.builtins.a</file>
         <name>aeabi_memset.S.obj</name>
      </input_file>
      <input_file id="fl-b0">
         <path>D:\ti\ccs-2\ccs\tools\compiler\ti-cgt-armllvm_3.2.0.LTS\lib\clang\15.0.7\lib\armv7em-ti-none-eabi\</path>
         <kind>archive</kind>
         <file>libclang_rt.builtins.a</file>
         <name>aeabi_uldivmod.S.obj</name>
      </input_file>
      <input_file id="fl-b1">
         <path>D:\ti\ccs-2\ccs\tools\compiler\ti-cgt-armllvm_3.2.0.LTS\lib\clang\15.0.7\lib\armv7em-ti-none-eabi\</path>
         <kind>archive</kind>
         <file>libclang_rt.builtins.a</file>
         <name>udivmoddi4.S.obj</name>
      </input_file>
      <input_file id="fl-b2">
         <path>D:\ti\ccs-2\ccs\tools\compiler\ti-cgt-armllvm_3.2.0.LTS\lib\clang\15.0.7\lib\armv7em-ti-none-eabi\</path>
         <kind>archive</kind>
         <file>libclang_rt.builtins.a</file>
         <name>aeabi_div0.c.obj</name>
      </input_file>
      <input_file id="fl-b3">
         <path>D:\ti\ccs-2\ccs\tools\compiler\ti-cgt-armllvm_3.2.0.LTS\lib\armv7em-ti-none-eabi\c\</path>
         <kind>archive</kind>
         <file>libc.a</file>
         <name>memcpy_t2.S.obj</name>
      </input_file>
      <input_file id="fl-b4">
         <path>D:\ti\ccs-2\ccs\tools\compiler\ti-cgt-armllvm_3.2.0.LTS\lib\armv7em-ti-none-eabi\c\</path>
         <kind>archive</kind>
         <file>libc.a</file>
         <name>memset_t2.S.obj</name>
      </input_file>
   </input_file_list>
   <object_component_list>
      <object_component id="oc-d2">
         <name>.text.PRCMCC3200MCUInit</name>
         <load_address>0x2000c040</load_address>
         <readonly>true</readonly>
         <executable>true</executable>
         <run_address>0x2000c040</run_address>
         <size>0x4b8</size>
         <alignment>0x2</alignment>
         <input_file_ref idref="fl-2b"/>
      </object_component>
      <object_component id="oc-1c1">
         <name>.text.Power_sleep</name>
         <load_address>0x2000c4f8</load_address>
         <readonly>true</readonly>
         <executable>true</executable>
         <run_address>0x2000c4f8</run_address>
         <size>0x3e4</size>
         <alignment>0x4</alignment>
         <input_file_ref idref="fl-16"/>
      </object_component>
      <object_component id="oc-172">
         <name>.text.PowerCC32XX_sleepPolicy</name>
         <load_address>0x2000c8dc</load_address>
         <readonly>true</readonly>
         <executable>true</executable>
         <run_address>0x2000c8dc</run_address>
         <size>0x150</size>
         <alignment>0x4</alignment>
         <input_file_ref idref="fl-23"/>
      </object_component>
      <object_component id="oc-13b">
         <name>.text.Timer_open</name>
         <load_address>0x2000ca2c</load_address>
         <readonly>true</readonly>
         <executable>true</executable>
         <run_address>0x2000ca2c</run_address>
         <size>0x148</size>
         <alignment>0x4</alignment>
         <input_file_ref idref="fl-19"/>
      </object_component>
      <object_component id="oc-ee">
         <name>.text.GPIO_setConfig</name>
         <load_address>0x2000cb74</load_address>
         <readonly>true</readonly>
         <executable>true</executable>
         <run_address>0x2000cb74</run_address>
         <size>0x140</size>
         <alignment>0x4</alignment>
         <input_file_ref idref="fl-15"/>
      </object_component>
      <object_component id="oc-1e9">
         <name>.text.aligned_alloc</name>
         <load_address>0x2000ccb4</load_address>
         <readonly>true</readonly>
         <executable>true</executable>
         <run_address>0x2000ccb4</run_address>
         <size>0x120</size>
         <alignment>0x4</alignment>
         <input_file_ref idref="fl-3f"/>
      </object_component>
      <object_component id="oc-179">
         <name>.text.free</name>
         <load_address>0x2000cdd4</load_address>
         <readonly>true</readonly>
         <executable>true</executable>
         <run_address>0x2000cdd4</run_address>
         <size>0xf0</size>
         <alignment>0x4</alignment>
         <input_file_ref idref="fl-3f"/>
      </object_component>
      <object_component id="oc-232">
         <name>.text.IntDisable</name>
         <load_address>0x2000cec4</load_address>
         <readonly>true</readonly>
         <executable>true</executable>
         <run_address>0x2000cec4</run_address>
         <size>0xc8</size>
         <alignment>0x2</alignment>
         <input_file_ref idref="fl-29"/>
      </object_component>
      <object_component id="oc-1ec">
         <name>.text.IntEnable</name>
         <load_address>0x2000cf8c</load_address>
         <readonly>true</readonly>
         <executable>true</executable>
         <run_address>0x2000cf8c</run_address>
         <size>0xc8</size>
         <alignment>0x2</alignment>
         <input_file_ref idref="fl-29"/>
      </object_component>
      <object_component id="oc-1f6">
         <name>.text</name>
         <load_address>0x2000d054</load_address>
         <readonly>true</readonly>
         <executable>true</executable>
         <run_address>0x2000d054</run_address>
         <size>0xb0</size>
         <alignment>0x4</alignment>
         <input_file_ref idref="fl-b1"/>
      </object_component>
      <object_component id="oc-1a6">
         <name>.text.GPIOIntTypeSet</name>
         <load_address>0x2000d104</load_address>
         <readonly>true</readonly>
         <executable>true</executable>
         <run_address>0x2000d104</run_address>
         <size>0xac</size>
         <alignment>0x2</alignment>
         <input_file_ref idref="fl-27"/>
      </object_component>
      <object_component id="oc-22e">
         <name>.text.IntPendSet</name>
         <load_address>0x2000d1b0</load_address>
         <readonly>true</readonly>
         <executable>true</executable>
         <run_address>0x2000d1b0</run_address>
         <size>0xa4</size>
         <alignment>0x2</alignment>
         <input_file_ref idref="fl-29"/>
      </object_component>
      <object_component id="oc-144">
         <name>.text.PinConfigSet</name>
         <load_address>0x2000d254</load_address>
         <readonly>true</readonly>
         <executable>true</executable>
         <run_address>0x2000d254</run_address>
         <size>0xa2</size>
         <alignment>0x2</alignment>
         <input_file_ref idref="fl-2a"/>
      </object_component>
      <object_component id="oc-e2">
         <name>.text.Board_initHook</name>
         <load_address>0x2000d2f6</load_address>
         <readonly>true</readonly>
         <executable>true</executable>
         <run_address>0x2000d2f6</run_address>
         <size>0x2</size>
         <alignment>0x2</alignment>
         <input_file_ref idref="fl-2"/>
      </object_component>
      <object_component id="oc-126">
         <name>.text.SemaphoreP_pend</name>
         <load_address>0x2000d2f8</load_address>
         <readonly>true</readonly>
         <executable>true</executable>
         <run_address>0x2000d2f8</run_address>
         <size>0x98</size>
         <alignment>0x4</alignment>
         <input_file_ref idref="fl-20"/>
      </object_component>
      <object_component id="oc-203">
         <name>.text</name>
         <load_address>0x2000d390</load_address>
         <readonly>true</readonly>
         <executable>true</executable>
         <run_address>0x2000d390</run_address>
         <size>0x96</size>
         <alignment>0x10</alignment>
         <input_file_ref idref="fl-17"/>
      </object_component>
      <object_component id="oc-16d">
         <name>.text.PowerCC32XX_initPolicy</name>
         <load_address>0x2000d426</load_address>
         <readonly>true</readonly>
         <executable>true</executable>
         <run_address>0x2000d426</run_address>
         <size>0x2</size>
         <alignment>0x2</alignment>
         <input_file_ref idref="fl-23"/>
      </object_component>
      <object_component id="oc-dc">
         <name>.text.GPIO_init</name>
         <load_address>0x2000d428</load_address>
         <readonly>true</readonly>
         <executable>true</executable>
         <run_address>0x2000d428</run_address>
         <size>0x90</size>
         <alignment>0x4</alignment>
         <input_file_ref idref="fl-15"/>
      </object_component>
      <object_component id="oc-105">
         <name>.text.PRCMSysResetCauseGet</name>
         <load_address>0x2000d4b8</load_address>
         <readonly>true</readonly>
         <executable>true</executable>
         <run_address>0x2000d4b8</run_address>
         <size>0x8e</size>
         <alignment>0x2</alignment>
         <input_file_ref idref="fl-2b"/>
      </object_component>
      <object_component id="oc-1d7">
         <name>.text.SemaphoreP_destruct</name>
         <load_address>0x2000d546</load_address>
         <readonly>true</readonly>
         <executable>true</executable>
         <run_address>0x2000d546</run_address>
         <size>0x2</size>
         <alignment>0x2</alignment>
         <input_file_ref idref="fl-20"/>
      </object_component>
      <object_component id="oc-117">
         <name>.text.PowerCC32XX_configureWakeup</name>
         <load_address>0x2000d548</load_address>
         <readonly>true</readonly>
         <executable>true</executable>
         <run_address>0x2000d548</run_address>
         <size>0x88</size>
         <alignment>0x4</alignment>
         <input_file_ref idref="fl-16"/>
      </object_component>
      <object_component id="oc-d7">
         <name>.text.Power_init</name>
         <load_address>0x2000d5d0</load_address>
         <readonly>true</readonly>
         <executable>true</executable>
         <run_address>0x2000d5d0</run_address>
         <size>0x78</size>
         <alignment>0x4</alignment>
         <input_file_ref idref="fl-16"/>
      </object_component>
      <object_component id="oc-1a3">
         <name>.text.HwiP_construct</name>
         <load_address>0x2000d648</load_address>
         <readonly>true</readonly>
         <executable>true</executable>
         <run_address>0x2000d648</run_address>
         <size>0x74</size>
         <alignment>0x4</alignment>
         <input_file_ref idref="fl-22"/>
      </object_component>
      <object_component id="oc-16a">
         <name>.text.PRCMHibernateWakeUpGPIOSelect</name>
         <load_address>0x2000d6bc</load_address>
         <readonly>true</readonly>
         <executable>true</executable>
         <run_address>0x2000d6bc</run_address>
         <size>0x74</size>
         <alignment>0x2</alignment>
         <input_file_ref idref="fl-2b"/>
      </object_component>
      <object_component id="oc-1a0">
         <name>.text.TickMessage</name>
         <load_address>0x2000d730</load_address>
         <readonly>true</readonly>
         <executable>true</executable>
         <run_address>0x2000d730</run_address>
         <size>0x70</size>
         <alignment>0x4</alignment>
         <input_file_ref idref="fl-1"/>
      </object_component>
      <object_component id="oc-18">
         <name>.text:decompress:lzss</name>
         <load_address>0x2000d7a0</load_address>
         <readonly>true</readonly>
         <executable>true</executable>
         <run_address>0x2000d7a0</run_address>
         <size>0x70</size>
         <alignment>0x2</alignment>
         <input_file_ref idref="fl-47"/>
      </object_component>
      <object_component id="oc-200">
         <name>.text.PinLockLevelSet</name>
         <load_address>0x2000d810</load_address>
         <readonly>true</readonly>
         <executable>true</executable>
         <run_address>0x2000d810</run_address>
         <size>0x6c</size>
         <alignment>0x2</alignment>
         <input_file_ref idref="fl-2a"/>
      </object_component>
      <object_component id="oc-145">
         <name>.text.Power_setDependency</name>
         <load_address>0x2000d87c</load_address>
         <readonly>true</readonly>
         <executable>true</executable>
         <run_address>0x2000d87c</run_address>
         <size>0x6c</size>
         <alignment>0x4</alignment>
         <input_file_ref idref="fl-16"/>
      </object_component>
      <object_component id="oc-12d">
         <name>.text.powerNotifyFxn</name>
         <load_address>0x2000d8e8</load_address>
         <readonly>true</readonly>
         <executable>true</executable>
         <run_address>0x2000d8e8</run_address>
         <size>0x6c</size>
         <alignment>0x4</alignment>
         <input_file_ref idref="fl-15"/>
      </object_component>
      <object_component id="oc-218">
         <name>.text.split</name>
         <load_address>0x2000d954</load_address>
         <readonly>true</readonly>
         <executable>true</executable>
         <run_address>0x2000d954</run_address>
         <size>0x6c</size>
         <alignment>0x4</alignment>
         <input_file_ref idref="fl-3f"/>
      </object_component>
      <object_component id="oc-10d">
         <name>.text.PRCMPeripheralReset</name>
         <load_address>0x2000d9c0</load_address>
         <readonly>true</readonly>
         <executable>true</executable>
         <run_address>0x2000d9c0</run_address>
         <size>0x6a</size>
         <alignment>0x2</alignment>
         <input_file_ref idref="fl-2b"/>
      </object_component>
      <object_component id="oc-213">
         <name>.text.IntPendClear</name>
         <load_address>0x2000da2a</load_address>
         <readonly>true</readonly>
         <executable>true</executable>
         <run_address>0x2000da2a</run_address>
         <size>0x68</size>
         <alignment>0x2</alignment>
         <input_file_ref idref="fl-29"/>
      </object_component>
      <object_component id="oc-134">
         <name>.text.Timer_init</name>
         <load_address>0x2000da92</load_address>
         <readonly>true</readonly>
         <executable>true</executable>
         <run_address>0x2000da92</run_address>
         <size>0x2</size>
         <alignment>0x2</alignment>
         <input_file_ref idref="fl-18"/>
      </object_component>
      <object_component id="oc-b0">
         <name>.text.mainThread</name>
         <load_address>0x2000da94</load_address>
         <readonly>true</readonly>
         <executable>true</executable>
         <run_address>0x2000da94</run_address>
         <size>0x68</size>
         <alignment>0x4</alignment>
         <input_file_ref idref="fl-1"/>
      </object_component>
      <object_component id="oc-1e7">
         <name>.text.GPIO_write</name>
         <load_address>0x2000dafc</load_address>
         <readonly>true</readonly>
         <executable>true</executable>
         <run_address>0x2000dafc</run_address>
         <size>0x60</size>
         <alignment>0x4</alignment>
         <input_file_ref idref="fl-15"/>
      </object_component>
      <object_component id="oc-229">
         <name>.text.FlashDisable</name>
         <load_address>0x2000db5c</load_address>
         <readonly>true</readonly>
         <executable>true</executable>
         <run_address>0x2000db5c</run_address>
         <size>0x5c</size>
         <alignment>0x2</alignment>
         <input_file_ref idref="fl-32"/>
      </object_component>
      <object_component id="oc-16c">
         <name>.text.PRCMHibernateWakeupSourceDisable</name>
         <load_address>0x2000dbb8</load_address>
         <readonly>true</readonly>
         <executable>true</executable>
         <run_address>0x2000dbb8</run_address>
         <size>0x5c</size>
         <alignment>0x2</alignment>
         <input_file_ref idref="fl-2b"/>
      </object_component>
      <object_component id="oc-191">
         <name>.text.TimerCC32XX_allocateTimerResource</name>
         <load_address>0x2000dc14</load_address>
         <readonly>true</readonly>
         <executable>true</executable>
         <run_address>0x2000dc14</run_address>
         <size>0x5c</size>
         <alignment>0x4</alignment>
         <input_file_ref idref="fl-19"/>
      </object_component>
      <object_component id="oc-10c">
         <name>.text.PRCMPeripheralClkEnable</name>
         <load_address>0x2000dc70</load_address>
         <readonly>true</readonly>
         <executable>true</executable>
         <run_address>0x2000dc70</run_address>
         <size>0x5a</size>
         <alignment>0x2</alignment>
         <input_file_ref idref="fl-2b"/>
      </object_component>
      <object_component id="oc-21d">
         <name>.text.__aeabi_ldiv0</name>
         <load_address>0x2000dcca</load_address>
         <readonly>true</readonly>
         <executable>true</executable>
         <run_address>0x2000dcca</run_address>
         <size>0x2</size>
         <alignment>0x2</alignment>
         <input_file_ref idref="fl-b2"/>
      </object_component>
      <object_component id="oc-1f4">
         <name>.text.ClockP_startup</name>
         <load_address>0x2000dccc</load_address>
         <readonly>true</readonly>
         <executable>true</executable>
         <run_address>0x2000dccc</run_address>
         <size>0x58</size>
         <alignment>0x4</alignment>
         <input_file_ref idref="fl-21"/>
      </object_component>
      <object_component id="oc-1eb">
         <name>.text.IntPrioritySet</name>
         <load_address>0x2000dd24</load_address>
         <readonly>true</readonly>
         <executable>true</executable>
         <run_address>0x2000dd24</run_address>
         <size>0x58</size>
         <alignment>0x2</alignment>
         <input_file_ref idref="fl-29"/>
      </object_component>
      <object_component id="oc-20d">
         <name>.text.PRCMLPDSEnter</name>
         <load_address>0x2000dd7c</load_address>
         <readonly>true</readonly>
         <executable>true</executable>
         <run_address>0x2000dd7c</run_address>
         <size>0x56</size>
         <alignment>0x2</alignment>
         <input_file_ref idref="fl-2b"/>
      </object_component>
      <object_component id="oc-158">
         <name>.text._nop</name>
         <load_address>0x2000ddd2</load_address>
         <readonly>true</readonly>
         <executable>true</executable>
         <run_address>0x2000ddd2</run_address>
         <size>0x2</size>
         <alignment>0x2</alignment>
         <input_file_ref idref="fl-49"/>
      </object_component>
      <object_component id="oc-18c">
         <name>.text.PowerCC32XX_setParkState</name>
         <load_address>0x2000ddd4</load_address>
         <readonly>true</readonly>
         <executable>true</executable>
         <run_address>0x2000ddd4</run_address>
         <size>0x54</size>
         <alignment>0x4</alignment>
         <input_file_ref idref="fl-16"/>
      </object_component>
      <object_component id="oc-215">
         <name>.text.Power_releaseDependency</name>
         <load_address>0x2000de28</load_address>
         <readonly>true</readonly>
         <executable>true</executable>
         <run_address>0x2000de28</run_address>
         <size>0x54</size>
         <alignment>0x4</alignment>
         <input_file_ref idref="fl-16"/>
      </object_component>
      <object_component id="oc-152">
         <name>.text.GPIO_hwiIntFxn</name>
         <load_address>0x2000de7c</load_address>
         <readonly>true</readonly>
         <executable>true</executable>
         <run_address>0x2000de7c</run_address>
         <size>0x50</size>
         <alignment>0x4</alignment>
         <input_file_ref idref="fl-15"/>
      </object_component>
      <object_component id="oc-16b">
         <name>.text.PRCMHibernateWakeupSourceEnable</name>
         <load_address>0x2000decc</load_address>
         <readonly>true</readonly>
         <executable>true</executable>
         <run_address>0x2000decc</run_address>
         <size>0x50</size>
         <alignment>0x2</alignment>
         <input_file_ref idref="fl-2b"/>
      </object_component>
      <object_component id="oc-1ca">
         <name>.text.SemaphoreP_construct</name>
         <load_address>0x2000df1c</load_address>
         <readonly>true</readonly>
         <executable>true</executable>
         <run_address>0x2000df1c</run_address>
         <size>0x50</size>
         <alignment>0x4</alignment>
         <input_file_ref idref="fl-20"/>
      </object_component>
      <object_component id="oc-14e">
         <name>.text.GPIO_setInterruptConfig</name>
         <load_address>0x2000df6c</load_address>
         <readonly>true</readonly>
         <executable>true</executable>
         <run_address>0x2000df6c</run_address>
         <size>0x4c</size>
         <alignment>0x4</alignment>
         <input_file_ref idref="fl-15"/>
      </object_component>
      <object_component id="oc-227">
         <name>.text.PRCMLPDSRestoreInfoSet</name>
         <load_address>0x2000dfb8</load_address>
         <readonly>true</readonly>
         <executable>true</executable>
         <run_address>0x2000dfb8</run_address>
         <size>0x4c</size>
         <alignment>0x2</alignment>
         <input_file_ref idref="fl-2b"/>
      </object_component>
      <object_component id="oc-196">
         <name>.text.initHw</name>
         <load_address>0x2000e004</load_address>
         <readonly>true</readonly>
         <executable>true</executable>
         <run_address>0x2000e004</run_address>
         <size>0x4c</size>
         <alignment>0x2</alignment>
         <input_file_ref idref="fl-19"/>
      </object_component>
      <object_component id="oc-195">
         <name>.text.getPrescaler</name>
         <load_address>0x2000e050</load_address>
         <readonly>true</readonly>
         <executable>true</executable>
         <run_address>0x2000e050</run_address>
         <size>0x4a</size>
         <alignment>0x2</alignment>
         <input_file_ref idref="fl-19"/>
      </object_component>
      <object_component id="oc-57">
         <name>.text.busFaultHandler</name>
         <load_address>0x2000e09a</load_address>
         <readonly>true</readonly>
         <executable>true</executable>
         <run_address>0x2000e09a</run_address>
         <size>0x2</size>
         <alignment>0x2</alignment>
         <input_file_ref idref="fl-24"/>
      </object_component>
      <object_component id="oc-58">
         <name>.text.ClockP_sysTickHandler</name>
         <load_address>0x2000e09c</load_address>
         <readonly>true</readonly>
         <executable>true</executable>
         <run_address>0x2000e09c</run_address>
         <size>0x48</size>
         <alignment>0x4</alignment>
         <input_file_ref idref="fl-21"/>
      </object_component>
      <object_component id="oc-207">
         <name>.text.PRCMIntEnable</name>
         <load_address>0x2000e0e4</load_address>
         <readonly>true</readonly>
         <executable>true</executable>
         <run_address>0x2000e0e4</run_address>
         <size>0x48</size>
         <alignment>0x2</alignment>
         <input_file_ref idref="fl-2b"/>
      </object_component>
      <object_component id="oc-1a1">
         <name>.text.PRCMPeripheralStatusGet</name>
         <load_address>0x2000e12c</load_address>
         <readonly>true</readonly>
         <executable>true</executable>
         <run_address>0x2000e12c</run_address>
         <size>0x48</size>
         <alignment>0x2</alignment>
         <input_file_ref idref="fl-2b"/>
      </object_component>
      <object_component id="oc-224">
         <name>.text.PinConfigGet</name>
         <load_address>0x2000e174</load_address>
         <readonly>true</readonly>
         <executable>true</executable>
         <run_address>0x2000e174</run_address>
         <size>0x48</size>
         <alignment>0x2</alignment>
         <input_file_ref idref="fl-2a"/>
      </object_component>
      <object_component id="oc-20c">
         <name>.text.PRCMLPDSEnterKeepDebugIf</name>
         <load_address>0x2000e1bc</load_address>
         <readonly>true</readonly>
         <executable>true</executable>
         <run_address>0x2000e1bc</run_address>
         <size>0x46</size>
         <alignment>0x2</alignment>
         <input_file_ref idref="fl-2b"/>
      </object_component>
      <object_component id="oc-148">
         <name>.text.GPIODirModeSet</name>
         <load_address>0x2000e202</load_address>
         <readonly>true</readonly>
         <executable>true</executable>
         <run_address>0x2000e202</run_address>
         <size>0x44</size>
         <alignment>0x2</alignment>
         <input_file_ref idref="fl-27"/>
      </object_component>
      <object_component id="oc-180">
         <name>.text.clkFxn</name>
         <load_address>0x2000e246</load_address>
         <readonly>true</readonly>
         <executable>true</executable>
         <run_address>0x2000e246</run_address>
         <size>0x2</size>
         <alignment>0x2</alignment>
         <input_file_ref idref="fl-20"/>
      </object_component>
      <object_component id="oc-1a7">
         <name>.text.GPIO_disableInt</name>
         <load_address>0x2000e248</load_address>
         <readonly>true</readonly>
         <executable>true</executable>
         <run_address>0x2000e248</run_address>
         <size>0x44</size>
         <alignment>0x4</alignment>
         <input_file_ref idref="fl-15"/>
      </object_component>
      <object_component id="oc-f6">
         <name>.text.GPIO_enableInt</name>
         <load_address>0x2000e28c</load_address>
         <readonly>true</readonly>
         <executable>true</executable>
         <run_address>0x2000e28c</run_address>
         <size>0x44</size>
         <alignment>0x4</alignment>
         <input_file_ref idref="fl-15"/>
      </object_component>
      <object_component id="oc-230">
         <name>.text.Power_releaseConstraint</name>
         <load_address>0x2000e2d0</load_address>
         <readonly>true</readonly>
         <executable>true</executable>
         <run_address>0x2000e2d0</run_address>
         <size>0x44</size>
         <alignment>0x4</alignment>
         <input_file_ref idref="fl-16"/>
      </object_component>
      <object_component id="oc-141">
         <name>.text.Timer_start</name>
         <load_address>0x2000e314</load_address>
         <readonly>true</readonly>
         <executable>true</executable>
         <run_address>0x2000e314</run_address>
         <size>0x44</size>
         <alignment>0x2</alignment>
         <input_file_ref idref="fl-18"/>
      </object_component>
      <object_component id="oc-7d">
         <name>.text.addToList</name>
         <load_address>0x2000e358</load_address>
         <readonly>true</readonly>
         <executable>true</executable>
         <run_address>0x2000e358</run_address>
         <size>0x44</size>
         <alignment>0x4</alignment>
         <input_file_ref idref="fl-21"/>
      </object_component>
      <object_component id="oc-ed">
         <name>.text.initTimer</name>
         <load_address>0x2000e39c</load_address>
         <readonly>true</readonly>
         <executable>true</executable>
         <run_address>0x2000e39c</run_address>
         <size>0x44</size>
         <alignment>0x4</alignment>
         <input_file_ref idref="fl-1"/>
      </object_component>
      <object_component id="oc-114">
         <name>.text.PinModeSet</name>
         <load_address>0x2000e3e0</load_address>
         <readonly>true</readonly>
         <executable>true</executable>
         <run_address>0x2000e3e0</run_address>
         <size>0x42</size>
         <alignment>0x2</alignment>
         <input_file_ref idref="fl-2a"/>
      </object_component>
      <object_component id="oc-1e0">
         <name>.text.TimerControlStall</name>
         <load_address>0x2000e422</load_address>
         <readonly>true</readonly>
         <executable>true</executable>
         <run_address>0x2000e422</run_address>
         <size>0x42</size>
         <alignment>0x2</alignment>
         <input_file_ref idref="fl-2e"/>
      </object_component>
      <object_component id="oc-194">
         <name>.text.Timer_close</name>
         <load_address>0x2000e464</load_address>
         <readonly>true</readonly>
         <executable>true</executable>
         <run_address>0x2000e464</run_address>
         <size>0x42</size>
         <alignment>0x2</alignment>
         <input_file_ref idref="fl-19"/>
      </object_component>
      <object_component id="oc-1b6">
         <name>.text.getCountsRTC</name>
         <load_address>0x2000e4a6</load_address>
         <readonly>true</readonly>
         <executable>true</executable>
         <run_address>0x2000e4a6</run_address>
         <size>0x42</size>
         <alignment>0x2</alignment>
         <input_file_ref idref="fl-23"/>
      </object_component>
      <object_component id="oc-128">
         <name>.text.SemaphoreP_post</name>
         <load_address>0x2000e4e8</load_address>
         <readonly>true</readonly>
         <executable>true</executable>
         <run_address>0x2000e4e8</run_address>
         <size>0x40</size>
         <alignment>0x4</alignment>
         <input_file_ref idref="fl-20"/>
      </object_component>
      <object_component id="oc-1d3">
         <name>.text.Timer_stop</name>
         <load_address>0x2000e528</load_address>
         <readonly>true</readonly>
         <executable>true</executable>
         <run_address>0x2000e528</run_address>
         <size>0x40</size>
         <alignment>0x2</alignment>
         <input_file_ref idref="fl-18"/>
      </object_component>
      <object_component id="oc-226">
         <name>.text.PinDirModeSet</name>
         <load_address>0x2000e568</load_address>
         <readonly>true</readonly>
         <executable>true</executable>
         <run_address>0x2000e568</run_address>
         <size>0x3e</size>
         <alignment>0x2</alignment>
         <input_file_ref idref="fl-2a"/>
      </object_component>
      <object_component id="oc-56">
         <name>.text.defaultHandler</name>
         <load_address>0x2000e5a6</load_address>
         <readonly>true</readonly>
         <executable>true</executable>
         <run_address>0x2000e5a6</run_address>
         <size>0x2</size>
         <alignment>0x2</alignment>
         <input_file_ref idref="fl-24"/>
      </object_component>
      <object_component id="oc-1ce">
         <name>.text.ClockP_stop</name>
         <load_address>0x2000e5a8</load_address>
         <readonly>true</readonly>
         <executable>true</executable>
         <run_address>0x2000e5a8</run_address>
         <size>0x3c</size>
         <alignment>0x4</alignment>
         <input_file_ref idref="fl-21"/>
      </object_component>
      <object_component id="oc-19e">
         <name>.text.TimerSupport_timerEnable</name>
         <load_address>0x2000e5e4</load_address>
         <readonly>true</readonly>
         <executable>true</executable>
         <run_address>0x2000e5e4</run_address>
         <size>0x3a</size>
         <alignment>0x2</alignment>
         <input_file_ref idref="fl-19"/>
      </object_component>
      <object_component id="oc-55">
         <name>.text.faultISR</name>
         <load_address>0x2000e61e</load_address>
         <readonly>true</readonly>
         <executable>true</executable>
         <run_address>0x2000e61e</run_address>
         <size>0x2</size>
         <alignment>0x2</alignment>
         <input_file_ref idref="fl-24"/>
      </object_component>
      <object_component id="oc-17f">
         <name>.text.ClockP_destruct</name>
         <load_address>0x2000e620</load_address>
         <readonly>true</readonly>
         <executable>true</executable>
         <run_address>0x2000e620</run_address>
         <size>0x38</size>
         <alignment>0x4</alignment>
         <input_file_ref idref="fl-21"/>
      </object_component>
      <object_component id="oc-1e5">
         <name>.text.Power_setConstraint</name>
         <load_address>0x2000e658</load_address>
         <readonly>true</readonly>
         <executable>true</executable>
         <run_address>0x2000e658</run_address>
         <size>0x38</size>
         <alignment>0x4</alignment>
         <input_file_ref idref="fl-16"/>
      </object_component>
      <object_component id="oc-1c7">
         <name>.text.SwiP_restore</name>
         <load_address>0x2000e690</load_address>
         <readonly>true</readonly>
         <executable>true</executable>
         <run_address>0x2000e690</run_address>
         <size>0x38</size>
         <alignment>0x4</alignment>
         <input_file_ref idref="fl-25"/>
      </object_component>
      <object_component id="oc-bf">
         <name>.text:__TI_auto_init_nobinit_nopinit</name>
         <load_address>0x2000e6c8</load_address>
         <readonly>true</readonly>
         <executable>true</executable>
         <run_address>0x2000e6c8</run_address>
         <size>0x38</size>
         <alignment>0x4</alignment>
         <input_file_ref idref="fl-42"/>
      </object_component>
      <object_component id="oc-202">
         <name>.text.PinLock</name>
         <load_address>0x2000e700</load_address>
         <readonly>true</readonly>
         <executable>true</executable>
         <run_address>0x2000e700</run_address>
         <size>0x36</size>
         <alignment>0x2</alignment>
         <input_file_ref idref="fl-2a"/>
      </object_component>
      <object_component id="oc-19b">
         <name>.text.TimerCC32XX_hwiIntFunction</name>
         <load_address>0x2000e736</load_address>
         <readonly>true</readonly>
         <executable>true</executable>
         <run_address>0x2000e736</run_address>
         <size>0x36</size>
         <alignment>0x2</alignment>
         <input_file_ref idref="fl-19"/>
      </object_component>
      <object_component id="oc-17c">
         <name>.text.ClockP_start</name>
         <load_address>0x2000e76c</load_address>
         <readonly>true</readonly>
         <executable>true</executable>
         <run_address>0x2000e76c</run_address>
         <size>0x34</size>
         <alignment>0x4</alignment>
         <input_file_ref idref="fl-21"/>
      </object_component>
      <object_component id="oc-225">
         <name>.text.PinDirModeGet</name>
         <load_address>0x2000e7a0</load_address>
         <readonly>true</readonly>
         <executable>true</executable>
         <run_address>0x2000e7a0</run_address>
         <size>0x34</size>
         <alignment>0x2</alignment>
         <input_file_ref idref="fl-2a"/>
      </object_component>
      <object_component id="oc-10f">
         <name>.text.PinModeGet</name>
         <load_address>0x2000e7d4</load_address>
         <readonly>true</readonly>
         <executable>true</executable>
         <run_address>0x2000e7d4</run_address>
         <size>0x34</size>
         <alignment>0x2</alignment>
         <input_file_ref idref="fl-2a"/>
      </object_component>
      <object_component id="oc-1ff">
         <name>.text.PowerCC32XX_parkPin</name>
         <load_address>0x2000e808</load_address>
         <readonly>true</readonly>
         <executable>true</executable>
         <run_address>0x2000e808</run_address>
         <size>0x34</size>
         <alignment>0x2</alignment>
         <input_file_ref idref="fl-16"/>
      </object_component>
      <object_component id="oc-1d8">
         <name>.text.TimerCC32XX_freeTimerResource</name>
         <load_address>0x2000e83c</load_address>
         <readonly>true</readonly>
         <executable>true</executable>
         <run_address>0x2000e83c</run_address>
         <size>0x34</size>
         <alignment>0x4</alignment>
         <input_file_ref idref="fl-19"/>
      </object_component>
      <object_component id="oc-4f">
         <name>.text.initVectors</name>
         <load_address>0x2000e870</load_address>
         <readonly>true</readonly>
         <executable>true</executable>
         <run_address>0x2000e870</run_address>
         <size>0x34</size>
         <alignment>0x4</alignment>
         <input_file_ref idref="fl-24"/>
      </object_component>
      <object_component id="oc-1b3">
         <name>.text.ClockP_getTicksUntilInterrupt</name>
         <load_address>0x2000e8a4</load_address>
         <readonly>true</readonly>
         <executable>true</executable>
         <run_address>0x2000e8a4</run_address>
         <size>0x30</size>
         <alignment>0x4</alignment>
         <input_file_ref idref="fl-21"/>
      </object_component>
      <object_component id="oc-1c0">
         <name>.text.PRCMLPDSIntervalSet</name>
         <load_address>0x2000e8d4</load_address>
         <readonly>true</readonly>
         <executable>true</executable>
         <run_address>0x2000e8d4</run_address>
         <size>0x30</size>
         <alignment>0x2</alignment>
         <input_file_ref idref="fl-2b"/>
      </object_component>
      <object_component id="oc-1f5">
         <name>.text.PRCMSlowClkCtrFastGet</name>
         <load_address>0x2000e904</load_address>
         <readonly>true</readonly>
         <executable>true</executable>
         <run_address>0x2000e904</run_address>
         <size>0x30</size>
         <alignment>0x2</alignment>
         <input_file_ref idref="fl-2b"/>
      </object_component>
      <object_component id="oc-1df">
         <name>.text.TimerLoadSet</name>
         <load_address>0x2000e934</load_address>
         <readonly>true</readonly>
         <executable>true</executable>
         <run_address>0x2000e934</run_address>
         <size>0x30</size>
         <alignment>0x2</alignment>
         <input_file_ref idref="fl-2e"/>
      </object_component>
      <object_component id="oc-1de">
         <name>.text.TimerPrescaleSet</name>
         <load_address>0x2000e964</load_address>
         <readonly>true</readonly>
         <executable>true</executable>
         <run_address>0x2000e964</run_address>
         <size>0x30</size>
         <alignment>0x2</alignment>
         <input_file_ref idref="fl-2e"/>
      </object_component>
      <object_component id="oc-1fd">
         <name>.text.notify</name>
         <load_address>0x2000e994</load_address>
         <readonly>true</readonly>
         <executable>true</executable>
         <run_address>0x2000e994</run_address>
         <size>0x30</size>
         <alignment>0x4</alignment>
         <input_file_ref idref="fl-16"/>
      </object_component>
      <object_component id="oc-1a9">
         <name>.text.GPIOIntStatus</name>
         <load_address>0x2000e9c4</load_address>
         <readonly>true</readonly>
         <executable>true</executable>
         <run_address>0x2000e9c4</run_address>
         <size>0x2e</size>
         <alignment>0x2</alignment>
         <input_file_ref idref="fl-27"/>
      </object_component>
      <object_component id="oc-147">
         <name>.text.HwiP_create</name>
         <load_address>0x2000e9f2</load_address>
         <readonly>true</readonly>
         <executable>true</executable>
         <run_address>0x2000e9f2</run_address>
         <size>0x2a</size>
         <alignment>0x2</alignment>
         <input_file_ref idref="fl-22"/>
      </object_component>
      <object_component id="oc-169">
         <name>.text.PRCMLPDSWakeUpGPIOSelect</name>
         <load_address>0x2000ea1c</load_address>
         <readonly>true</readonly>
         <executable>true</executable>
         <run_address>0x2000ea1c</run_address>
         <size>0x2a</size>
         <alignment>0x2</alignment>
         <input_file_ref idref="fl-2b"/>
      </object_component>
      <object_component id="oc-10e">
         <name>.text.PRCMPeripheralClkDisable</name>
         <load_address>0x2000ea46</load_address>
         <readonly>true</readonly>
         <executable>true</executable>
         <run_address>0x2000ea46</run_address>
         <size>0x2a</size>
         <alignment>0x2</alignment>
         <input_file_ref idref="fl-2b"/>
      </object_component>
      <object_component id="oc-212">
         <name>.text.List_remove</name>
         <load_address>0x2000ea70</load_address>
         <readonly>true</readonly>
         <executable>true</executable>
         <run_address>0x2000ea70</run_address>
         <size>0x28</size>
         <alignment>0x2</alignment>
         <input_file_ref idref="fl-1c"/>
      </object_component>
      <object_component id="oc-1fe">
         <name>.text.PRCMSRAMRetentionEnable</name>
         <load_address>0x2000ea98</load_address>
         <readonly>true</readonly>
         <executable>true</executable>
         <run_address>0x2000ea98</run_address>
         <size>0x28</size>
         <alignment>0x2</alignment>
         <input_file_ref idref="fl-2b"/>
      </object_component>
      <object_component id="oc-211">
         <name>.text.TimerSupport_timerDisable</name>
         <load_address>0x2000eac0</load_address>
         <readonly>true</readonly>
         <executable>true</executable>
         <run_address>0x2000eac0</run_address>
         <size>0x28</size>
         <alignment>0x2</alignment>
         <input_file_ref idref="fl-19"/>
      </object_component>
      <object_component id="oc-1cd">
         <name>.text.free_list_insert</name>
         <load_address>0x2000eae8</load_address>
         <readonly>true</readonly>
         <executable>true</executable>
         <run_address>0x2000eae8</run_address>
         <size>0x28</size>
         <alignment>0x4</alignment>
         <input_file_ref idref="fl-3f"/>
      </object_component>
      <object_component id="oc-233">
         <name>.text.IntUnregister</name>
         <load_address>0x2000eb10</load_address>
         <readonly>true</readonly>
         <executable>true</executable>
         <run_address>0x2000eb10</run_address>
         <size>0x24</size>
         <alignment>0x2</alignment>
         <input_file_ref idref="fl-29"/>
      </object_component>
      <object_component id="oc-181">
         <name>.text.List_put</name>
         <load_address>0x2000eb34</load_address>
         <readonly>true</readonly>
         <executable>true</executable>
         <run_address>0x2000eb34</run_address>
         <size>0x24</size>
         <alignment>0x2</alignment>
         <input_file_ref idref="fl-1c"/>
      </object_component>
      <object_component id="oc-167">
         <name>.text.PRCMLPDSWakeupSourceEnable</name>
         <load_address>0x2000eb58</load_address>
         <readonly>true</readonly>
         <executable>true</executable>
         <run_address>0x2000eb58</run_address>
         <size>0x24</size>
         <alignment>0x2</alignment>
         <input_file_ref idref="fl-2b"/>
      </object_component>
      <object_component id="oc-209">
         <name>.text.PowerCC32XX_restoreParkedPin</name>
         <load_address>0x2000eb7c</load_address>
         <readonly>true</readonly>
         <executable>true</executable>
         <run_address>0x2000eb7c</run_address>
         <size>0x24</size>
         <alignment>0x2</alignment>
         <input_file_ref idref="fl-16"/>
      </object_component>
      <object_component id="oc-127">
         <name>.text.Power_registerNotify</name>
         <load_address>0x2000eba0</load_address>
         <readonly>true</readonly>
         <executable>true</executable>
         <run_address>0x2000eba0</run_address>
         <size>0x24</size>
         <alignment>0x4</alignment>
         <input_file_ref idref="fl-16"/>
      </object_component>
      <object_component id="oc-76">
         <name>.text:_c_int00_noargs</name>
         <load_address>0x2000ebc4</load_address>
         <readonly>true</readonly>
         <executable>true</executable>
         <run_address>0x2000ebc4</run_address>
         <size>0x24</size>
         <alignment>0x4</alignment>
         <input_file_ref idref="fl-40"/>
      </object_component>
      <object_component id="oc-14d">
         <name>.text.GPIOPinWrite</name>
         <load_address>0x2000ebe8</load_address>
         <readonly>true</readonly>
         <executable>true</executable>
         <run_address>0x2000ebe8</run_address>
         <size>0x22</size>
         <alignment>0x2</alignment>
         <input_file_ref idref="fl-27"/>
      </object_component>
      <object_component id="oc-208">
         <name>.text.PinUnlock</name>
         <load_address>0x2000ec0a</load_address>
         <readonly>true</readonly>
         <executable>true</executable>
         <run_address>0x2000ec0a</run_address>
         <size>0x22</size>
         <alignment>0x2</alignment>
         <input_file_ref idref="fl-2a"/>
      </object_component>
      <object_component id="oc-1ea">
         <name>.text.IntRegister</name>
         <load_address>0x2000ec2c</load_address>
         <readonly>true</readonly>
         <executable>true</executable>
         <run_address>0x2000ec2c</run_address>
         <size>0x20</size>
         <alignment>0x2</alignment>
         <input_file_ref idref="fl-29"/>
      </object_component>
      <object_component id="oc-1d4">
         <name>.text.Power_unregisterNotify</name>
         <load_address>0x2000ec4c</load_address>
         <readonly>true</readonly>
         <executable>true</executable>
         <run_address>0x2000ec4c</run_address>
         <size>0x20</size>
         <alignment>0x4</alignment>
         <input_file_ref idref="fl-16"/>
      </object_component>
      <object_component id="oc-192">
         <name>.text.SemaphoreP_constructBinary</name>
         <load_address>0x2000ec6c</load_address>
         <readonly>true</readonly>
         <executable>true</executable>
         <run_address>0x2000ec6c</run_address>
         <size>0x20</size>
         <alignment>0x4</alignment>
         <input_file_ref idref="fl-20"/>
      </object_component>
      <object_component id="oc-11d">
         <name>.text.SemaphoreP_createBinary</name>
         <load_address>0x2000ec8c</load_address>
         <readonly>true</readonly>
         <executable>true</executable>
         <run_address>0x2000ec8c</run_address>
         <size>0x20</size>
         <alignment>0x4</alignment>
         <input_file_ref idref="fl-20"/>
      </object_component>
      <object_component id="oc-1d9">
         <name>.text.TimerDisable</name>
         <load_address>0x2000ecac</load_address>
         <readonly>true</readonly>
         <executable>true</executable>
         <run_address>0x2000ecac</run_address>
         <size>0x20</size>
         <alignment>0x2</alignment>
         <input_file_ref idref="fl-2e"/>
      </object_component>
      <object_component id="oc-f0">
         <name>.text.GPIO_setCallback</name>
         <load_address>0x2000eccc</load_address>
         <readonly>true</readonly>
         <executable>true</executable>
         <run_address>0x2000eccc</run_address>
         <size>0x1c</size>
         <alignment>0x4</alignment>
         <input_file_ref idref="fl-14"/>
      </object_component>
      <object_component id="oc-1ef">
         <name>.text.HwiP_dispatch</name>
         <load_address>0x2000ece8</load_address>
         <readonly>true</readonly>
         <executable>true</executable>
         <run_address>0x2000ece8</run_address>
         <size>0x1c</size>
         <alignment>0x4</alignment>
         <input_file_ref idref="fl-22"/>
      </object_component>
      <object_component id="oc-1ac">
         <name>.text.SwiP_disable</name>
         <load_address>0x2000ed04</load_address>
         <readonly>true</readonly>
         <executable>true</executable>
         <run_address>0x2000ed04</run_address>
         <size>0x1c</size>
         <alignment>0x4</alignment>
         <input_file_ref idref="fl-25"/>
      </object_component>
      <object_component id="oc-19f">
         <name>.text.TickLED</name>
         <load_address>0x2000ed20</load_address>
         <readonly>true</readonly>
         <executable>true</executable>
         <run_address>0x2000ed20</run_address>
         <size>0x1c</size>
         <alignment>0x4</alignment>
         <input_file_ref idref="fl-1"/>
      </object_component>
      <object_component id="oc-1cc">
         <name>.text.free_list_remove</name>
         <load_address>0x2000ed3c</load_address>
         <readonly>true</readonly>
         <executable>true</executable>
         <run_address>0x2000ed3c</run_address>
         <size>0x1c</size>
         <alignment>0x4</alignment>
         <input_file_ref idref="fl-3f"/>
      </object_component>
      <object_component id="oc-1d1">
         <name>.text.getPowerMgrId</name>
         <load_address>0x2000ed58</load_address>
         <readonly>true</readonly>
         <executable>true</executable>
         <run_address>0x2000ed58</run_address>
         <size>0x1c</size>
         <alignment>0x4</alignment>
         <input_file_ref idref="fl-19"/>
      </object_component>
      <object_component id="oc-21">
         <name>.text.resetISR</name>
         <load_address>0x2000ed74</load_address>
         <readonly>true</readonly>
         <executable>true</executable>
         <run_address>0x2000ed74</run_address>
         <size>0x1c</size>
         <alignment>0x2</alignment>
         <input_file_ref idref="fl-24"/>
      </object_component>
      <object_component id="oc-142">
         <name>.text.timerCallback</name>
         <load_address>0x2000ed90</load_address>
         <readonly>true</readonly>
         <executable>true</executable>
         <run_address>0x2000ed90</run_address>
         <size>0x1c</size>
         <alignment>0x4</alignment>
         <input_file_ref idref="fl-1"/>
      </object_component>
      <object_component id="oc-1f0">
         <name>.text.GPIOIntDisable</name>
         <load_address>0x2000edac</load_address>
         <readonly>true</readonly>
         <executable>true</executable>
         <run_address>0x2000edac</run_address>
         <size>0x1a</size>
         <alignment>0x2</alignment>
         <input_file_ref idref="fl-27"/>
      </object_component>
      <object_component id="oc-10b">
         <name>.text.PRCMHIBRegRead</name>
         <load_address>0x2000edc6</load_address>
         <readonly>true</readonly>
         <executable>true</executable>
         <run_address>0x2000edc6</run_address>
         <size>0x1a</size>
         <alignment>0x2</alignment>
         <input_file_ref idref="fl-2b"/>
      </object_component>
      <object_component id="oc-10a">
         <name>.text.PRCMHIBRegWrite</name>
         <load_address>0x2000ede0</load_address>
         <readonly>true</readonly>
         <executable>true</executable>
         <run_address>0x2000ede0</run_address>
         <size>0x1a</size>
         <alignment>0x2</alignment>
         <input_file_ref idref="fl-2b"/>
      </object_component>
      <object_component id="oc-168">
         <name>.text.PRCMLPDSWakeupSourceDisable</name>
         <load_address>0x2000edfa</load_address>
         <readonly>true</readonly>
         <executable>true</executable>
         <run_address>0x2000edfa</run_address>
         <size>0x1a</size>
         <alignment>0x2</alignment>
         <input_file_ref idref="fl-2b"/>
      </object_component>
      <object_component id="oc-201">
         <name>.text.PinToPadGet</name>
         <load_address>0x2000ee14</load_address>
         <readonly>true</readonly>
         <executable>true</executable>
         <run_address>0x2000ee14</run_address>
         <size>0x1a</size>
         <alignment>0x2</alignment>
         <input_file_ref idref="fl-2a"/>
      </object_component>
      <object_component id="oc-1e6">
         <name>.text.TimerEnable</name>
         <load_address>0x2000ee2e</load_address>
         <readonly>true</readonly>
         <executable>true</executable>
         <run_address>0x2000ee2e</run_address>
         <size>0x1a</size>
         <alignment>0x2</alignment>
         <input_file_ref idref="fl-2e"/>
      </object_component>
      <object_component id="oc-157">
         <name>.text.GPIOIntEnable</name>
         <load_address>0x2000ee48</load_address>
         <readonly>true</readonly>
         <executable>true</executable>
         <run_address>0x2000ee48</run_address>
         <size>0x18</size>
         <alignment>0x2</alignment>
         <input_file_ref idref="fl-27"/>
      </object_component>
      <object_component id="oc-175">
         <name>.text.SemaphoreP_create</name>
         <load_address>0x2000ee60</load_address>
         <readonly>true</readonly>
         <executable>true</executable>
         <run_address>0x2000ee60</run_address>
         <size>0x18</size>
         <alignment>0x2</alignment>
         <input_file_ref idref="fl-20"/>
      </object_component>
      <object_component id="oc-a6">
         <name>.text.Board_init</name>
         <load_address>0x2000ee78</load_address>
         <readonly>true</readonly>
         <executable>true</executable>
         <run_address>0x2000ee78</run_address>
         <size>0x16</size>
         <alignment>0x2</alignment>
         <input_file_ref idref="fl-2"/>
      </object_component>
      <object_component id="oc-1c3">
         <name>.text.SysTickPeriodSet</name>
         <load_address>0x2000ee8e</load_address>
         <readonly>true</readonly>
         <executable>true</executable>
         <run_address>0x2000ee8e</run_address>
         <size>0x16</size>
         <alignment>0x2</alignment>
         <input_file_ref idref="fl-2d"/>
      </object_component>
      <object_component id="oc-22f">
         <name>.text.TimerIntDisable</name>
         <load_address>0x2000eea4</load_address>
         <readonly>true</readonly>
         <executable>true</executable>
         <run_address>0x2000eea4</run_address>
         <size>0x16</size>
         <alignment>0x2</alignment>
         <input_file_ref idref="fl-2e"/>
      </object_component>
      <object_component id="oc-6c">
         <name>.text.CPUcpsid</name>
         <load_address>0x2000eeba</load_address>
         <readonly>true</readonly>
         <executable>true</executable>
         <run_address>0x2000eeba</run_address>
         <size>0x14</size>
         <alignment>0x2</alignment>
         <input_file_ref idref="fl-26"/>
      </object_component>
      <object_component id="oc-18d">
         <name>.text.CPUcpsie</name>
         <load_address>0x2000eece</load_address>
         <readonly>true</readonly>
         <executable>true</executable>
         <run_address>0x2000eece</run_address>
         <size>0x14</size>
         <alignment>0x2</alignment>
         <input_file_ref idref="fl-26"/>
      </object_component>
      <object_component id="oc-214">
         <name>.text.HwiP_destruct</name>
         <load_address>0x2000eee2</load_address>
         <readonly>true</readonly>
         <executable>true</executable>
         <run_address>0x2000eee2</run_address>
         <size>0x14</size>
         <alignment>0x2</alignment>
         <input_file_ref idref="fl-22"/>
      </object_component>
      <object_component id="oc-73">
         <name>.text.IntVTableBaseSet</name>
         <load_address>0x2000eef6</load_address>
         <readonly>true</readonly>
         <executable>true</executable>
         <run_address>0x2000eef6</run_address>
         <size>0x14</size>
         <alignment>0x2</alignment>
         <input_file_ref idref="fl-29"/>
      </object_component>
      <object_component id="oc-f5">
         <name>.text.gpioButtonFxn1</name>
         <load_address>0x2000ef0a</load_address>
         <readonly>true</readonly>
         <executable>true</executable>
         <run_address>0x2000ef0a</run_address>
         <size>0x2</size>
         <alignment>0x2</alignment>
         <input_file_ref idref="fl-1"/>
      </object_component>
      <object_component id="oc-188">
         <name>.text.Power_disablePolicy</name>
         <load_address>0x2000ef0c</load_address>
         <readonly>true</readonly>
         <executable>true</executable>
         <run_address>0x2000ef0c</run_address>
         <size>0x14</size>
         <alignment>0x4</alignment>
         <input_file_ref idref="fl-16"/>
      </object_component>
      <object_component id="oc-1b4">
         <name>.text.Power_getTransitionLatency</name>
         <load_address>0x2000ef20</load_address>
         <readonly>true</readonly>
         <executable>true</executable>
         <run_address>0x2000ef20</run_address>
         <size>0x14</size>
         <alignment>0x4</alignment>
         <input_file_ref idref="fl-16"/>
      </object_component>
      <object_component id="oc-1cb">
         <name>.text.Power_idleFunc</name>
         <load_address>0x2000ef34</load_address>
         <readonly>true</readonly>
         <executable>true</executable>
         <run_address>0x2000ef34</run_address>
         <size>0x14</size>
         <alignment>0x4</alignment>
         <input_file_ref idref="fl-16"/>
      </object_component>
      <object_component id="oc-1e4">
         <name>.text.TimerIntEnable</name>
         <load_address>0x2000ef48</load_address>
         <readonly>true</readonly>
         <executable>true</executable>
         <run_address>0x2000ef48</run_address>
         <size>0x14</size>
         <alignment>0x2</alignment>
         <input_file_ref idref="fl-2e"/>
      </object_component>
      <object_component id="oc-1b7">
         <name>.text.__aeabi_uldivmod</name>
         <load_address>0x2000ef5c</load_address>
         <readonly>true</readonly>
         <executable>true</executable>
         <run_address>0x2000ef5c</run_address>
         <size>0x14</size>
         <alignment>0x4</alignment>
         <input_file_ref idref="fl-b0"/>
      </object_component>
      <object_component id="oc-17b">
         <name>.text.ClockP_add</name>
         <load_address>0x2000ef70</load_address>
         <readonly>true</readonly>
         <executable>true</executable>
         <run_address>0x2000ef70</run_address>
         <size>0x12</size>
         <alignment>0x2</alignment>
         <input_file_ref idref="fl-21"/>
      </object_component>
      <object_component id="oc-1a8">
         <name>.text.GPIOIntClear</name>
         <load_address>0x2000ef82</load_address>
         <readonly>true</readonly>
         <executable>true</executable>
         <run_address>0x2000ef82</run_address>
         <size>0x12</size>
         <alignment>0x2</alignment>
         <input_file_ref idref="fl-27"/>
      </object_component>
      <object_component id="oc-146">
         <name>.text.HwiP_Params_init</name>
         <load_address>0x2000ef94</load_address>
         <readonly>true</readonly>
         <executable>true</executable>
         <run_address>0x2000ef94</run_address>
         <size>0x12</size>
         <alignment>0x2</alignment>
         <input_file_ref idref="fl-22"/>
      </object_component>
      <object_component id="oc-1d6">
         <name>.text.HwiP_delete</name>
         <load_address>0x2000efa6</load_address>
         <readonly>true</readonly>
         <executable>true</executable>
         <run_address>0x2000efa6</run_address>
         <size>0x12</size>
         <alignment>0x2</alignment>
         <input_file_ref idref="fl-22"/>
      </object_component>
      <object_component id="oc-1c4">
         <name>.text.SysTickEnable</name>
         <load_address>0x2000efb8</load_address>
         <readonly>true</readonly>
         <executable>true</executable>
         <run_address>0x2000efb8</run_address>
         <size>0x12</size>
         <alignment>0x2</alignment>
         <input_file_ref idref="fl-2d"/>
      </object_component>
      <object_component id="oc-1bb">
         <name>.text.SysTickIntDisable</name>
         <load_address>0x2000efca</load_address>
         <readonly>true</readonly>
         <executable>true</executable>
         <run_address>0x2000efca</run_address>
         <size>0x12</size>
         <alignment>0x2</alignment>
         <input_file_ref idref="fl-2d"/>
      </object_component>
      <object_component id="oc-1c5">
         <name>.text.SysTickIntEnable</name>
         <load_address>0x2000efdc</load_address>
         <readonly>true</readonly>
         <executable>true</executable>
         <run_address>0x2000efdc</run_address>
         <size>0x12</size>
         <alignment>0x2</alignment>
         <input_file_ref idref="fl-2d"/>
      </object_component>
      <object_component id="oc-81">
         <name>.text:TI_memcpy_small</name>
         <load_address>0x2000efee</load_address>
         <readonly>true</readonly>
         <executable>true</executable>
         <run_address>0x2000efee</run_address>
         <size>0x12</size>
         <alignment>0x1</alignment>
         <input_file_ref idref="fl-b3"/>
      </object_component>
      <object_component id="oc-43">
         <name>.text:decompress:ZI:__TI_zero_init_nomemset</name>
         <load_address>0x2000f000</load_address>
         <readonly>true</readonly>
         <executable>true</executable>
         <run_address>0x2000f000</run_address>
         <size>0x12</size>
         <alignment>0x2</alignment>
         <input_file_ref idref="fl-45"/>
      </object_component>
      <object_component id="oc-54">
         <name>.text.nmiISR</name>
         <load_address>0x2000f012</load_address>
         <readonly>true</readonly>
         <executable>true</executable>
         <run_address>0x2000f012</run_address>
         <size>0x2</size>
         <alignment>0x2</alignment>
         <input_file_ref idref="fl-24"/>
      </object_component>
      <object_component id="oc-193">
         <name>.text.ClockP_getCpuFreq</name>
         <load_address>0x2000f014</load_address>
         <readonly>true</readonly>
         <executable>true</executable>
         <run_address>0x2000f014</run_address>
         <size>0x10</size>
         <alignment>0x4</alignment>
         <input_file_ref idref="fl-21"/>
      </object_component>
      <object_component id="oc-1b5">
         <name>.text.ClockP_getSystemTicks</name>
         <load_address>0x2000f024</load_address>
         <readonly>true</readonly>
         <executable>true</executable>
         <run_address>0x2000f024</run_address>
         <size>0x10</size>
         <alignment>0x4</alignment>
         <input_file_ref idref="fl-21"/>
      </object_component>
      <object_component id="oc-1c2">
         <name>.text.ClockP_setTicks</name>
         <load_address>0x2000f034</load_address>
         <readonly>true</readonly>
         <executable>true</executable>
         <run_address>0x2000f034</run_address>
         <size>0x10</size>
         <alignment>0x4</alignment>
         <input_file_ref idref="fl-21"/>
      </object_component>
      <object_component id="oc-187">
         <name>.text.HwiP_inISR</name>
         <load_address>0x2000f044</load_address>
         <readonly>true</readonly>
         <executable>true</executable>
         <run_address>0x2000f044</run_address>
         <size>0x10</size>
         <alignment>0x4</alignment>
         <input_file_ref idref="fl-22"/>
      </object_component>
      <object_component id="oc-17e">
         <name>.text.Power_enablePolicy</name>
         <load_address>0x2000f054</load_address>
         <readonly>true</readonly>
         <executable>true</executable>
         <run_address>0x2000f054</run_address>
         <size>0x10</size>
         <alignment>0x4</alignment>
         <input_file_ref idref="fl-16"/>
      </object_component>
      <object_component id="oc-1e3">
         <name>.text.TimerIntClear</name>
         <load_address>0x2000f064</load_address>
         <readonly>true</readonly>
         <executable>true</executable>
         <run_address>0x2000f064</run_address>
         <size>0x10</size>
         <alignment>0x2</alignment>
         <input_file_ref idref="fl-2e"/>
      </object_component>
      <object_component id="oc-139">
         <name>.text.Timer_Params_init</name>
         <load_address>0x2000f074</load_address>
         <readonly>true</readonly>
         <executable>true</executable>
         <run_address>0x2000f074</run_address>
         <size>0x10</size>
         <alignment>0x4</alignment>
         <input_file_ref idref="fl-18"/>
      </object_component>
      <object_component id="oc-8f">
         <name>.text.main</name>
         <load_address>0x2000f084</load_address>
         <readonly>true</readonly>
         <executable>true</executable>
         <run_address>0x2000f084</run_address>
         <size>0x10</size>
         <alignment>0x2</alignment>
         <input_file_ref idref="fl-3"/>
      </object_component>
      <object_component id="oc-1c">
         <name>.text:decompress:none</name>
         <load_address>0x2000f094</load_address>
         <readonly>true</readonly>
         <executable>true</executable>
         <run_address>0x2000f094</run_address>
         <size>0xe</size>
         <alignment>0x2</alignment>
         <input_file_ref idref="fl-46"/>
      </object_component>
      <object_component id="oc-20e">
         <name>.text.CPUwfi</name>
         <load_address>0x2000f0a2</load_address>
         <readonly>true</readonly>
         <executable>true</executable>
         <run_address>0x2000f0a2</run_address>
         <size>0xc</size>
         <alignment>0x2</alignment>
         <input_file_ref idref="fl-26"/>
      </object_component>
      <object_component id="oc-20a">
         <name>.text.PRCMLPDSWakeupCauseGet</name>
         <load_address>0x2000f0ae</load_address>
         <readonly>true</readonly>
         <executable>true</executable>
[...]
         <name>ClockP_getSystemTicks</name>
         <value>0x2000f025</value>
         <object_component_ref idref="oc-1b5"/>
      </symbol>
      <symbol id="sm-1e3">
         <name>ClockP_getTicksUntilInterrupt</name>
         <value>0x2000e8a5</value>
         <object_component_ref idref="oc-1b3"/>
      </symbol>
      <symbol id="sm-1e4">
         <name>ClockP_isActive</name>
         <value>0x2000f0e1</value>
         <object_component_ref idref="oc-17d"/>
      </symbol>
      <symbol id="sm-1e5">
         <name>ClockP_setTicks</name>
         <value>0x2000f035</value>
         <object_component_ref idref="oc-1c2"/>
      </symbol>
      <symbol id="sm-1e6">
         <name>ClockP_tickPeriod</name>
         <value>0x2000f80c</value>
         <object_component_ref idref="oc-1c9"/>
      </symbol>
      <symbol id="sm-20b">
         <name>HwiP_enable</name>
         <value>0x2000f12f</value>
         <object_component_ref idref="oc-e5"/>
      </symbol>
      <symbol id="sm-20c">
         <name>HwiP_disable</name>
         <value>0x2000f0ff</value>
         <object_component_ref idref="oc-123"/>
      </symbol>
      <symbol id="sm-20d">
         <name>HwiP_restore</name>
         <value>0x2000f107</value>
         <object_component_ref idref="oc-124"/>
      </symbol>
      <symbol id="sm-20e">
         <name>HwiP_clearInterrupt</name>
         <value>0x2000f12b</value>
         <object_component_ref idref="oc-1d5"/>
      </symbol>
      <symbol id="sm-20f">
         <name>HwiP_destruct</name>
         <value>0x2000eee3</value>
         <object_component_ref idref="oc-214"/>
      </symbol>
      <symbol id="sm-210">
         <name>HwiP_delete</name>
         <value>0x2000efa7</value>
         <object_component_ref idref="oc-1d6"/>
      </symbol>
      <symbol id="sm-211">
         <name>HwiP_dispatch</name>
         <value>0x2000ece9</value>
         <object_component_ref idref="oc-1ef"/>
      </symbol>
      <symbol id="sm-212">
         <name>HwiP_construct</name>
         <value>0x2000d649</value>
         <object_component_ref idref="oc-1a3"/>
      </symbol>
      <symbol id="sm-213">
         <name>HwiP_swiPIntNum</name>
         <value>0x2000f7f4</value>
         <object_component_ref idref="oc-1ed"/>
      </symbol>
      <symbol id="sm-214">
         <name>HwiP_Params_init</name>
         <value>0x2000ef95</value>
         <object_component_ref idref="oc-146"/>
      </symbol>
      <symbol id="sm-215">
         <name>HwiP_create</name>
         <value>0x2000e9f3</value>
         <object_component_ref idref="oc-147"/>
      </symbol>
      <symbol id="sm-216">
         <name>HwiP_post</name>
         <value>0x2000f133</value>
         <object_component_ref idref="oc-20f"/>
      </symbol>
      <symbol id="sm-217">
         <name>HwiP_inISR</name>
         <value>0x2000f045</value>
         <object_component_ref idref="oc-187"/>
      </symbol>
      <symbol id="sm-227">
         <name>PowerCC32XX_initPolicy</name>
         <value>0x2000d427</value>
         <object_component_ref idref="oc-16d"/>
      </symbol>
      <symbol id="sm-228">
         <name>PowerCC32XX_sleepPolicy</name>
         <value>0x2000c8dd</value>
         <object_component_ref idref="oc-172"/>
      </symbol>
      <symbol id="sm-245">
         <name>resetISR</name>
         <value>0x2000ed75</value>
         <object_component_ref idref="oc-21"/>
      </symbol>
      <symbol id="sm-246">
         <name>initVectors</name>
         <value>0x2000e871</value>
         <object_component_ref idref="oc-4f"/>
      </symbol>
      <symbol id="sm-25b">
         <name>SwiP_disable</name>
         <value>0x2000ed05</value>
         <object_component_ref idref="oc-1ac"/>
      </symbol>
      <symbol id="sm-25c">
         <name>SwiP_restore</name>
         <value>0x2000e691</value>
         <object_component_ref idref="oc-1c7"/>
      </symbol>
      <symbol id="sm-273">
         <name>CPUcpsid</name>
         <value>0x2000eebb</value>
         <object_component_ref idref="oc-6c"/>
      </symbol>
      <symbol id="sm-274">
         <name>CPUcpsie</name>
         <value>0x2000eecf</value>
         <object_component_ref idref="oc-18d"/>
      </symbol>
      <symbol id="sm-275">
         <name>CPUwfi</name>
         <value>0x2000f0a3</value>
         <object_component_ref idref="oc-20e"/>
      </symbol>
      <symbol id="sm-2ae">
         <name>GPIODirModeSet</name>
         <value>0x2000e203</value>
         <object_component_ref idref="oc-148"/>
      </symbol>
      <symbol id="sm-2af">
         <name>GPIOIntClear</name>
         <value>0x2000ef83</value>
         <object_component_ref idref="oc-1a8"/>
      </symbol>
      <symbol id="sm-2b0">
         <name>GPIOIntDisable</name>
         <value>0x2000edad</value>
         <object_component_ref idref="oc-1f0"/>
      </symbol>
      <symbol id="sm-2b1">
         <name>GPIOIntEnable</name>
         <value>0x2000ee49</value>
         <object_component_ref idref="oc-157"/>
      </symbol>
      <symbol id="sm-2b2">
         <name>GPIOIntStatus</name>
         <value>0x2000e9c5</value>
         <object_component_ref idref="oc-1a9"/>
      </symbol>
      <symbol id="sm-2b3">
         <name>GPIOIntTypeSet</name>
         <value>0x2000d105</value>
         <object_component_ref idref="oc-1a6"/>
      </symbol>
      <symbol id="sm-2b4">
         <name>GPIOPinWrite</name>
         <value>0x2000ebe9</value>
         <object_component_ref idref="oc-14d"/>
      </symbol>
      <symbol id="sm-304">
         <name>IntDisable</name>
         <value>0x2000cec5</value>
         <object_component_ref idref="oc-232"/>
      </symbol>
      <symbol id="sm-305">
         <name>IntEnable</name>
         <value>0x2000cf8d</value>
         <object_component_ref idref="oc-1ec"/>
      </symbol>
      <symbol id="sm-306">
         <name>IntMasterDisable</name>
         <value>0x2000f0eb</value>
         <object_component_ref idref="oc-4a"/>
      </symbol>
      <symbol id="sm-307">
         <name>IntMasterEnable</name>
         <value>0x2000f0f5</value>
         <object_component_ref idref="oc-130"/>
      </symbol>
      <symbol id="sm-308">
         <name>IntPendClear</name>
         <value>0x2000da2b</value>
         <object_component_ref idref="oc-213"/>
      </symbol>
      <symbol id="sm-309">
         <name>IntPendSet</name>
         <value>0x2000d1b1</value>
         <object_component_ref idref="oc-22e"/>
      </symbol>
      <symbol id="sm-30a">
         <name>IntPrioritySet</name>
         <value>0x2000dd25</value>
         <object_component_ref idref="oc-1eb"/>
      </symbol>
      <symbol id="sm-30b">
         <name>IntRegister</name>
         <value>0x2000ec2d</value>
         <object_component_ref idref="oc-1ea"/>
      </symbol>
      <symbol id="sm-30c">
         <name>IntUnregister</name>
         <value>0x2000eb11</value>
         <object_component_ref idref="oc-233"/>
      </symbol>
      <symbol id="sm-30d">
         <name>IntVTableBaseSet</name>
         <value>0x2000eef7</value>
         <object_component_ref idref="oc-73"/>
      </symbol>
      <symbol id="sm-353">
         <name>PinConfigGet</name>
         <value>0x2000e175</value>
         <object_component_ref idref="oc-224"/>
      </symbol>
      <symbol id="sm-354">
         <name>PinConfigSet</name>
         <value>0x2000d255</value>
         <object_component_ref idref="oc-144"/>
      </symbol>
      <symbol id="sm-355">
         <name>PinDirModeGet</name>
         <value>0x2000e7a1</value>
         <object_component_ref idref="oc-225"/>
      </symbol>
      <symbol id="sm-356">
         <name>PinDirModeSet</name>
         <value>0x2000e569</value>
         <object_component_ref idref="oc-226"/>
      </symbol>
      <symbol id="sm-357">
         <name>PinLock</name>
         <value>0x2000e701</value>
         <object_component_ref idref="oc-202"/>
      </symbol>
      <symbol id="sm-358">
         <name>PinLockLevelSet</name>
         <value>0x2000d811</value>
         <object_component_ref idref="oc-200"/>
      </symbol>
      <symbol id="sm-359">
         <name>PinModeGet</name>
         <value>0x2000e7d5</value>
         <object_component_ref idref="oc-10f"/>
      </symbol>
      <symbol id="sm-35a">
         <name>PinModeSet</name>
         <value>0x2000e3e1</value>
         <object_component_ref idref="oc-114"/>
      </symbol>
      <symbol id="sm-35b">
         <name>PinToPadGet</name>
         <value>0x2000ee15</value>
         <object_component_ref idref="oc-201"/>
      </symbol>
      <symbol id="sm-35c">
         <name>PinUnlock</name>
         <value>0x2000ec0b</value>
         <object_component_ref idref="oc-208"/>
      </symbol>
      <symbol id="sm-40e">
         <name>PRCMCC3200MCUInit</name>
         <value>0x2000c041</value>
         <object_component_ref idref="oc-d2"/>
      </symbol>
      <symbol id="sm-40f">
         <name>PRCMHIBRegRead</name>
         <value>0x2000edc7</value>
         <object_component_ref idref="oc-10b"/>
      </symbol>
      <symbol id="sm-410">
         <name>PRCMHIBRegWrite</name>
         <value>0x2000ede1</value>
         <object_component_ref idref="oc-10a"/>
      </symbol>
      <symbol id="sm-411">
         <name>PRCMHibernateWakeUpGPIOSelect</name>
         <value>0x2000d6bd</value>
         <object_component_ref idref="oc-16a"/>
      </symbol>
      <symbol id="sm-412">
         <name>PRCMHibernateWakeupSourceDisable</name>
         <value>0x2000dbb9</value>
         <object_component_ref idref="oc-16c"/>
      </symbol>
      <symbol id="sm-413">
         <name>PRCMHibernateWakeupSourceEnable</name>
         <value>0x2000decd</value>
         <object_component_ref idref="oc-16b"/>
      </symbol>
      <symbol id="sm-414">
         <name>PRCMIntEnable</name>
         <value>0x2000e0e5</value>
         <object_component_ref idref="oc-207"/>
      </symbol>
      <symbol id="sm-415">
         <name>PRCMLPDSEnter</name>
         <value>0x2000dd7d</value>
         <object_component_ref idref="oc-20d"/>
      </symbol>
      <symbol id="sm-416">
         <name>PRCMLPDSEnterKeepDebugIf</name>
         <value>0x2000e1bd</value>
         <object_component_ref idref="oc-20c"/>
      </symbol>
      <symbol id="sm-417">
         <name>PRCMLPDSIntervalSet</name>
         <value>0x2000e8d5</value>
         <object_component_ref idref="oc-1c0"/>
      </symbol>
      <symbol id="sm-418">
         <name>PRCMLPDSRestoreInfoSet</name>
         <value>0x2000dfb9</value>
         <object_component_ref idref="oc-227"/>
      </symbol>
      <symbol id="sm-419">
         <name>PRCMLPDSWakeUpGPIOSelect</name>
         <value>0x2000ea1d</value>
         <object_component_ref idref="oc-169"/>
      </symbol>
      <symbol id="sm-41a">
         <name>PRCMLPDSWakeupCauseGet</name>
         <value>0x2000f0af</value>
         <object_component_ref idref="oc-20a"/>
      </symbol>
      <symbol id="sm-41b">
         <name>PRCMLPDSWakeupSourceDisable</name>
         <value>0x2000edfb</value>
         <object_component_ref idref="oc-168"/>
      </symbol>
      <symbol id="sm-41c">
         <name>PRCMLPDSWakeupSourceEnable</name>
         <value>0x2000eb59</value>
         <object_component_ref idref="oc-167"/>
      </symbol>
      <symbol id="sm-41d">
         <name>PRCMPeripheralClkDisable</name>
         <value>0x2000ea47</value>
         <object_component_ref idref="oc-10e"/>
      </symbol>
      <symbol id="sm-41e">
         <name>PRCMPeripheralClkEnable</name>
         <value>0x2000dc71</value>
         <object_component_ref idref="oc-10c"/>
      </symbol>
      <symbol id="sm-41f">
         <name>PRCMPeripheralReset</name>
         <value>0x2000d9c1</value>
         <object_component_ref idref="oc-10d"/>
      </symbol>
      <symbol id="sm-420">
         <name>PRCMPeripheralStatusGet</name>
         <value>0x2000e12d</value>
         <object_component_ref idref="oc-1a1"/>
      </symbol>
      <symbol id="sm-421">
         <name>PRCMSRAMRetentionEnable</name>
         <value>0x2000ea99</value>
         <object_component_ref idref="oc-1fe"/>
      </symbol>
      <symbol id="sm-422">
         <name>PRCMSleepEnter</name>
         <value>0x2000f10f</value>
         <object_component_ref idref="oc-1c6"/>
      </symbol>
      <symbol id="sm-423">
         <name>PRCMSlowClkCtrFastGet</name>
         <value>0x2000e905</value>
         <object_component_ref idref="oc-1f5"/>
      </symbol>
      <symbol id="sm-424">
         <name>PRCMSysResetCauseGet</name>
         <value>0x2000d4b9</value>
         <object_component_ref idref="oc-105"/>
      </symbol>
      <symbol id="sm-442">
         <name>SysTickEnable</name>
         <value>0x2000efb9</value>
         <object_component_ref idref="oc-1c4"/>
      </symbol>
      <symbol id="sm-443">
         <name>SysTickIntDisable</name>
         <value>0x2000efcb</value>
         <object_component_ref idref="oc-1bb"/>
      </symbol>
      <symbol id="sm-444">
         <name>SysTickIntEnable</name>
         <value>0x2000efdd</value>
         <object_component_ref idref="oc-1c5"/>
      </symbol>
      <symbol id="sm-445">
         <name>SysTickPeriodSet</name>
         <value>0x2000ee8f</value>
         <object_component_ref idref="oc-1c3"/>
      </symbol>
      <symbol id="sm-484">
         <name>TimerControlStall</name>
         <value>0x2000e423</value>
         <object_component_ref idref="oc-1e0"/>
      </symbol>
      <symbol id="sm-485">
         <name>TimerDisable</name>
         <value>0x2000ecad</value>
         <object_component_ref idref="oc-1d9"/>
      </symbol>
      <symbol id="sm-486">
         <name>TimerEnable</name>
         <value>0x2000ee2f</value>
         <object_component_ref idref="oc-1e6"/>
      </symbol>
      <symbol id="sm-487">
         <name>TimerIntClear</name>
         <value>0x2000f065</value>
         <object_component_ref idref="oc-1e3"/>
      </symbol>
      <symbol id="sm-488">
         <name>TimerIntDisable</name>
         <value>0x2000eea5</value>
         <object_component_ref idref="oc-22f"/>
      </symbol>
      <symbol id="sm-489">
         <name>TimerIntEnable</name>
         <value>0x2000ef49</value>
         <object_component_ref idref="oc-1e4"/>
      </symbol>
      <symbol id="sm-48a">
         <name>TimerLoadSet</name>
         <value>0x2000e935</value>
         <object_component_ref idref="oc-1df"/>
      </symbol>
      <symbol id="sm-48b">
         <name>TimerPrescaleSet</name>
         <value>0x2000e965</value>
         <object_component_ref idref="oc-1de"/>
      </symbol>
      <symbol id="sm-498">
         <name>UtilsDelay</name>
         <value>0x2000f117</value>
         <object_component_ref idref="oc-106"/>
      </symbol>
      <symbol id="sm-4c5">
         <name>FlashDisable</name>
         <value>0x2000db5d</value>
         <object_component_ref idref="oc-229"/>
      </symbol>
      <symbol id="sm-4e5">
         <name>malloc</name>
         <value>0x2000f11f</value>
         <object_component_ref idref="oc-1a2"/>
      </symbol>
      <symbol id="sm-4e6">
         <name>aligned_alloc</name>
         <value>0x2000ccb5</value>
         <object_component_ref idref="oc-1e9"/>
      </symbol>
      <symbol id="sm-4e7">
         <name>free</name>
         <value>0x2000cdd5</value>
         <object_component_ref idref="oc-179"/>
      </symbol>
      <symbol id="sm-4e8">
         <name>_sys_memory</name>
         <value>0x20004040</value>
         <object_component_ref idref="oc-31"/>
      </symbol>
      <symbol id="sm-4e9">
         <name>memalign</name>
         <value>0x2000ccb5</value>
         <object_component_ref idref="oc-1e9"/>
      </symbol>
      <symbol id="sm-4f4">
         <name>_c_int00_noargs</name>
         <value>0x2000ebc5</value>
         <object_component_ref idref="oc-76"/>
      </symbol>
      <symbol id="sm-4f5">
         <name>__stack</name>
         <value>0x20003000</value>
         <object_component_ref idref="oc-16"/>
      </symbol>
      <symbol id="sm-501">
         <name>__TI_auto_init_nobinit_nopinit</name>
         <value>0x2000e6c9</value>
         <object_component_ref idref="oc-bf"/>
      </symbol>
      <symbol id="sm-509">
         <name>_system_pre_init</name>
         <value>0x2000f149</value>
         <object_component_ref idref="oc-8b"/>
      </symbol>
      <symbol id="sm-514">
         <name>__TI_zero_init_nomemset</name>
         <value>0x2000f001</value>
         <object_component_ref idref="oc-43"/>
      </symbol>
      <symbol id="sm-51d">
         <name>__TI_decompress_none</name>
         <value>0x2000f095</value>
         <object_component_ref idref="oc-1c"/>
      </symbol>
      <symbol id="sm-527">
         <name>__TI_decompress_lzss</name>
         <value>0x2000d7a1</value>
         <object_component_ref idref="oc-18"/>
      </symbol>
      <symbol id="sm-531">
         <name>abort</name>
         <value>0x2000f14d</value>
         <object_component_ref idref="oc-b8"/>
      </symbol>
      <symbol id="sm-532">
         <name>C$$EXIT</name>
         <value>0x2000f14c</value>
         <object_component_ref idref="oc-b8"/>
      </symbol>
      <symbol id="sm-53b">
         <name>_nop</name>
         <value>0x2000ddd3</value>
         <object_component_ref idref="oc-158"/>
      </symbol>
      <symbol id="sm-53c">
         <name>_lock</name>
         <value>0x2000f810</value>
         <object_component_ref idref="oc-fb"/>
      </symbol>
      <symbol id="sm-53d">
         <name>_unlock</name>
         <value>0x2000f814</value>
         <object_component_ref idref="oc-fe"/>
      </symbol>
      <symbol id="sm-544">
         <name>__aeabi_memcpy</name>
         <value>0x2000f145</value>
         <object_component_ref idref="oc-3c"/>
      </symbol>
      <symbol id="sm-545">
         <name>__aeabi_memcpy4</name>
         <value>0x2000f145</value>
         <object_component_ref idref="oc-3c"/>
      </symbol>
      <symbol id="sm-546">
         <name>__aeabi_memcpy8</name>
         <value>0x2000f145</value>
         <object_component_ref idref="oc-3c"/>
      </symbol>
      <symbol id="sm-54c">
         <name>__aeabi_uldivmod</name>
         <value>0x2000ef5d</value>
         <object_component_ref idref="oc-1b7"/>
      </symbol>
      <symbol id="sm-552">
         <name>__udivmoddi4</name>
         <value>0x2000d055</value>
         <object_component_ref idref="oc-1f6"/>
      </symbol>
      <symbol id="sm-55c">
         <name>__aeabi_ldiv0</name>
         <value>0x2000dccb</value>
         <object_component_ref idref="oc-21d"/>
      </symbol>
      <symbol id="sm-564">
         <name>TI_memcpy_small</name>
         <value>0x2000efef</value>
         <object_component_ref idref="oc-81"/>
      </symbol>
      <symbol id="sm-565">
         <name>__TI_static_base__</name>
         <value>0x2000feb0</value>
      </symbol>
      <symbol id="sm-568">
         <name>ITM_flush</name>
         <value>0x0</value>
      </symbol>
      <symbol id="sm-569">
         <name>ITM_restore</name>
         <value>0x0</value>
      </symbol>
      <symbol id="sm-56a">
         <name>__mpu_init</name>
         <value>0x0</value>
      </symbol>
      <symbol id="sm-56b">
         <name>_system_post_cinit</name>
         <value>0x0</value>
      </symbol>
   </symbol_table>
   <title>Link successful</title>
</link_info>
